Archive member included to satisfy reference by file (symbol)

G:\e_paper\TDX_BOE_E_PAPER_CH585\SRC\StdPeriphDriver\libISP585.a(ISP585.o)
                              ./StdPeriphDriver/CH58x_flash.o (FLASH_EEPROM_CMD)
G:\e_paper\TDX_BOE_E_PAPER_CH585\BLE\LIB\libCH58xBLE.a(message.o)
                              ./HAL/MCU.o (tmos_msg_deallocate)
G:\e_paper\TDX_BOE_E_PAPER_CH585\BLE\LIB\libCH58xBLE.a(tmos.o)
                              ./APP/central.o (tmos_rand)
G:\e_paper\TDX_BOE_E_PAPER_CH585\BLE\LIB\libCH58xBLE.a(tmos_hw.o)
                              G:\e_paper\TDX_BOE_E_PAPER_CH585\BLE\LIB\libCH58xBLE.a(tmos.o) (bleClock_t)
G:\e_paper\TDX_BOE_E_PAPER_CH585\BLE\LIB\libCH58xBLE.a(tmos_snv.o)
                              G:\e_paper\TDX_BOE_E_PAPER_CH585\BLE\LIB\libCH58xBLE.a(tmos.o) (tmos_snv_init)
G:\e_paper\TDX_BOE_E_PAPER_CH585\BLE\LIB\libCH58xBLE.a(gap.o)
                              ./APP/central.o (GAP_SetParamValue)
G:\e_paper\TDX_BOE_E_PAPER_CH585\BLE\LIB\libCH58xBLE.a(gap_central.o)
                              G:\e_paper\TDX_BOE_E_PAPER_CH585\BLE\LIB\libCH58xBLE.a(gap.o) (gapProcessPeriodicAdvertisingSyncEstablishedEvt)
G:\e_paper\TDX_BOE_E_PAPER_CH585\BLE\LIB\libCH58xBLE.a(gap_peripheral.o)
                              G:\e_paper\TDX_BOE_E_PAPER_CH585\BLE\LIB\libCH58xBLE.a(gap.o) (GAP_PeripheralParamInit)
G:\e_paper\TDX_BOE_E_PAPER_CH585\BLE\LIB\libCH58xBLE.a(gapgattserver.o)
                              ./APP/central.o (GGS_SetParameter)
G:\e_paper\TDX_BOE_E_PAPER_CH585\BLE\LIB\libCH58xBLE.a(gatt.o)
                              ./APP/central.o (GATT_ReadCharValue)
G:\e_paper\TDX_BOE_E_PAPER_CH585\BLE\LIB\libCH58xBLE.a(gatt_uuid.o)
                              G:\e_paper\TDX_BOE_E_PAPER_CH585\BLE\LIB\libCH58xBLE.a(gatt.o) (serviceChangedUUID)
G:\e_paper\TDX_BOE_E_PAPER_CH585\BLE\LIB\libCH58xBLE.a(gattclientapp.o)
                              G:\e_paper\TDX_BOE_E_PAPER_CH585\BLE\LIB\libCH58xBLE.a(gatt.o) (gattGetClientStatus)
G:\e_paper\TDX_BOE_E_PAPER_CH585\BLE\LIB\libCH58xBLE.a(gattservapp.o)
                              ./Profile/tdxinfoservice.o (GATTServApp_ReadCharCfg)
G:\e_paper\TDX_BOE_E_PAPER_CH585\BLE\LIB\libCH58xBLE.a(l2cap.o)
                              G:\e_paper\TDX_BOE_E_PAPER_CH585\BLE\LIB\libCH58xBLE.a(gatt.o) (L2CAP_GetMTU)
G:\e_paper\TDX_BOE_E_PAPER_CH585\BLE\LIB\libCH58xBLE.a(l2cap_input.o)
                              G:\e_paper\TDX_BOE_E_PAPER_CH585\BLE\LIB\libCH58xBLE.a(l2cap.o) (l2capProcessRxData)
G:\e_paper\TDX_BOE_E_PAPER_CH585\BLE\LIB\libCH58xBLE.a(l2cap_output.o)
                              G:\e_paper\TDX_BOE_E_PAPER_CH585\BLE\LIB\libCH58xBLE.a(l2cap_input.o) (l2capNotifyData)
G:\e_paper\TDX_BOE_E_PAPER_CH585\BLE\LIB\libCH58xBLE.a(l2cap_sdu.o)
                              G:\e_paper\TDX_BOE_E_PAPER_CH585\BLE\LIB\libCH58xBLE.a(l2cap_input.o) (l2capBuildDisconnectRsp)
G:\e_paper\TDX_BOE_E_PAPER_CH585\BLE\LIB\libCH58xBLE.a(linkdb.o)
                              G:\e_paper\TDX_BOE_E_PAPER_CH585\BLE\LIB\libCH58xBLE.a(l2cap.o) (linkDB_Init)
G:\e_paper\TDX_BOE_E_PAPER_CH585\BLE\LIB\libCH58xBLE.a(sm.o)
                              G:\e_paper\TDX_BOE_E_PAPER_CH585\BLE\LIB\libCH58xBLE.a(gap.o) (smFreePairingParams)
G:\e_paper\TDX_BOE_E_PAPER_CH585\BLE\LIB\libCH58xBLE.a(sm_initiator.o)
                              G:\e_paper\TDX_BOE_E_PAPER_CH585\BLE\LIB\libCH58xBLE.a(sm.o) (smInitiatorSendNextKeyInfo)
G:\e_paper\TDX_BOE_E_PAPER_CH585\BLE\LIB\libCH58xBLE.a(sm_pdu.o)
                              G:\e_paper\TDX_BOE_E_PAPER_CH585\BLE\LIB\libCH58xBLE.a(sm.o) (smpBuildPairingReq)
G:\e_paper\TDX_BOE_E_PAPER_CH585\BLE\LIB\libCH58xBLE.a(sm_responding.o)
                              G:\e_paper\TDX_BOE_E_PAPER_CH585\BLE\LIB\libCH58xBLE.a(sm.o) (smResponderSendNextKeyInfo)
G:\e_paper\TDX_BOE_E_PAPER_CH585\BLE\LIB\libCH58xBLE.a(sm_toolbox.o)
                              G:\e_paper\TDX_BOE_E_PAPER_CH585\BLE\LIB\libCH58xBLE.a(sm.o) (sm_ah)
G:\e_paper\TDX_BOE_E_PAPER_CH585\BLE\LIB\libCH58xBLE.a(host_input.o)
                              G:\e_paper\TDX_BOE_E_PAPER_CH585\BLE\LIB\libCH58xBLE.a(gap.o) (gBleHostPara)
G:\e_paper\TDX_BOE_E_PAPER_CH585\BLE\LIB\libCH58xBLE.a(host_output.o)
                              G:\e_paper\TDX_BOE_E_PAPER_CH585\BLE\LIB\libCH58xBLE.a(gap.o) (HCI_DisconnectCmd)
G:\e_paper\TDX_BOE_E_PAPER_CH585\BLE\LIB\libCH58xBLE.a(rf_fh.o)
                              G:\e_paper\TDX_BOE_E_PAPER_CH585\BLE\LIB\libCH58xBLE.a(tmos.o) (rfInfo)
G:\e_paper\TDX_BOE_E_PAPER_CH585\BLE\LIB\libCH58xBLE.a(ll.o)
                              G:\e_paper\TDX_BOE_E_PAPER_CH585\BLE\LIB\libCH58xBLE.a(tmos.o) (gBleLlPara)
G:\e_paper\TDX_BOE_E_PAPER_CH585\BLE\LIB\libCH58xBLE.a(ll_advertise.o)
                              G:\e_paper\TDX_BOE_E_PAPER_CH585\BLE\LIB\libCH58xBLE.a(ll.o) (LL_AdvertiseEventRegister)
G:\e_paper\TDX_BOE_E_PAPER_CH585\BLE\LIB\libCH58xBLE.a(ll_connect.o)
[...]
Memory Configuration

Name             Origin             Length             Attributes
FLASH            0x0000000000001000 0x0000000000036000 xr
RAM              0x0000000020000000 0x0000000000020000 xrw
*default*        0x0000000000000000 0xffffffffffffffff

Linker script and memory map

LOAD ./StdPeriphDriver/CH58x_adc.o
LOAD ./StdPeriphDriver/CH58x_clk.o
LOAD ./StdPeriphDriver/CH58x_flash.o
LOAD ./StdPeriphDriver/CH58x_gpio.o
LOAD ./StdPeriphDriver/CH58x_i2c.o
LOAD ./StdPeriphDriver/CH58x_pwm.o
LOAD ./StdPeriphDriver/CH58x_pwr.o
LOAD ./StdPeriphDriver/CH58x_spi0.o
LOAD ./StdPeriphDriver/CH58x_spi1.o
LOAD ./StdPeriphDriver/CH58x_sys.o
LOAD ./StdPeriphDriver/CH58x_timer0.o
LOAD ./StdPeriphDriver/CH58x_timer1.o
LOAD ./StdPeriphDriver/CH58x_timer2.o
LOAD ./StdPeriphDriver/CH58x_timer3.o
LOAD ./StdPeriphDriver/CH58x_uart0.o
LOAD ./StdPeriphDriver/CH58x_uart1.o
LOAD ./StdPeriphDriver/CH58x_uart2.o
LOAD ./StdPeriphDriver/CH58x_uart3.o
LOAD ./StdPeriphDriver/CH58x_usbdev.o
LOAD ./StdPeriphDriver/CH58x_usbhostBase.o
LOAD ./StdPeriphDriver/CH58x_usbhostClass.o
LOAD ./Startup/startup_CH585.o
LOAD ./SPI/spi.o
LOAD ./SPI/usb_serial.o
LOAD ./Profile/OTAprofile.o
LOAD ./Profile/aes.o
LOAD ./Profile/aes_util.o
LOAD ./Profile/base64.o
LOAD ./Profile/boardcast_data_op.o
LOAD ./Profile/boeinfoservice.o
LOAD ./Profile/xtinfoservice.o
LOAD ./Profile/tdxinfoservice.o
LOAD ./Profile/rledecode.o
LOAD ./Profile/util.o
LOAD ./Profile/gattprofile.o
LOAD ./LIB/ble_task_scheduler.o
LOAD ./HAL/MCU.o
LOAD ./HAL/RTC.o
LOAD ./HAL/SLEEP.o
LOAD ./APP/driver/flash/extern_flash.o
LOAD ./APP/driver/flash/inter_flash.o
LOAD ./APP/driver/epd/SPD1657_400_600_color6.o
LOAD ./APP/driver/epd/M009FT_1024_600_color6.o
LOAD ./APP/driver/epd/JD79665_800_480_color4.o
LOAD ./APP/driver/epd/JD79665CA_800_480_color4.o
LOAD ./APP/driver/epd/JD79668A_400_300_color4.o
LOAD ./APP/driver/epd/JD79686BB_800_480_color3.o
LOAD ./APP/driver/epd/SSD1677_960_640_color3.o
LOAD ./APP/driver/epd/SSD1683_272_792_color3.o
LOAD ./APP/driver/epd/SSD1863_400_300_color3.o
LOAD ./APP/driver/epd/UC8279_800_480_color3.o
LOAD ./APP/driver/epd/UC8276_400_300_color3.o
LOAD ./APP/driver/epd/SSD2683_400_300_color4.o
LOAD ./APP/driver/epd/UC8179_800_480_color2.o
LOAD ./APP/driver/epd/SSD1683A_272_792_color2.o
LOAD ./APP/driver/epd/JD79686BB_1360_480_color3.o
LOAD ./APP/driver/epd/JD79686AB_1360_480_color3.o
LOAD ./APP/driver/epd/JD79665_960_640_color4.o
LOAD ./APP/driver/epd/JD79665AA_1360_480_color4.o
LOAD ./APP/driver/epd/JD79665AA_1280_600_color4.o
LOAD ./APP/driver/epd/JD79686AC_1360_480_color3.o
LOAD ./APP/driver/epd/SSD2683ZA_272_792_color4.o
LOAD ./APP/driver/epd/UC8579_1360_480_color4.o
LOAD ./APP/driver/epd/UC8179_800_480_color3.o
LOAD ./APP/api/Display_EPD_W21_spi.o
LOAD ./APP/api/display_api.o
LOAD ./APP/api/epd_busy.o
LOAD ./APP/api/flash_api.o
LOAD ./APP/api/presave_api.o
LOAD ./APP/api/adc_api.o
LOAD ./APP/api/ch583_secure.o
LOAD ./APP/app_uart.o
LOAD ./APP/central.o
LOAD ./APP/peripheral.o
LOAD ./APP/peripheral_main.o
LOAD ./ADC/ADC.o
LOAD G:\e_paper\TDX_BOE_E_PAPER_CH585\SRC\StdPeriphDriver\libISP585.a
LOAD G:\e_paper\TDX_BOE_E_PAPER_CH585\BLE\BackupUpgrade_OTA\NFCA_LIB\libCH58x_NFCA.a
LOAD G:\e_paper\TDX_BOE_E_PAPER_CH585\BLE\LIB\libCH58xBLE.a
LOAD e:/e_paper_tool/mounriver/mounriver_studio/toolchain/risc-v embedded gcc12/bin/../lib/gcc/riscv-none-elf/12.2.0\libgcc.a
LOAD e:/e_paper_tool/mounriver/mounriver_studio/toolchain/risc-v embedded gcc12/bin/../lib/gcc/riscv-none-elf/12.2.0/../../../../riscv-none-elf/lib\libg_nano.a
LOAD e:/e_paper_tool/mounriver/mounriver_studio/toolchain/risc-v embedded gcc12/bin/../lib/gcc/riscv-none-elf/12.2.0/../../../../riscv-none-elf/lib\libc_nano.a
LOAD e:/e_paper_tool/mounriver/mounriver_studio/toolchain/risc-v embedded gcc12/bin/../lib/gcc/riscv-none-elf/12.2.0\libgcc.a
START GROUP
LOAD e:/e_paper_tool/mounriver/mounriver_studio/toolchain/risc-v embedded gcc12/bin/../lib/gcc/riscv-none-elf/12.2.0\libgcc.a
LOAD e:/e_paper_tool/mounriver/mounriver_studio/toolchain/risc-v embedded gcc12/bin/../lib/gcc/riscv-none-elf/12.2.0/../../../../riscv-none-elf/lib\libc_nano.a
LOAD e:/e_paper_tool/mounriver/mounriver_studio/toolchain/risc-v embedded gcc12/bin/../lib/gcc/riscv-none-elf/12.2.0/../../../../riscv-none-elf/lib\libnosys.a
END GROUP
START GROUP
LOAD e:/e_paper_tool/mounriver/mounriver_studio/toolchain/risc-v embedded gcc12/bin/../lib/gcc/riscv-none-elf/12.2.0\libgcc.a
LOAD e:/e_paper_tool/mounriver/mounriver_studio/toolchain/risc-v embedded gcc12/bin/../lib/gcc/riscv-none-elf/12.2.0/../../../../riscv-none-elf/lib\libc_nano.a
LOAD e:/e_paper_tool/mounriver/mounriver_studio/toolchain/risc-v embedded gcc12/bin/../lib/gcc/riscv-none-elf/12.2.0/../../../../riscv-none-elf/lib\libnosys.a
END GROUP

.init           0x0000000000001000        0x8
                0x0000000000001000                _sinit = .
                0x0000000000001000                . = ALIGN (0x4)
 *(SORT_NONE(.init))
 .init          0x0000000000001000        0x4 ./Startup/startup_CH585.o
                0x0000000000001000                _start
 *(.ImageFlag)
 .ImageFlag     0x0000000000001004        0x4 ./APP/peripheral_main.o
                0x0000000000001004                Image_Flag
 *(.ImageFlag.*)
                0x0000000000001008                . = ALIGN (0x4)
                0x0000000000001008                _einit = .

.highcode_initlalign
                0x0000000000001008        0x0
                0x0000000000001008                . = ALIGN (0x4)
                0x0000000000001008                PROVIDE (_highcode_init_lma = .)

.highcode_init  0x0000000020000000      0x210 load address 0x0000000000001008
                0x0000000020000000                PROVIDE (_highcode_init_vma_start = .)
                0x0000000020000000                . = ALIGN (0x400)
 *(.vector)
 .vector        0x0000000020000000       0xa0 ./Startup/startup_CH585.o
                0x0000000020000000                _vector_base
 *(SORT_NONE(.vector_handler))
 .vector_handler
                0x00000000200000a0        0x2 ./Startup/startup_CH585.o
                0x00000000200000a0                NFC_IRQHandler
                0x00000000200000a0                GPIOB_IRQHandler
                0x00000000200000a0                GPIOA_IRQHandler
                0x00000000200000a0                SysTick_Handler
                0x00000000200000a0                NMI_Handler
                0x00000000200000a0                UART1_IRQHandler
                0x00000000200000a0                UART0_IRQHandler
                0x00000000200000a0                BB_IRQHandler
                0x00000000200000a0                Break_Point_Handler
                0x00000000200000a0                TMR0_IRQHandler
                0x00000000200000a0                LED_IRQHandler
                0x00000000200000a0                UART2_IRQHandler
                0x00000000200000a0                ADC_IRQHandler
                0x00000000200000a0                TMR2_IRQHandler
                0x00000000200000a0                USB_IRQHandler
                0x00000000200000a0                I2C_IRQHandler
                0x00000000200000a0                WDOG_BAT_IRQHandler
                0x00000000200000a0                TMR3_IRQHandler
                0x00000000200000a0                SW_Handler
                0x00000000200000a0                SPI0_IRQHandler
                0x00000000200000a0                USB2_HOST_IRQHandler
                0x00000000200000a0                PWMX_SPI1_IRQHandler
                0x00000000200000a0                UART3_IRQHandler
                0x00000000200000a0                USB2_DEVICE_IRQHandler
                0x00000000200000a0                TMR1_IRQHandler
 *(.highcode_init)
 .highcode_init
                0x00000000200000a2       0xbc ./StdPeriphDriver/CH58x_sys.o
                0x00000000200000a2                highcode_init
 .highcode_init
                0x000000002000015e       0xb0 ./Startup/startup_CH585.o
 *(.highcode_init.*)
                0x0000000020000210                . = ALIGN (0x4)
 *fill*         0x000000002000020e        0x2 
                0x0000000020000210                PROVIDE (_highcode_init_vma_end = .)

.highcodelalign
                0x0000000000001218        0x0
                0x0000000000001218                . = ALIGN (0x4)
                0x0000000000001218                PROVIDE (_highcode_lma = .)

.highcode       0x0000000020000210     0x48bc load address 0x0000000000001218
                0x0000000020000210                . = ALIGN (0x4)
                0x0000000020000210                PROVIDE (_highcode_vma_start = .)
 *(.highcode)
 .highcode      0x0000000020000210       0x18 ./StdPeriphDriver/CH58x_clk.o
                0x0000000020000210                RTC_GetCycle32k
 .highcode      0x0000000020000228      0x8dc ./StdPeriphDriver/CH58x_pwr.o
                0x0000000020000228                LowPower_Idle
                0x0000000020000264                LowPower_Halt
                0x0000000020000466                LowPower_Sleep
                0x00000000200006fe                LowPower_Shutdown
                0x0000000020000858                LowPower_Halt_WFE
                0x0000000020000986                LowPower_Sleep_WFE
 .highcode      0x0000000020000b04      0x392 ./StdPeriphDriver/CH58x_sys.o
                0x0000000020000b04                MachineMode_Call_IRQ
                0x0000000020000b18                SetSysClock
                0x0000000020000ce8                MachineMode_Call
                0x0000000020000d50                SYS_ResetExecute
                0x0000000020000da8                SYS_DisableAllIrq
                0x0000000020000dc4                SYS_RecoverIrq
                0x0000000020000dd8                HardFault_Handler
                0x0000000020000e58                mDelayuS
                0x0000000020000e6e                mDelaymS
                0x0000000020000e8c                __wrap_memcpy
 *fill*         0x0000000020000e96        0x2 
 .highcode      0x0000000020000e98       0x4e ./LIB/ble_task_scheduler.o
                0x0000000020000e98                Ecall_U_Mode_Handler
                0x0000000020000e98                Ecall_M_Mode_Handler
 .highcode      0x0000000020000ee6       0x80 ./HAL/RTC.o
                0x0000000020000f0c                RTC_SetTignTime
                0x0000000020000f50                RTC_IRQHandler
 .highcode      0x0000000020000f66      0x172 ./HAL/SLEEP.o
                0x0000000020000f66                CH58x_LowPower
 .highcode      0x00000000200010d8       0x14 ./APP/peripheral_main.o
                0x00000000200010d8                Main_Circulation
 *(.highcode.*)
 *fill*         0x00000000200010ec        0x0 
 .highcode.LLE_IRQHandler
                0x00000000200010ec       0x86 ./LIB/ble_task_scheduler.o
                0x00000000200010ec                LLE_IRQHandler
 .highcode.FLASH_ROM_BEG
                0x0000000020001172       0x12 G:\e_paper\TDX_BOE_E_PAPER_CH585\SRC\StdPeriphDriver\libISP585.a(ISP585.o)
                0x0000000020001172                FLASH_ROM_BEG
 .highcode.FLASH_ROM_END
                0x0000000020001184        0xe G:\e_paper\TDX_BOE_E_PAPER_CH585\SRC\StdPeriphDriver\libISP585.a(ISP585.o)
                0x0000000020001184                FLASH_ROM_END
 .highcode.FLASH_ROM_IN
                0x0000000020001192        0xe G:\e_paper\TDX_BOE_E_PAPER_CH585\SRC\StdPeriphDriver\libISP585.a(ISP585.o)
                0x0000000020001192                FLASH_ROM_IN
 .highcode.FLASH_ROM_OUT
                0x00000000200011a0        0xe G:\e_paper\TDX_BOE_E_PAPER_CH585\SRC\StdPeriphDriver\libISP585.a(ISP585.o)
                0x00000000200011a0                FLASH_ROM_OUT
 .highcode.FLASH_ROM_ADDR
                0x00000000200011ae       0x48 G:\e_paper\TDX_BOE_E_PAPER_CH585\SRC\StdPeriphDriver\libISP585.a(ISP585.o)
                0x00000000200011ae                FLASH_ROM_ADDR
 .highcode.FLASH_ROM_WAIT
                0x00000000200011f6       0x38 G:\e_paper\TDX_BOE_E_PAPER_CH585\SRC\StdPeriphDriver\libISP585.a(ISP585.o)
                0x00000000200011f6                FLASH_ROM_WAIT
 .highcode.FLASH_EEPROM_CMD
                0x000000002000122e      0x318 G:\e_paper\TDX_BOE_E_PAPER_CH585\SRC\StdPeriphDriver\libISP585.a(ISP585.o)
                0x000000002000122e                FLASH_EEPROM_CMD
 .highcode.tmos_msg_enqueue
                0x0000000020001546       0x1a G:\e_paper\TDX_BOE_E_PAPER_CH585\BLE\LIB\libCH58xBLE.a(message.o)
                0x0000000020001546                tmos_msg_enqueue
 .highcode.tmos_msg_allocate
                0x0000000020001560       0x62 G:\e_paper\TDX_BOE_E_PAPER_CH585\BLE\LIB\libCH58xBLE.a(message.o)
                0x0000000020001560                tmos_msg_allocate
 .highcode.tmos_msg_receive
                0x00000000200015c2       0x90 G:\e_paper\TDX_BOE_E_PAPER_CH585\BLE\LIB\libCH58xBLE.a(message.o)
                0x00000000200015c2                tmos_msg_receive
 .highcode.tmos_memcpy
                0x0000000020001652       0x2c G:\e_paper\TDX_BOE_E_PAPER_CH585\BLE\LIB\libCH58xBLE.a(tmos.o)
                0x0000000020001652                tmos_memcpy
 .highcode.tmos_memcpy_word
                0x000000002000167e       0x3c G:\e_paper\TDX_BOE_E_PAPER_CH585\BLE\LIB\libCH58xBLE.a(tmos.o)
                0x000000002000167e                tmos_memcpy_word
 .highcode.tmos_memset
                0x00000000200016ba       0x32 G:\e_paper\TDX_BOE_E_PAPER_CH585\BLE\LIB\libCH58xBLE.a(tmos.o)
                0x00000000200016ba                tmos_memset
 .highcode.tmos_strlen
                0x00000000200016ec       0x30 G:\e_paper\TDX_BOE_E_PAPER_CH585\BLE\LIB\libCH58xBLE.a(tmos.o)
                0x00000000200016ec                tmos_strlen
 .highcode.tmos_memdup
                0x000000002000171c       0x50 G:\e_paper\TDX_BOE_E_PAPER_CH585\BLE\LIB\libCH58xBLE.a(tmos.o)
                0x000000002000171c                tmos_memdup
 .highcode.tmos_memcmp
                0x000000002000176c       0x4c G:\e_paper\TDX_BOE_E_PAPER_CH585\BLE\LIB\libCH58xBLE.a(tmos.o)
                0x000000002000176c                tmos_memcmp
 .highcode.tmos_revmemcpy
                0x00000000200017b8       0x36 G:\e_paper\TDX_BOE_E_PAPER_CH585\BLE\LIB\libCH58xBLE.a(tmos.o)
                0x00000000200017b8                tmos_revmemcpy
 .highcode.tmos_isbufset
                0x00000000200017ee       0x40 G:\e_paper\TDX_BOE_E_PAPER_CH585\BLE\LIB\libCH58xBLE.a(tmos.o)
                0x00000000200017ee                tmos_isbufset
 .highcode.tmos_proces_system_time
                0x000000002000182e      0x134 G:\e_paper\TDX_BOE_E_PAPER_CH585\BLE\LIB\libCH58xBLE.a(tmos.o)
 .highcode.tmos_proces_idle
                0x0000000020001962      0x172 G:\e_paper\TDX_BOE_E_PAPER_CH585\BLE\LIB\libCH58xBLE.a(tmos.o)
                0x0000000020001962                tmos_proces_idle
 .highcode.TMOS_SysRegister
                0x0000000020001ad4        0xe G:\e_paper\TDX_BOE_E_PAPER_CH585\BLE\LIB\libCH58xBLE.a(tmos.o)
                0x0000000020001ad4                TMOS_SysRegister
 .highcode.TMOS_ProcessRegister
                0x0000000020001ae2       0x26 G:\e_paper\TDX_BOE_E_PAPER_CH585\BLE\LIB\libCH58xBLE.a(tmos.o)
                0x0000000020001ae2                TMOS_ProcessRegister
 .highcode.ble_controller_func
                0x0000000020001b08       0x2a G:\e_paper\TDX_BOE_E_PAPER_CH585\BLE\LIB\libCH58xBLE.a(tmos.o)
                0x0000000020001b08                ble_controller_func
 .highcode.TMOS_SystemProcess
                0x0000000020001b32      0x17e G:\e_paper\TDX_BOE_E_PAPER_CH585\BLE\LIB\libCH58xBLE.a(tmos.o)
                0x0000000020001b32                TMOS_SystemProcess
 .highcode.clockGetHSEValue
                0x0000000020001cb0       0x30 G:\e_paper\TDX_BOE_E_PAPER_CH585\BLE\LIB\libCH58xBLE.a(tmos_hw.o)
 .highcode.TMOS_IrqProcessRegister
                0x0000000020001ce0        0x6 G:\e_paper\TDX_BOE_E_PAPER_CH585\BLE\LIB\libCH58xBLE.a(tmos_hw.o)
                0x0000000020001ce0                TMOS_IrqProcessRegister
 .highcode.ll_adv_legacy_ind_tx_process
                0x0000000020001ce6       0x72 G:\e_paper\TDX_BOE_E_PAPER_CH585\BLE\LIB\libCH58xBLE.a(ll_advertise.o)
 .highcode.ll_advertise_tx
                0x0000000020001d58      0x180 G:\e_paper\TDX_BOE_E_PAPER_CH585\BLE\LIB\libCH58xBLE.a(ll_advertise.o)
 .highcode.llAdvTraverseallChannel
                0x0000000020001ed8       0x30 G:\e_paper\TDX_BOE_E_PAPER_CH585\BLE\LIB\libCH58xBLE.a(ll_advertise.o)
 .highcode.ll_connect_send_data
                0x0000000020001f08       0xf8 G:\e_paper\TDX_BOE_E_PAPER_CH585\BLE\LIB\libCH58xBLE.a(ll_connect.o)
                0x0000000020001f08                ll_connect_send_data
 .highcode.ll_connect_recv_data
                0x0000000020002000       0xd0 G:\e_paper\TDX_BOE_E_PAPER_CH585\BLE\LIB\libCH58xBLE.a(ll_connect.o)
                0x0000000020002000                ll_connect_recv_data
 .highcode.ll_connect_event_continue
                0x00000000200020d0       0xc2 G:\e_paper\TDX_BOE_E_PAPER_CH585\BLE\LIB\libCH58xBLE.a(ll_connect.o)
                0x00000000200020d0                ll_connect_event_continue
 .highcode.ll_wait_connect_event
                0x0000000020002192        0xe G:\e_paper\TDX_BOE_E_PAPER_CH585\BLE\LIB\libCH58xBLE.a(ll_connect.o)
                0x0000000020002192                ll_wait_connect_event
 .highcode.ll_process_connect_event
                0x00000000200021a0       0x58 G:\e_paper\TDX_BOE_E_PAPER_CH585\BLE\LIB\libCH58xBLE.a(ll_connect.o)
                0x00000000200021a0                ll_process_connect_event
 .highcode.llProcessConnectEvent
                0x00000000200021f8       0xce G:\e_paper\TDX_BOE_E_PAPER_CH585\BLE\LIB\libCH58xBLE.a(ll_connect.o)
 .highcode.LL_HopGetChannel
                0x00000000200022c6       0xa4 G:\e_paper\TDX_BOE_E_PAPER_CH585\BLE\LIB\libCH58xBLE.a(ll_hop.o)
                0x00000000200022c6                LL_HopGetChannel
 .highcode.LL_HopGetChannel2
                0x000000002000236a      0x270 G:\e_paper\TDX_BOE_E_PAPER_CH585\BLE\LIB\libCH58xBLE.a(ll_hop.o)
                0x000000002000236a                LL_HopGetChannel2
 .highcode.LL_PeriodicHopGetChannel2
                0x00000000200025da      0x270 G:\e_paper\TDX_BOE_E_PAPER_CH585\BLE\LIB\libCH58xBLE.a(ll_hop.o)
                0x00000000200025da                LL_PeriodicHopGetChannel2
 .highcode.ll_resolvinglist_checkRPA
                0x000000002000284a       0x7c G:\e_paper\TDX_BOE_E_PAPER_CH585\BLE\LIB\libCH58xBLE.a(ll_resolvinglist.o)
                0x000000002000284a                ll_resolvinglist_checkRPA
 .highcode.LL_ResolvinglistPeerIdentifyAddressGetIrk
                0x00000000200028c6       0x4c G:\e_paper\TDX_BOE_E_PAPER_CH585\BLE\LIB\libCH58xBLE.a(ll_resolvinglist.o)
                0x00000000200028c6                LL_ResolvinglistPeerIdentifyAddressGetIrk
 .highcode.LL_ResolvinglistPeerRpaAddressGetIrk
                0x0000000020002912       0x38 G:\e_paper\TDX_BOE_E_PAPER_CH585\BLE\LIB\libCH58xBLE.a(ll_resolvinglist.o)
                0x0000000020002912                LL_ResolvinglistPeerRpaAddressGetIrk
 .highcode.LL_ResolvinglistLocalRpaAddressGetIrk
                0x000000002000294a       0x38 G:\e_paper\TDX_BOE_E_PAPER_CH585\BLE\LIB\libCH58xBLE.a(ll_resolvinglist.o)
                0x000000002000294a                LL_ResolvinglistLocalRpaAddressGetIrk
 .highcode.ll_scan_duplicate_filter
                0x0000000020002982       0x9a G:\e_paper\TDX_BOE_E_PAPER_CH585\BLE\LIB\libCH58xBLE.a(ll_scan.o)
                0x0000000020002982                ll_scan_duplicate_filter
 .highcode.LL_WhitelistLookup
                0x0000000020002a1c       0x46 G:\e_paper\TDX_BOE_E_PAPER_CH585\BLE\LIB\libCH58xBLE.a(ll_whitelist.o)
                0x0000000020002a1c                LL_WhitelistLookup
 *fill*         0x0000000020002a62        0x2 
 .highcode.ble_controller_scheduler
                0x0000000020002a64        0xa G:\e_paper\TDX_BOE_E_PAPER_CH585\BLE\LIB\libCH58xBLE.a(ble_task_process.o)
 *fill*         0x0000000020002a6e        0x2 
 .highcode.LLE_IRQLibHandler
                0x0000000020002a70       0x36 G:\e_paper\TDX_BOE_E_PAPER_CH585\BLE\LIB\libCH58xBLE.a(ble_task_process.o)
                0x0000000020002a70                LLE_IRQLibHandler
 .highcode.BB_IRQLibHandler
                0x0000000020002aa6       0xe0 G:\e_paper\TDX_BOE_E_PAPER_CH585\BLE\LIB\libCH58xBLE.a(bb.o)
                0x0000000020002aa6                BB_IRQLibHandler
 .highcode.BB_IRQLibFunction
                0x0000000020002b86        0x6 G:\e_paper\TDX_BOE_E_PAPER_CH585\BLE\LIB\libCH58xBLE.a(bb.o)
                0x0000000020002b86                BB_IRQLibFunction
 .highcode.lleIrqHandler
                0x0000000020002b8c      0x12e G:\e_paper\TDX_BOE_E_PAPER_CH585\BLE\LIB\libCH58xBLE.a(ip.o)
 .highcode.ll_rx_wait_finish
                0x0000000020002cba       0x26 G:\e_paper\TDX_BOE_E_PAPER_CH585\BLE\LIB\libCH58xBLE.a(ip.o)
                0x0000000020002cba                ll_rx_wait_finish
 .highcode.ble_ll_chkcrc
                0x0000000020002ce0       0x9e G:\e_paper\TDX_BOE_E_PAPER_CH585\BLE\LIB\libCH58xBLE.a(ip.o)
                0x0000000020002ce0                ble_ll_chkcrc
 .highcode.BLE_SetPHYTxMode
                0x0000000020002d7e       0xaa G:\e_paper\TDX_BOE_E_PAPER_CH585\BLE\LIB\libCH58xBLE.a(ip.o)
                0x0000000020002d7e                BLE_SetPHYTxMode
 .highcode.ll_tx_wait_finish
                0x0000000020002e28      0x196 G:\e_paper\TDX_BOE_E_PAPER_CH585\BLE\LIB\libCH58xBLE.a(ip.o)
                0x0000000020002e28                ll_tx_wait_finish
 .highcode.BLE_SetPHYRxMode
                0x0000000020002fbe       0x88 G:\e_paper\TDX_BOE_E_PAPER_CH585\BLE\LIB\libCH58xBLE.a(ip.o)
                0x0000000020002fbe                BLE_SetPHYRxMode
 .highcode.LLE_IRQSubHandler
                0x0000000020003046       0x18 G:\e_paper\TDX_BOE_E_PAPER_CH585\BLE\LIB\libCH58xBLE.a(lle.o)
                0x0000000020003046                LLE_IRQSubHandler
 .highcode.RFEND_WaitTune
                0x000000002000305e       0x2a G:\e_paper\TDX_BOE_E_PAPER_CH585\BLE\LIB\libCH58xBLE.a(rfend.o)
                0x000000002000305e                RFEND_WaitTune
 .highcode.tmos_memory_allocate
                0x0000000020003088       0xc6 G:\e_paper\TDX_BOE_E_PAPER_CH585\BLE\LIB\libCH58xBLE.a(memory.o)
                0x0000000020003088                tmos_memory_allocate
 .highcode.tmos_memory_free
                0x000000002000314e       0xc4 G:\e_paper\TDX_BOE_E_PAPER_CH585\BLE\LIB\libCH58xBLE.a(memory.o)
                0x000000002000314e                tmos_memory_free
 .highcode.tmos_bm_adjust_header
                0x0000000020003212       0x30 G:\e_paper\TDX_BOE_E_PAPER_CH585\BLE\LIB\libCH58xBLE.a(memory.o)
                0x0000000020003212                tmos_bm_adjust_header
 .highcode.llProcessPeriEvent
                0x0000000020003242      0x11c G:\e_paper\TDX_BOE_E_PAPER_CH585\BLE\LIB\libCH58xBLE.a(ll_periodic .o)
 .highcode.llPeriPawrRx
                0x000000002000335e      0x22a G:\e_paper\TDX_BOE_E_PAPER_CH585\BLE\LIB\libCH58xBLE.a(ll_periodic .o)
 *(.highcode_lp)
 .highcode_lp   0x0000000020003588      0x2ba G:\e_paper\TDX_BOE_E_PAPER_CH585\BLE\LIB\libCH58xBLE.a(tmos.o)
                0x0000000020003588                TMOS_CB_ProcessEvent
                0x00000000200035ea                TMOS_CB_PeriodicProcessEvent
                0x0000000020003668                tmosFindTask
                0x0000000020003682                tmos_start_periodic_callback_task
                0x0000000020003782                tmos_set_event
                0x00000000200037c8                tmos_update_periodic_callback_timer
 .highcode_lp   0x0000000020003842       0x2e G:\e_paper\TDX_BOE_E_PAPER_CH585\BLE\LIB\libCH58xBLE.a(gattclientapp.o)
                0x0000000020003842                gattFindClientInfo
 .highcode_lp   0x0000000020003870       0x6a G:\e_paper\TDX_BOE_E_PAPER_CH585\BLE\LIB\libCH58xBLE.a(gattservapp.o)
                0x0000000020003870                gattFindServerInfo
                0x0000000020003894                GATT_FindHandle
 .highcode_lp   0x00000000200038da       0x2e G:\e_paper\TDX_BOE_E_PAPER_CH585\BLE\LIB\libCH58xBLE.a(linkdb.o)
                0x00000000200038da                linkDB_Find
 .highcode_lp   0x0000000020003908      0x99c G:\e_paper\TDX_BOE_E_PAPER_CH585\BLE\LIB\libCH58xBLE.a(ll_advertise.o)
                0x0000000020003908                ll_advertise_event_closed
                0x0000000020003aba                ll_advertise_generated_pdu
                0x0000000020003eae                ll_adv_ext_ind_tx_process
 .highcode_lp   0x00000000200042a4      0x60c G:\e_paper\TDX_BOE_E_PAPER_CH585\BLE\LIB\libCH58xBLE.a(ll_connect.o)
                0x00000000200042a4                ll_connect_start_event
                0x000000002000465c                ll_get_connect_anchorPoint
 .highcode_lp   0x00000000200048b0      0x21c G:\e_paper\TDX_BOE_E_PAPER_CH585\BLE\LIB\libCH58xBLE.a(ip.o)
                0x00000000200048b0                BLE_CheckChannel
                0x000000002000497e                ble_ll_hw_api_shut
                0x00000000200049f8                phy_status_clear
 *(.highcode_lp.*)
                0x0000000020004acc                . = ALIGN (0x4)
 *fill*         0x0000000020004acc        0x0 
                0x0000000020004acc                PROVIDE (_highcode_vma_end = .)

.text           0x0000000000005ad4    0x30b18
                0x0000000000005ad4                . = ALIGN (0x4)
 *(SORT_NONE(.handle_reset))
 .handle_reset  0x0000000000005ad4       0x46 ./Startup/startup_CH585.o
                0x0000000000005ad4                handle_reset
 *(.text)
 .text          0x0000000000005b1a       0x16 e:/e_paper_tool/mounriver/mounriver_studio/toolchain/risc-v embedded gcc12/bin/../lib/gcc/riscv-none-elf/12.2.0/../../../../riscv-none-elf/lib\libg_nano.a(lib_a-memcpy-asm.o)
                0x0000000000005b1a                memcpy
 .text          0x0000000000005b30       0x10 e:/e_paper_tool/mounriver/mounriver_studio/toolchain/risc-v embedded gcc12/bin/../lib/gcc/riscv-none-elf/12.2.0/../../../../riscv-none-elf/lib\libg_nano.a(lib_a-memset.o)
                0x0000000000005b30                memset
 *(.text.*)
 .text.ADC_DataCalib_Rough
                0x0000000000005b40       0x92 ./StdPeriphDriver/CH58x_adc.o
                0x0000000000005b40                ADC_DataCalib_Rough
 .text.ADC_ExtSingleChSampInit
                0x0000000000005bd2       0x3c ./StdPeriphDriver/CH58x_adc.o
                0x0000000000005bd2                ADC_ExtSingleChSampInit
 .text.ADC_InterTSSampInit
                0x0000000000005c0e       0x34 ./StdPeriphDriver/CH58x_adc.o
                0x0000000000005c0e                ADC_InterTSSampInit
 .text.ADC_ExcutSingleConver
                0x0000000000005c42       0x32 ./StdPeriphDriver/CH58x_adc.o
                0x0000000000005c42                ADC_ExcutSingleConver
 .text.HSECFG_Current
                0x0000000000005c74       0x4e ./StdPeriphDriver/CH58x_clk.o
                0x0000000000005c74                HSECFG_Current
 .text.LSECFG_Current
                0x0000000000005cc2       0x4e ./StdPeriphDriver/CH58x_clk.o
                0x0000000000005cc2                LSECFG_Current
 .text.RTC_InitTime
                0x0000000000005d10      0x1e8 ./StdPeriphDriver/CH58x_clk.o
                0x0000000000005d10                RTC_InitTime
 .text.Calibration_LSI
                0x0000000000005ef8      0x8fe ./StdPeriphDriver/CH58x_clk.o
                0x0000000000005ef8                Calibration_LSI
 .text.RTC_TMRFunCfg
                0x00000000000067f6       0x84 ./StdPeriphDriver/CH58x_clk.o
                0x00000000000067f6                RTC_TMRFunCfg
 .text.RTC_TRIGFunCfg
                0x000000000000687a       0x6e ./StdPeriphDriver/CH58x_clk.o
                0x000000000000687a                RTC_TRIGFunCfg
 .text.GPIOA_ModeCfg
                0x00000000000068e8       0x9e ./StdPeriphDriver/CH58x_gpio.o
                0x00000000000068e8                GPIOA_ModeCfg
 .text.GPIOB_ModeCfg
                0x0000000000006986       0x9e ./StdPeriphDriver/CH58x_gpio.o
                0x0000000000006986                GPIOB_ModeCfg
 .text.GPIOPinRemap
                0x0000000000006a24       0x1a ./StdPeriphDriver/CH58x_gpio.o
                0x0000000000006a24                GPIOPinRemap
 .text.PWR_DCDCCfg
                0x0000000000006a3e      0x120 ./StdPeriphDriver/CH58x_pwr.o
                0x0000000000006a3e                PWR_DCDCCfg
 .text.SPI0_DataMode
                0x0000000000006b5e       0x68 ./StdPeriphDriver/CH58x_spi0.o
                0x0000000000006b5e                SPI0_DataMode
 .text.SPI0_MasterSendByte
                0x0000000000006bc6       0x2a ./StdPeriphDriver/CH58x_spi0.o
                0x0000000000006bc6                SPI0_MasterSendByte
 .text.SPI1_MasterDefInit
                0x0000000000006bf0       0x26 ./StdPeriphDriver/CH58x_spi1.o
                0x0000000000006bf0                SPI1_MasterDefInit
 .text.SPI1_DataMode
                0x0000000000006c16       0x68 ./StdPeriphDriver/CH58x_spi1.o
                0x0000000000006c16                SPI1_DataMode
 .text.SPI1_MasterSendByte
                0x0000000000006c7e       0x2a ./StdPeriphDriver/CH58x_spi1.o
                0x0000000000006c7e                SPI1_MasterSendByte
 .text.SPI1_MasterRecvByte
                0x0000000000006ca8       0x2a ./StdPeriphDriver/CH58x_spi1.o
                0x0000000000006ca8                SPI1_MasterRecvByte
 .text.GetSysClock
                0x0000000000006cd2       0x80 ./StdPeriphDriver/CH58x_sys.o
                0x0000000000006cd2                GetSysClock
 .text.SYS_GetSysTickCnt
                0x0000000000006d52        0x8 ./StdPeriphDriver/CH58x_sys.o
                0x0000000000006d52                SYS_GetSysTickCnt
 .text.WWDG_ResetCfg
                0x0000000000006d5a       0x58 ./StdPeriphDriver/CH58x_sys.o
                0x0000000000006d5a                WWDG_ResetCfg
 .text.WWDG_ClearFlag
                0x0000000000006db2       0x4a ./StdPeriphDriver/CH58x_sys.o
                0x0000000000006db2                WWDG_ClearFlag
 .text._write   0x0000000000006dfc       0x28 ./StdPeriphDriver/CH58x_sys.o
                0x0000000000006dfc                _write
 .text._sbrk    0x0000000000006e24       0x2c ./StdPeriphDriver/CH58x_sys.o
                0x0000000000006e24                _sbrk
 .text.UART0_BaudRateCfg
                0x0000000000006e50       0x30 ./StdPeriphDriver/CH58x_uart0.o
                0x0000000000006e50                UART0_BaudRateCfg
 .text.UART0_DefInit
                0x0000000000006e80       0x32 ./StdPeriphDriver/CH58x_uart0.o
                0x0000000000006e80                UART0_DefInit
 .text.hex_dump
                0x0000000000006eb2       0x66 ./SPI/spi.o
                0x0000000000006eb2                hex_dump
 .text.delay_ms
                0x0000000000006f18        0x8 ./SPI/spi.o
                0x0000000000006f18                delay_ms
 .text.Spi_Write_1byte
                0x0000000000006f20       0x2e ./SPI/spi.o
                0x0000000000006f20                Spi_Write_1byte
 .text.SPI0_MasterDefInit_output
                0x0000000000006f4e       0x3e ./SPI/spi.o
                0x0000000000006f4e                SPI0_MasterDefInit_output
 .text.Set_Spi0_output_init
                0x0000000000006f8c       0x22 ./SPI/spi.o
                0x0000000000006f8c                Set_Spi0_output_init
 .text.OTAProfile_WriteAttrCB
                0x0000000000006fae       0x84 ./Profile/OTAprofile.o
 .text.OTAProfile_ReadAttrCB
                0x0000000000007032       0x70 ./Profile/OTAprofile.o
 .text.OTAProfile_AddService
                0x00000000000070a2       0x20 ./Profile/OTAprofile.o
                0x00000000000070a2                OTAProfile_AddService
 .text.OTAProfile_RegisterAppCBs
                0x00000000000070c2        0xe ./Profile/OTAprofile.o
                0x00000000000070c2                OTAProfile_RegisterAppCBs
 .text.OTAProfile_SendData
                0x00000000000070d0       0x28 ./Profile/OTAprofile.o
                0x00000000000070d0                OTAProfile_SendData
 .text.SubWord  0x00000000000070f8       0x62 ./Profile/aes.o
                0x00000000000070f8                SubWord
 .text.aes_key_setup
                0x000000000000715a       0xf4 ./Profile/aes.o
                0x000000000000715a                aes_key_setup
 .text.AddRoundKey
                0x000000000000724e       0xda ./Profile/aes.o
                0x000000000000724e                AddRoundKey
 .text.InvSubBytes
                0x0000000000007328      0x18a ./Profile/aes.o
                0x0000000000007328                InvSubBytes
 .text.InvShiftRows
                0x00000000000074b2       0x62 ./Profile/aes.o
                0x00000000000074b2                InvShiftRows
 .text.InvMixColumns
                0x0000000000007514      0x28c ./Profile/aes.o
                0x0000000000007514                InvMixColumns
 .text.aes_decrypt
                0x00000000000077a0      0x25e ./Profile/aes.o
                0x00000000000077a0                aes_decrypt
 .text.decrypt_ecb
                0x00000000000079fe       0xdc ./Profile/aes_util.o
                0x00000000000079fe                decrypt_ecb
 .text.verifyUserId
                0x0000000000007ada       0x36 ./Profile/tdxinfoservice.o
 .text.TdxInfo_HandleConnStatusCB
                0x0000000000007b10       0x64 ./Profile/tdxinfoservice.o
 .text.CustomerInfo_AddService
                0x0000000000007b74       0x64 ./Profile/tdxinfoservice.o
                0x0000000000007b74                CustomerInfo_AddService
 .text.ble_send_tdxInfo
                0x0000000000007bd8       0x84 ./Profile/tdxinfoservice.o
                0x0000000000007bd8                ble_send_tdxInfo
 .text.notitySendFunc.part.0
                0x0000000000007c5c       0xe8 ./Profile/tdxinfoservice.o
 .text.intBoardCastData
                0x0000000000007d44      0x24a ./Profile/tdxinfoservice.o
                0x0000000000007d44                intBoardCastData
 .text.P_scanBondRspData
                0x0000000000007f8e        0xe ./Profile/tdxinfoservice.o
                0x0000000000007f8e                P_scanBondRspData
 .text.DataCallBack
                0x0000000000007f9c       0x84 ./Profile/tdxinfoservice.o
                0x0000000000007f9c                DataCallBack
 .text.P_scanModeRspData
                0x0000000000008020       0x52 ./Profile/tdxinfoservice.o
                0x0000000000008020                P_scanModeRspData
 .text.P_scanAdcRspData
                0x0000000000008072       0x20 ./Profile/tdxinfoservice.o
                0x0000000000008072                P_scanAdcRspData
 .text.P_scanPreNumRspData
                0x0000000000008092        0x2 ./Profile/tdxinfoservice.o
                0x0000000000008092                P_scanPreNumRspData
 .text.P_scanIsChargeRspData
                0x0000000000008094       0x38 ./Profile/tdxinfoservice.o
                0x0000000000008094                P_scanIsChargeRspData
 .text.receiveGapBroadcastAdData
                0x00000000000080cc      0x3d8 ./Profile/tdxinfoservice.o
                0x00000000000080cc                receiveGapBroadcastAdData
 .text.processGapBroadcastAdData
                0x00000000000084a4      0x128 ./Profile/tdxinfoservice.o
                0x00000000000084a4                processGapBroadcastAdData
 .text.TdxInfo_ClearDisplayBusyProtect
                0x00000000000085cc        0xe ./Profile/tdxinfoservice.o
                0x00000000000085cc                TdxInfo_ClearDisplayBusyProtect
 .text.getPresaveImageIndex
                0x00000000000085da       0x66 ./Profile/tdxinfoservice.o
                0x00000000000085da                getPresaveImageIndex
 .text.InitFirstPackage
                0x0000000000008640      0x116 ./Profile/tdxinfoservice.o
                0x0000000000008640                InitFirstPackage
 .text.notitySendEnd
                0x0000000000008756       0x62 ./Profile/tdxinfoservice.o
                0x0000000000008756                notitySendEnd
 .text.tdxInfo_ReadAttrCB
                0x00000000000087b8       0xaa ./Profile/tdxinfoservice.o
 .text.InitOtherPackage
                0x0000000000008862      0x14c ./Profile/tdxinfoservice.o
                0x0000000000008862                InitOtherPackage
 .text.notifyDeviceBound
                0x00000000000089ae       0x78 ./Profile/tdxinfoservice.o
                0x00000000000089ae                notifyDeviceBound
 .text.tdxInfo_WriteAttrCB
                0x0000000000008a26      0x7a0 ./Profile/tdxinfoservice.o
 .text.onByteAnalyzed
                0x00000000000091c6       0x2e ./Profile/rledecode.o
                0x00000000000091c6                onByteAnalyzed
 .text.onBytesAnalyzed
                0x00000000000091f4       0x66 ./Profile/rledecode.o
                0x00000000000091f4                onBytesAnalyzed
 .text.checkIfPieceComplete
                0x000000000000925a       0xf4 ./Profile/rledecode.o
                0x000000000000925a                checkIfPieceComplete
 .text.checkBit
                0x000000000000934e       0x5e ./Profile/rledecode.o
                0x000000000000934e                checkBit
 .text.feed     0x00000000000093ac       0x76 ./Profile/rledecode.o
                0x00000000000093ac                feed
 .text.wind_up  0x0000000000009422       0x36 ./Profile/rledecode.o
                0x0000000000009422                wind_up
 .text.reverse  0x0000000000009458       0x24 ./Profile/rledecode.o
                0x0000000000009458                reverse
 .text.rle_reverse_decrypt
                0x000000000000947c       0xfc ./Profile/rledecode.o
                0x000000000000947c                rle_reverse_decrypt
 .text.hexToChar
                0x0000000000009578       0x1a ./Profile/util.o
                0x0000000000009578                hexToChar
 .text.convert_number
                0x0000000000009592       0x4c ./Profile/util.o
                0x0000000000009592                convert_number
 .text.getAdcAndWorkMode
                0x00000000000095de       0x24 ./Profile/util.o
                0x00000000000095de                getAdcAndWorkMode
 .text.reverseMac
                0x0000000000009602       0x22 ./Profile/util.o
                0x0000000000009602                reverseMac
 .text.reverseData
                0x0000000000009624       0x26 ./Profile/util.o
                0x0000000000009624                reverseData
 .text.simpleProfile_WriteAttrCB
                0x000000000000964a       0x98 ./Profile/gattprofile.o
 .text.simpleProfile_ReadAttrCB
                0x00000000000096e2       0x90 ./Profile/gattprofile.o
 .text.simpleProfile_HandleConnStatusCB
                0x0000000000009772       0x3e ./Profile/gattprofile.o
 .text.SimpleProfile_AddService
                0x00000000000097b0       0x4c ./Profile/gattprofile.o
                0x00000000000097b0                SimpleProfile_AddService
 .text.SimpleProfile_RegisterAppCBs
                0x00000000000097fc        0xe ./Profile/gattprofile.o
                0x00000000000097fc                SimpleProfile_RegisterAppCBs
 .text.SimpleProfile_SetParameter
                0x000000000000980a       0x8c ./Profile/gattprofile.o
                0x000000000000980a                SimpleProfile_SetParameter
 .text.SimpleProfile_GetParameter
                0x0000000000009896       0x58 ./Profile/gattprofile.o
                0x0000000000009896                SimpleProfile_GetParameter
 .text.Lib_Calibration_LSI
                0x00000000000098ee        0x6 ./HAL/MCU.o
                0x00000000000098ee                Lib_Calibration_LSI
 .text.Lib_Read_Flash
                0x00000000000098f4       0x1c ./HAL/MCU.o
                0x00000000000098f4                Lib_Read_Flash
 .text.HAL_GetInterTempValue
                0x0000000000009910       0x72 ./HAL/MCU.o
                0x0000000000009910                HAL_GetInterTempValue
 .text.HAL_ProcessEvent
                0x0000000000009982       0x72 ./HAL/MCU.o
                0x0000000000009982                HAL_ProcessEvent
 .text.Lib_Write_Flash_584X
                0x00000000000099f4       0x82 ./HAL/MCU.o
                0x00000000000099f4                Lib_Write_Flash_584X
 .text.Lib_Write_Flash
                0x0000000000009a76       0x62 ./HAL/MCU.o
                0x0000000000009a76                Lib_Write_Flash
 .text.CH58x_BLEInit
                0x0000000000009ad8      0x140 ./HAL/MCU.o
                0x0000000000009ad8                CH58x_BLEInit
 .text.HAL_Init
                0x0000000000009c18       0x36 ./HAL/MCU.o
                0x0000000000009c18                HAL_Init
 .text.HAL_TimeInit
                0x0000000000009c4e       0xd8 ./HAL/RTC.o
                0x0000000000009c4e                HAL_TimeInit
 .text.HAL_SleepInit
                0x0000000000009d26       0x8a ./HAL/SLEEP.o
                0x0000000000009d26                HAL_SleepInit
 .text.Set_Spi1_output_init
                0x0000000000009db0       0x22 ./APP/driver/flash/extern_flash.o
                0x0000000000009db0                Set_Spi1_output_init
 .text.SPI_FLASH_WriteEnable
                0x0000000000009dd2       0x2a ./APP/driver/flash/extern_flash.o
                0x0000000000009dd2                SPI_FLASH_WriteEnable
 .text.SPI_Flash_ReadStatusRegister
                0x0000000000009dfc       0x2e ./APP/driver/flash/extern_flash.o
                0x0000000000009dfc                SPI_Flash_ReadStatusRegister
 .text.SPI_FLASH_ReadManuID_DeviceID
                0x0000000000009e2a       0x8a ./APP/driver/flash/extern_flash.o
                0x0000000000009e2a                SPI_FLASH_ReadManuID_DeviceID
 .text.SPI_FLASH_WaitForWriteEnd
                0x0000000000009eb4       0x4e ./APP/driver/flash/extern_flash.o
                0x0000000000009eb4                SPI_FLASH_WaitForWriteEnd
 .text.SPI_FLASH_SectorErase
                0x0000000000009f02       0x58 ./APP/driver/flash/extern_flash.o
                0x0000000000009f02                SPI_FLASH_SectorErase
 .text.TDX_SPI_FLASH_E_4096Bytes
                0x0000000000009f5a       0x2a ./APP/driver/flash/extern_flash.o
                0x0000000000009f5a                TDX_SPI_FLASH_E_4096Bytes
 .text.TDX_SPI_FLASH_W_256Bytes
                0x0000000000009f84       0x6c ./APP/driver/flash/extern_flash.o
                0x0000000000009f84                TDX_SPI_FLASH_W_256Bytes
 .text.TDX_SPI_FLASH_Read_256Bytes
                0x0000000000009ff0       0x72 ./APP/driver/flash/extern_flash.o
                0x0000000000009ff0                TDX_SPI_FLASH_Read_256Bytes
 .text.Start_Flash_power
                0x000000000000a062       0x2c ./APP/driver/flash/extern_flash.o
                0x000000000000a062                Start_Flash_power
 .text.initExternFlashDriver
                0x000000000000a08e       0x26 ./APP/driver/flash/extern_flash.o
                0x000000000000a08e                initExternFlashDriver
 .text.deInitExternFlashDriver
                0x000000000000a0b4       0x16 ./APP/driver/flash/extern_flash.o
                0x000000000000a0b4                deInitExternFlashDriver
 .text.read256DataFromExternFlash
                0x000000000000a0ca        0xa ./APP/driver/flash/extern_flash.o
                0x000000000000a0ca                read256DataFromExternFlash
 .text.save256DataToExternFlashTmp
                0x000000000000a0d4       0xa2 ./APP/driver/flash/extern_flash.o
                0x000000000000a0d4                save256DataToExternFlashTmp
 .text.save256DataToExternFlash
                0x000000000000a176       0x92 ./APP/driver/flash/extern_flash.o
                0x000000000000a176                save256DataToExternFlash
 .text.eraseExternFLashData
                0x000000000000a208        0x4 ./APP/driver/flash/extern_flash.o
                0x000000000000a208                eraseExternFLashData
 .text.EPD_Driver_GetBusyConfig
                0x000000000000a20c       0x30 ./APP/driver/epd/SPD1657_400_600_color6.o
                0x000000000000a20c                EPD_Driver_GetBusyConfig
 .text.EPD_Check_Busy
                0x000000000000a23c       0x3a ./APP/driver/epd/SPD1657_400_600_color6.o
                0x000000000000a23c                EPD_Check_Busy
 .text.Init_EPD_Driver
                0x000000000000a276      0x12c ./APP/driver/epd/SPD1657_400_600_color6.o
                0x000000000000a276                Init_EPD_Driver
 .text.Display_EPD_Driver
                0x000000000000a3a2       0x38 ./APP/driver/epd/SPD1657_400_600_color6.o
                0x000000000000a3a2                Display_EPD_Driver
 .text.Init_display_Red
                0x000000000000a3da       0x2a ./APP/driver/epd/SPD1657_400_600_color6.o
                0x000000000000a3da                Init_display_Red
 .text.EPD_Display_Time
                0x000000000000a404        0x6 ./APP/driver/epd/SPD1657_400_600_color6.o
                0x000000000000a404                EPD_Display_Time
 .text.EPD_GetDisplayMaxBuf
                0x000000000000a40a        0xa ./APP/driver/epd/SPD1657_400_600_color6.o
                0x000000000000a40a                EPD_GetDisplayMaxBuf
 .text.EPD_GetScreenType
                0x000000000000a414        0x6 ./APP/driver/epd/SPD1657_400_600_color6.o
                0x000000000000a414                EPD_GetScreenType
 .text.EPD_W21_WriteCMD
                0x000000000000a41a       0x20 ./APP/api/Display_EPD_W21_spi.o
                0x000000000000a41a                EPD_W21_WriteCMD
 .text.EPD_W21_WriteDATA
                0x000000000000a43a       0x20 ./APP/api/Display_EPD_W21_spi.o
                0x000000000000a43a                EPD_W21_WriteDATA
 .text.EPD_W21_Reset_Spi2_AB
                0x000000000000a45a       0x4a ./APP/api/display_api.o
                0x000000000000a45a                EPD_W21_Reset_Spi2_AB
 .text.EPD_Control_A_Or_B
                0x000000000000a4a4       0xcc ./APP/api/display_api.o
                0x000000000000a4a4                EPD_Control_A_Or_B
 .text.EPD_W21_Reset
                0x000000000000a570        0x4 ./APP/api/display_api.o
                0x000000000000a570                EPD_W21_Reset
 .text.DeviceInit
                0x000000000000a574       0x3e ./APP/api/display_api.o
                0x000000000000a574                DeviceInit
 .text.ControlEPDPower
                0x000000000000a5b2       0x3a ./APP/api/display_api.o
                0x000000000000a5b2                ControlEPDPower
 .text.DevicePower
                0x000000000000a5ec       0x3a ./APP/api/display_api.o
                0x000000000000a5ec                DevicePower
 .text.Display_EPD_AB
                0x000000000000a626       0x8e ./APP/api/display_api.o
                0x000000000000a626                Display_EPD_AB
 .text.CovertColorData
                0x000000000000a6b4       0x14 ./APP/api/display_api.o
                0x000000000000a6b4                CovertColorData
 .text.PIC_Display_Compress_Data
                0x000000000000a6c8       0xe0 ./APP/api/display_api.o
                0x000000000000a6c8                PIC_Display_Compress_Data
 .text.Display_Picture_To_Color
                0x000000000000a7a8       0xe8 ./APP/api/display_api.o
                0x000000000000a7a8                Display_Picture_To_Color
 .text.ImgDataCallBack
                0x000000000000a890       0x1e ./APP/api/display_api.o
                0x000000000000a890                ImgDataCallBack
 .text.data_decrypt
                0x000000000000a8ae       0x24 ./APP/api/display_api.o
                0x000000000000a8ae                data_decrypt
 .text.cleanDisplayColor
                0x000000000000a8d2       0x40 ./APP/api/display_api.o
                0x000000000000a8d2                cleanDisplayColor
 .text.getRefreshScreenTime
                0x000000000000a912        0x4 ./APP/api/display_api.o
                0x000000000000a912                getRefreshScreenTime
 .text.refreshScreenColor
                0x000000000000a916        0xc ./APP/api/display_api.o
                0x000000000000a916                refreshScreenColor
 .text.EPD_Busy_ModeInputPullup.isra.0
                0x000000000000a922       0x20 ./APP/api/epd_busy.o
 .text.EPD_Busy_LoadConfig
                0x000000000000a942       0x4e ./APP/api/epd_busy.o
 .text.EPD_Busy_GetStatusByTarget
                0x000000000000a990      0x108 ./APP/api/epd_busy.o
 .text.EPD_Busy_PrepareObserve
                0x000000000000aa98       0x34 ./APP/api/epd_busy.o
                0x000000000000aa98                EPD_Busy_PrepareObserve
 .text.EPD_Busy_GetCurrentTargetSides
                0x000000000000aacc       0x3e ./APP/api/epd_busy.o
                0x000000000000aacc                EPD_Busy_GetCurrentTargetSides
 .text.EPD_Busy_GetLowPowerTargetSides
                0x000000000000ab0a       0x3e ./APP/api/epd_busy.o
                0x000000000000ab0a                EPD_Busy_GetLowPowerTargetSides
 .text.EPD_Busy_GetStatus
                0x000000000000ab48       0x1a ./APP/api/epd_busy.o
                0x000000000000ab48                EPD_Busy_GetStatus
 .text.EPD_Busy_WaitCurrent
                0x000000000000ab62      0x180 ./APP/api/epd_busy.o
                0x000000000000ab62                EPD_Busy_WaitCurrent
 .text.InitFlashDriver
                0x000000000000ace2        0x4 ./APP/api/flash_api.o
                0x000000000000ace2                InitFlashDriver
 .text.DeInitFlashDriver
                0x000000000000ace6        0x4 ./APP/api/flash_api.o
                0x000000000000ace6                DeInitFlashDriver
 .text.Save256DataToFlash
                0x000000000000acea       0x12 ./APP/api/flash_api.o
                0x000000000000acea                Save256DataToFlash
 .text.Read256DataFromFlash
                0x000000000000acfc        0x4 ./APP/api/flash_api.o
                0x000000000000acfc                Read256DataFromFlash
 .text.getFlashMaxGroup
                0x000000000000ad00        0x4 ./APP/api/flash_api.o
                0x000000000000ad00                getFlashMaxGroup
 .text.EraseSaveBlock
                0x000000000000ad04       0x98 ./APP/api/flash_api.o
                0x000000000000ad04                EraseSaveBlock
 .text.checkRoomHaveData
                0x000000000000ad9c       0x58 ./APP/api/presave_api.o
                0x000000000000ad9c                checkRoomHaveData
 .text.getPicSaveIndex
                0x000000000000adf4       0xa2 ./APP/api/presave_api.o
                0x000000000000adf4                getPicSaveIndex
 .text.getPicCurIndex
                0x000000000000ae96       0x6c ./APP/api/presave_api.o
                0x000000000000ae96                getPicCurIndex
 .text.getPicSaveNum
                0x000000000000af02       0x5a ./APP/api/presave_api.o
                0x000000000000af02                getPicSaveNum
 .text.clearBoardcastData
                0x000000000000af5c       0x3c ./APP/api/presave_api.o
                0x000000000000af5c                clearBoardcastData
 .text.initPicSave
                0x000000000000af98      0x174 ./APP/api/presave_api.o
                0x000000000000af98                initPicSave
 .text.cleanPresaveScreen
                0x000000000000b10c      0x12a ./APP/api/presave_api.o
                0x000000000000b10c                cleanPresaveScreen
 .text.setWorkMode
                0x000000000000b236       0x82 ./APP/api/presave_api.o
                0x000000000000b236                setWorkMode
 .text.preSaveDisplayColor
                0x000000000000b2b8      0x110 ./APP/api/presave_api.o
                0x000000000000b2b8                preSaveDisplayColor
 .text.SetLedStatus.part.0
                0x000000000000b3c8       0x24 ./APP/api/adc_api.o
 .text.SetLedStatus
                0x000000000000b3ec       0x7c ./APP/api/adc_api.o
 .text.GetCurrentAdcValue
                0x000000000000b468       0x2a ./APP/api/adc_api.o
                0x000000000000b468                GetCurrentAdcValue
 .text.GetCurrentChargeStatus
                0x000000000000b492        0xe ./APP/api/adc_api.o
                0x000000000000b492                GetCurrentChargeStatus
 .text.GetNeedTimeToFull
                0x000000000000b4a0       0x50 ./APP/api/adc_api.o
                0x000000000000b4a0                GetNeedTimeToFull
 .text.AdcInit  0x000000000000b4f0       0xaa ./APP/api/adc_api.o
                0x000000000000b4f0                AdcInit
 .text.AdcTask  0x000000000000b59a      0x228 ./APP/api/adc_api.o
                0x000000000000b59a                AdcTask
 .text.key_decrypt
                0x000000000000b7c2       0x48 ./APP/api/ch583_secure.o
                0x000000000000b7c2                key_decrypt
 .text.get_aes_key
                0x000000000000b80a       0x16 ./APP/api/ch583_secure.o
                0x000000000000b80a                get_aes_key
 .text.write_key_to_epprom
                0x000000000000b820       0x92 ./APP/api/ch583_secure.o
                0x000000000000b820                write_key_to_epprom
 .text.is_illegal_device
                0x000000000000b8b2       0xf2 ./APP/api/ch583_secure.o
                0x000000000000b8b2                is_illegal_device
 .text.centralHciMTUChangeCB
                0x000000000000b9a4       0x3c ./APP/central.o
 .text.centralRssiCB
                0x000000000000b9e0       0x36 ./APP/central.o
 .text.centralPasscodeCB
                0x000000000000ba16       0x5c ./APP/central.o
 .text.Central_ProcessEvent
                0x000000000000ba72      0x2a6 ./APP/central.o
                0x000000000000ba72                Central_ProcessEvent
 .text.centralPairStateCB
                0x000000000000bd18       0xba ./APP/central.o
 .text.centralEventCB
                0x000000000000bdd2       0xa6 ./APP/central.o
 .text.Central_Init
                0x000000000000be78       0xd6 ./APP/central.o
                0x000000000000be78                Central_Init
 .text.Stop_Central_Scan
                0x000000000000bf4e        0x4 ./APP/central.o
                0x000000000000bf4e                Stop_Central_Scan
 .text.Start_Central_Scan
                0x000000000000bf52        0xa ./APP/central.o
                0x000000000000bf52                Start_Central_Scan
 .text.peripheralRssiCB
                0x000000000000bf5c       0x3a ./APP/peripheral.o
 .text.OTA_IAPReadDataComplete
                0x000000000000bf96       0x30 ./APP/peripheral.o
                0x000000000000bf96                OTA_IAPReadDataComplete
 .text.peripheralStateNotificationCB
                0x000000000000bfc6      0x268 ./APP/peripheral.o
 .text.simpleProfileChangeCB
                0x000000000000c22e       0x3e ./APP/peripheral.o
 .text.peripheralParamUpdateCB
                0x000000000000c26c       0x8a ./APP/peripheral.o
 .text.Save_Key_EEPROM_Flag
                0x000000000000c2f6      0x104 ./APP/peripheral.o
                0x000000000000c2f6                Save_Key_EEPROM_Flag
 .text.Get_Key_EEPROM_Flag
                0x000000000000c3fa      0x11a ./APP/peripheral.o
                0x000000000000c3fa                Get_Key_EEPROM_Flag
 .text.Save_EEPROM_Flag
                0x000000000000c514       0x84 ./APP/peripheral.o
                0x000000000000c514                Save_EEPROM_Flag
 .text.Get_EEPROM_Flag
                0x000000000000c598       0x50 ./APP/peripheral.o
                0x000000000000c598                Get_EEPROM_Flag
 .text.saveCommonImageZip
                0x000000000000c5e8       0x44 ./APP/peripheral.o
                0x000000000000c5e8                saveCommonImageZip
 .text.getCommonImageZip
                0x000000000000c62c       0x3c ./APP/peripheral.o
                0x000000000000c62c                getCommonImageZip
 .text.setFirstBootFlag
                0x000000000000c668       0x1a ./APP/peripheral.o
                0x000000000000c668                setFirstBootFlag
 .text.getFirstBootFlag
                0x000000000000c682       0x1a ./APP/peripheral.o
                0x000000000000c682                getFirstBootFlag
 .text.setUserId
                0x000000000000c69c       0x36 ./APP/peripheral.o
                0x000000000000c69c                setUserId
 .text.getUserId
                0x000000000000c6d2       0x32 ./APP/peripheral.o
                0x000000000000c6d2                getUserId
 .text.clearUserId
                0x000000000000c704       0x18 ./APP/peripheral.o
                0x000000000000c704                clearUserId
 .text.saveLastRefreshInfo
                0x000000000000c71c      0x134 ./APP/peripheral.o
                0x000000000000c71c                saveLastRefreshInfo
 .text.getRefreshTimerStatus
                0x000000000000c850       0x50 ./APP/peripheral.o
                0x000000000000c850                getRefreshTimerStatus
 .text.getLastRefreshInfo
                0x000000000000c8a0      0x128 ./APP/peripheral.o
                0x000000000000c8a0                getLastRefreshInfo
 .text.Stop_advertising
                0x000000000000c9c8       0x1c ./APP/peripheral.o
                0x000000000000c9c8                Stop_advertising
 .text.Start_advertising
                0x000000000000c9e4       0x1e ./APP/peripheral.o
                0x000000000000c9e4                Start_advertising
 .text.Peripheral_Init
                0x000000000000ca02      0x19c ./APP/peripheral.o
                0x000000000000ca02                Peripheral_Init
 .text.OTA_IAP_SendData
                0x000000000000cb9e        0xa ./APP/peripheral.o
                0x000000000000cb9e                OTA_IAP_SendData
 .text.OTA_IAP_SendCMDDealSta
                0x000000000000cba8       0x1a ./APP/peripheral.o
                0x000000000000cba8                OTA_IAP_SendCMDDealSta
 .text.Peripheral_ProcessEvent
                0x000000000000cbc2      0x1b6 ./APP/peripheral.o
                0x000000000000cbc2                Peripheral_ProcessEvent
 .text.OTA_IAP_CMDErrDeal
                0x000000000000cd78        0x8 ./APP/peripheral.o
                0x000000000000cd78                OTA_IAP_CMDErrDeal
 .text.SwitchImageFlag
                0x000000000000cd80       0x5c ./APP/peripheral.o
                0x000000000000cd80                SwitchImageFlag
 .text.DisableAllIRQ
                0x000000000000cddc        0xa ./APP/peripheral.o
                0x000000000000cddc                DisableAllIRQ
 .text.Rec_OTA_IAP_DataDeal
                0x000000000000cde6      0x432 ./APP/peripheral.o
                0x000000000000cde6                Rec_OTA_IAP_DataDeal
 .text.Rec_OTA_Data
                0x000000000000d218       0x26 ./APP/peripheral.o
                0x000000000000d218                Rec_OTA_Data
 .text.OTA_IAPWriteData
                0x000000000000d23e       0x86 ./APP/peripheral.o
                0x000000000000d23e                OTA_IAPWriteData
 .text.ScheduleNextRefreshTimerSegment
                0x000000000000d2c4       0x2c ./APP/peripheral_main.o
 .text.low_power_IIO_New
                0x000000000000d2f0       0xa2 ./APP/peripheral_main.o
                0x000000000000d2f0                low_power_IIO_New
 .text.Disable_GPIO_IRQ
                0x000000000000d392       0x12 ./APP/peripheral_main.o
                0x000000000000d392                Disable_GPIO_IRQ
 .text.Init_GPIO
                0x000000000000d3a4       0x94 ./APP/peripheral_main.o
                0x000000000000d3a4                Init_GPIO
 .text.Save_LastRefresh_Info_To_Flash
                0x000000000000d438       0xdc ./APP/peripheral_main.o
                0x000000000000d438                Save_LastRefresh_Info_To_Flash
 .text.Low_Power_RTC
                0x000000000000d514      0x1fe ./APP/peripheral_main.o
                0x000000000000d514                Low_Power_RTC
 .text.Low_power_IDLE
                0x000000000000d712      0x1f8 ./APP/peripheral_main.o
                0x000000000000d712                Low_power_IDLE
 .text.Low_power
                0x000000000000d90a       0x7e ./APP/peripheral_main.o
                0x000000000000d90a                Low_power
 .text.Main_Event
                0x000000000000d988      0x49e ./APP/peripheral_main.o
                0x000000000000d988                Main_Event
 .text.CharToHex
                0x000000000000de26       0x2a ./APP/peripheral_main.o
                0x000000000000de26                CharToHex
 .text.Mac_To_Ascii
                0x000000000000de50       0x52 ./APP/peripheral_main.o
                0x000000000000de50                Mac_To_Ascii
 .text.Init_FirstBootLastRefresh
                0x000000000000dea2       0x34 ./APP/peripheral_main.o
                0x000000000000dea2                Init_FirstBootLastRefresh
 .text.Start_LastRefresh
                0x000000000000ded6       0x40 ./APP/peripheral_main.o
                0x000000000000ded6                Start_LastRefresh
 .text.startup.main
                0x000000000000df16      0x1a8 ./APP/peripheral_main.o
                0x000000000000df16                main
 .text.ADC      0x000000000000e0be      0x140 ./ADC/ADC.o
                0x000000000000e0be                ADC
 .text.tmos_msg_extract
                0x000000000000e1fe       0x1e G:\e_paper\TDX_BOE_E_PAPER_CH585\BLE\LIB\libCH58xBLE.a(message.o)
                0x000000000000e1fe                tmos_msg_extract
 .text.tmos_msg_deallocate
                0x000000000000e21c       0x52 G:\e_paper\TDX_BOE_E_PAPER_CH585\BLE\LIB\libCH58xBLE.a(message.o)
                0x000000000000e21c                tmos_msg_deallocate
 .text.tmos_msg_send
                0x000000000000e26e       0x9e G:\e_paper\TDX_BOE_E_PAPER_CH585\BLE\LIB\libCH58xBLE.a(message.o)
                0x000000000000e26e                tmos_msg_send
 .text.tmos_msg_init
                0x000000000000e30c        0x6 G:\e_paper\TDX_BOE_E_PAPER_CH585\BLE\LIB\libCH58xBLE.a(message.o)
                0x000000000000e30c                tmos_msg_init
 .text.tmos_rand
                0x000000000000e312       0x66 G:\e_paper\TDX_BOE_E_PAPER_CH585\BLE\LIB\libCH58xBLE.a(tmos.o)
                0x000000000000e312                tmos_rand
 .text.tmos_clear_event
                0x000000000000e378       0x40 G:\e_paper\TDX_BOE_E_PAPER_CH585\BLE\LIB\libCH58xBLE.a(tmos.o)
                0x000000000000e378                tmos_clear_event
 .text.tmos_update_callback_timer
                0x000000000000e3b8       0xd8 G:\e_paper\TDX_BOE_E_PAPER_CH585\BLE\LIB\libCH58xBLE.a(tmos.o)
                0x000000000000e3b8                tmos_update_callback_timer
 .text.tmos_start_task
                0x000000000000e490      0x14c G:\e_paper\TDX_BOE_E_PAPER_CH585\BLE\LIB\libCH58xBLE.a(tmos.o)
                0x000000000000e490                tmos_start_task
 .text.tmos_start_callback_task
                0x000000000000e5dc       0xc0 G:\e_paper\TDX_BOE_E_PAPER_CH585\BLE\LIB\libCH58xBLE.a(tmos.o)
                0x000000000000e5dc                tmos_start_callback_task
 .text.tmos_start_reload_task
                0x000000000000e69c       0x82 G:\e_paper\TDX_BOE_E_PAPER_CH585\BLE\LIB\libCH58xBLE.a(tmos.o)
                0x000000000000e69c                tmos_start_reload_task
 .text.tmos_stop_task
                0x000000000000e71e       0x96 G:\e_paper\TDX_BOE_E_PAPER_CH585\BLE\LIB\libCH58xBLE.a(tmos.o)
                0x000000000000e71e                tmos_stop_task
 .text.tmos_stop_callback_task
                0x000000000000e7b4       0x7e G:\e_paper\TDX_BOE_E_PAPER_CH585\BLE\LIB\libCH58xBLE.a(tmos.o)
                0x000000000000e7b4                tmos_stop_callback_task
 .text.tmos_get_task_timer
                0x000000000000e832       0x7e G:\e_paper\TDX_BOE_E_PAPER_CH585\BLE\LIB\libCH58xBLE.a(tmos.o)
                0x000000000000e832                tmos_get_task_timer
 .text.TMOS_TimerRegister
                0x000000000000e8b0       0x1a G:\e_paper\TDX_BOE_E_PAPER_CH585\BLE\LIB\libCH58xBLE.a(tmos.o)
                0x000000000000e8b0                TMOS_TimerRegister
 .text.TMOS_Init
                0x000000000000e8ca      0x10c G:\e_paper\TDX_BOE_E_PAPER_CH585\BLE\LIB\libCH58xBLE.a(tmos.o)
                0x000000000000e8ca                TMOS_Init
 .text.TMOS_ProcessEventRegister
                0x000000000000e9d6       0x2a G:\e_paper\TDX_BOE_E_PAPER_CH585\BLE\LIB\libCH58xBLE.a(tmos.o)
                0x000000000000e9d6                TMOS_ProcessEventRegister
 .text.BLE_LibInit
                0x000000000000ea00       0xf6 G:\e_paper\TDX_BOE_E_PAPER_CH585\BLE\LIB\libCH58xBLE.a(tmos.o)
                0x000000000000ea00                BLE_LibInit
 .text.clockGetTickValve
                0x000000000000eaf6       0x80 G:\e_paper\TDX_BOE_E_PAPER_CH585\BLE\LIB\libCH58xBLE.a(tmos_hw.o)
 .text.ll_get_sca_divisor
                0x000000000000eb76       0x40 G:\e_paper\TDX_BOE_E_PAPER_CH585\BLE\LIB\libCH58xBLE.a(tmos_hw.o)
                0x000000000000eb76                ll_get_sca_divisor
 .text.ll_get_sca_own
                0x000000000000ebb6       0x46 G:\e_paper\TDX_BOE_E_PAPER_CH585\BLE\LIB\libCH58xBLE.a(tmos_hw.o)
                0x000000000000ebb6                ll_get_sca_own
 .text.ble_ll_common_rand8
                0x000000000000ebfc       0x28 G:\e_paper\TDX_BOE_E_PAPER_CH585\BLE\LIB\libCH58xBLE.a(tmos_hw.o)
                0x000000000000ebfc                ble_ll_common_rand8
 .text.ble_ll_common_rand16
                0x000000000000ec24       0x28 G:\e_paper\TDX_BOE_E_PAPER_CH585\BLE\LIB\libCH58xBLE.a(tmos_hw.o)
                0x000000000000ec24                ble_ll_common_rand16
 .text.ble_ll_common_rand32
                0x000000000000ec4c       0x22 G:\e_paper\TDX_BOE_E_PAPER_CH585\BLE\LIB\libCH58xBLE.a(tmos_hw.o)
                0x000000000000ec4c                ble_ll_common_rand32
 .text.TMOS_TempSample
                0x000000000000ec6e       0x5c G:\e_paper\TDX_BOE_E_PAPER_CH585\BLE\LIB\libCH58xBLE.a(tmos_hw.o)
                0x000000000000ec6e                TMOS_TempSample
 .text.TMOS_TimerInit
                0x000000000000ecca       0xe2 G:\e_paper\TDX_BOE_E_PAPER_CH585\BLE\LIB\libCH58xBLE.a(tmos_hw.o)
                0x000000000000ecca                TMOS_TimerInit
 .text.tmos_snv_init
                0x000000000000edac       0xa6 G:\e_paper\TDX_BOE_E_PAPER_CH585\BLE\LIB\libCH58xBLE.a(tmos_snv.o)
                0x000000000000edac                tmos_snv_init
 .text.tmos_snv_read
                0x000000000000ee52      0x20e G:\e_paper\TDX_BOE_E_PAPER_CH585\BLE\LIB\libCH58xBLE.a(tmos_snv.o)
                0x000000000000ee52                tmos_snv_read
 .text.tmos_snv_notify
                0x000000000000f060       0x54 G:\e_paper\TDX_BOE_E_PAPER_CH585\BLE\LIB\libCH58xBLE.a(tmos_snv.o)
                0x000000000000f060                tmos_snv_notify
 .text.tmos_snv_write
                0x000000000000f0b4      0x25e G:\e_paper\TDX_BOE_E_PAPER_CH585\BLE\LIB\libCH58xBLE.a(tmos_snv.o)
                0x000000000000f0b4                tmos_snv_write
 .text.tmos_snv_compact
                0x000000000000f312        0x4 G:\e_paper\TDX_BOE_E_PAPER_CH585\BLE\LIB\libCH58xBLE.a(tmos_snv.o)
                0x000000000000f312                tmos_snv_compact
 .text.disconnectNext
                0x000000000000f316       0x20 G:\e_paper\TDX_BOE_E_PAPER_CH585\BLE\LIB\libCH58xBLE.a(gap.o)
 .text.GAP_ParamInit
                0x000000000000f336       0xec G:\e_paper\TDX_BOE_E_PAPER_CH585\BLE\LIB\libCH58xBLE.a(gap.o)
                0x000000000000f336                GAP_ParamInit
 .text.sendTerminateEvent
                0x000000000000f422       0x62 G:\e_paper\TDX_BOE_E_PAPER_CH585\BLE\LIB\libCH58xBLE.a(gap.o)
                0x000000000000f422                sendTerminateEvent
 .text.gapRegisterCentral
                0x000000000000f484        0x6 G:\e_paper\TDX_BOE_E_PAPER_CH585\BLE\LIB\libCH58xBLE.a(gap.o)
                0x000000000000f484                gapRegisterCentral
 .text.gapRegisterCentralConn
                0x000000000000f48a        0x6 G:\e_paper\TDX_BOE_E_PAPER_CH585\BLE\LIB\libCH58xBLE.a(gap.o)
                0x000000000000f48a                gapRegisterCentralConn
 .text.gapRegisterPeripheral
                0x000000000000f490        0x6 G:\e_paper\TDX_BOE_E_PAPER_CH585\BLE\LIB\libCH58xBLE.a(gap.o)
                0x000000000000f490                gapRegisterPeripheral
 .text.gapRegisterPeripheralConn
                0x000000000000f496        0x6 G:\e_paper\TDX_BOE_E_PAPER_CH585\BLE\LIB\libCH58xBLE.a(gap.o)
                0x000000000000f496                gapRegisterPeripheralConn
 .text.smGenerateRandBuf
                0x000000000000f49c       0x54 G:\e_paper\TDX_BOE_E_PAPER_CH585\BLE\LIB\libCH58xBLE.a(gap.o)
                0x000000000000f49c                smGenerateRandBuf
 .text.gapL2capConnParamUpdateReq
                0x000000000000f4f0       0x34 G:\e_paper\TDX_BOE_E_PAPER_CH585\BLE\LIB\libCH58xBLE.a(gap.o)
                0x000000000000f4f0                gapL2capConnParamUpdateReq
 .text.gapValidADType
                0x000000000000f524       0x16 G:\e_paper\TDX_BOE_E_PAPER_CH585\BLE\LIB\libCH58xBLE.a(gap.o)
                0x000000000000f524                gapValidADType
 .text.gapFindADType
                0x000000000000f53a       0x8c G:\e_paper\TDX_BOE_E_PAPER_CH585\BLE\LIB\libCH58xBLE.a(gap.o)
                0x000000000000f53a                gapFindADType
 .text.GAP_SecParamsInit
                0x000000000000f5c6       0x9a G:\e_paper\TDX_BOE_E_PAPER_CH585\BLE\LIB\libCH58xBLE.a(gap.o)
                0x000000000000f5c6                GAP_SecParamsInit
 .text.GAP_ParamsInit
                0x000000000000f660       0x54 G:\e_paper\TDX_BOE_E_PAPER_CH585\BLE\LIB\libCH58xBLE.a(gap.o)
                0x000000000000f660                GAP_ParamsInit
 .text.gapAddAddrAdj
                0x000000000000f6b4       0x3a G:\e_paper\TDX_BOE_E_PAPER_CH585\BLE\LIB\libCH58xBLE.a(gap.o)
                0x000000000000f6b4                gapAddAddrAdj
 .text.gapDetermineAddrType
                0x000000000000f6ee       0x26 G:\e_paper\TDX_BOE_E_PAPER_CH585\BLE\LIB\libCH58xBLE.a(gap.o)
                0x000000000000f6ee                gapDetermineAddrType
 .text.gapFreeAuthLink
                0x000000000000f714       0x4a G:\e_paper\TDX_BOE_E_PAPER_CH585\BLE\LIB\libCH58xBLE.a(gap.o)
                0x000000000000f714                gapFreeAuthLink
 .text.gapGetDevAddress
                0x000000000000f75e       0x24 G:\e_paper\TDX_BOE_E_PAPER_CH585\BLE\LIB\libCH58xBLE.a(gap.o)
                0x000000000000f75e                gapGetDevAddress
 .text.gapGetDevAddressMode
                0x000000000000f782        0xa G:\e_paper\TDX_BOE_E_PAPER_CH585\BLE\LIB\libCH58xBLE.a(gap.o)
                0x000000000000f782                gapGetDevAddressMode
 .text.gapGetIRK
                0x000000000000f78c        0xa G:\e_paper\TDX_BOE_E_PAPER_CH585\BLE\LIB\libCH58xBLE.a(gap.o)
                0x000000000000f78c                gapGetIRK
 .text.gapGetSRK
                0x000000000000f796        0xa G:\e_paper\TDX_BOE_E_PAPER_CH585\BLE\LIB\libCH58xBLE.a(gap.o)
                0x000000000000f796                gapGetSRK
 .text.gapGetSignCounter
                0x000000000000f7a0        0xc G:\e_paper\TDX_BOE_E_PAPER_CH585\BLE\LIB\libCH58xBLE.a(gap.o)
                0x000000000000f7a0                gapGetSignCounter
 .text.gapIncSignCounter
                0x000000000000f7ac       0x26 G:\e_paper\TDX_BOE_E_PAPER_CH585\BLE\LIB\libCH58xBLE.a(gap.o)
                0x000000000000f7ac                gapIncSignCounter
 .text.gapProcessConnEvt
                0x000000000000f7d2       0x3e G:\e_paper\TDX_BOE_E_PAPER_CH585\BLE\LIB\libCH58xBLE.a(gap.o)
                0x000000000000f7d2                gapProcessConnEvt
 .text.gapProcessDisconnectCompleteEvt
                0x000000000000f810       0xa2 G:\e_paper\TDX_BOE_E_PAPER_CH585\BLE\LIB\libCH58xBLE.a(gap.o)
                0x000000000000f810                gapProcessDisconnectCompleteEvt
 .text.sendAuthEvent
                0x000000000000f8b2      0x12a G:\e_paper\TDX_BOE_E_PAPER_CH585\BLE\LIB\libCH58xBLE.a(gap.o)
                0x000000000000f8b2                sendAuthEvent
 .text.gapSendBondCompleteEvent
                0x000000000000f9dc       0x78 G:\e_paper\TDX_BOE_E_PAPER_CH585\BLE\LIB\libCH58xBLE.a(gap.o)
                0x000000000000f9dc                gapSendBondCompleteEvent
 .text.gapSendPairingReqEvent
                0x000000000000fa54       0xb2 G:\e_paper\TDX_BOE_E_PAPER_CH585\BLE\LIB\libCH58xBLE.a(gap.o)
                0x000000000000fa54                gapSendPairingReqEvent
 .text.gapSendSlaveSecurityReqEvent
                0x000000000000fb06       0x6c G:\e_paper\TDX_BOE_E_PAPER_CH585\BLE\LIB\libCH58xBLE.a(gap.o)
                0x000000000000fb06                gapSendSlaveSecurityReqEvent
 .text.gapSendDeviceInitDoneEvent
                0x000000000000fb72       0x74 G:\e_paper\TDX_BOE_E_PAPER_CH585\BLE\LIB\libCH58xBLE.a(gap.o)
                0x000000000000fb72                gapSendDeviceInitDoneEvent
 .text.gapSendLinkUpdateEvent
                0x000000000000fbe6       0xb0 G:\e_paper\TDX_BOE_E_PAPER_CH585\BLE\LIB\libCH58xBLE.a(gap.o)
                0x000000000000fbe6                gapSendLinkUpdateEvent
 .text.gapSendPhyUpdateEvent
                0x000000000000fc96       0x4c G:\e_paper\TDX_BOE_E_PAPER_CH585\BLE\LIB\libCH58xBLE.a(gap.o)
                0x000000000000fc96                gapSendPhyUpdateEvent
 .text.gapSendPeriodicAdvSyncTransferReceivedEvent
                0x000000000000fce2       0x92 G:\e_paper\TDX_BOE_E_PAPER_CH585\BLE\LIB\libCH58xBLE.a(gap.o)
                0x000000000000fce2                gapSendPeriodicAdvSyncTransferReceivedEvent
 .text.gapSendEstLinkEvent
                0x000000000000fd74       0x8a G:\e_paper\TDX_BOE_E_PAPER_CH585\BLE\LIB\libCH58xBLE.a(gap.o)
                0x000000000000fd74                gapSendEstLinkEvent
 .text.gapProcessNewAddr
                0x000000000000fdfe       0x44 G:\e_paper\TDX_BOE_E_PAPER_CH585\BLE\LIB\libCH58xBLE.a(gap.o)
                0x000000000000fdfe                gapProcessNewAddr
 .text.gapProcessRandomAddrComplete
                0x000000000000fe42       0x82 G:\e_paper\TDX_BOE_E_PAPER_CH585\BLE\LIB\libCH58xBLE.a(gap.o)
                0x000000000000fe42                gapProcessRandomAddrComplete
 .text.GAP_Authenticate
                0x000000000000fec4       0xe0 G:\e_paper\TDX_BOE_E_PAPER_CH585\BLE\LIB\libCH58xBLE.a(gap.o)
                0x000000000000fec4                GAP_Authenticate
 .text.GAP_Bond
                0x000000000000ffa4       0xa4 G:\e_paper\TDX_BOE_E_PAPER_CH585\BLE\LIB\libCH58xBLE.a(gap.o)
                0x000000000000ffa4                GAP_Bond
 .text.GAP_GetParamValue
                0x0000000000010048       0x1e G:\e_paper\TDX_BOE_E_PAPER_CH585\BLE\LIB\libCH58xBLE.a(gap.o)
                0x0000000000010048                GAP_GetParamValue
 .text.GAP_PasscodeUpdate
                0x0000000000010066       0x54 G:\e_paper\TDX_BOE_E_PAPER_CH585\BLE\LIB\libCH58xBLE.a(gap.o)
                0x0000000000010066                GAP_PasscodeUpdate
 .text.GAP_RegisterForMsgs
                0x00000000000100ba        0xa G:\e_paper\TDX_BOE_E_PAPER_CH585\BLE\LIB\libCH58xBLE.a(gap.o)
                0x00000000000100ba                GAP_RegisterForMsgs
 .text.GAP_ResolvePrivateAddr
                0x00000000000100c4        0x4 G:\e_paper\TDX_BOE_E_PAPER_CH585\BLE\LIB\libCH58xBLE.a(gap.o)
                0x00000000000100c4                GAP_ResolvePrivateAddr
 .text.gapPairingCompleteCB
                0x00000000000100c8      0x1de G:\e_paper\TDX_BOE_E_PAPER_CH585\BLE\LIB\libCH58xBLE.a(gap.o)
                0x00000000000100c8                gapPairingCompleteCB
 .text.gapPasskeyNeededCB
                0x00000000000102a6       0x8e G:\e_paper\TDX_BOE_E_PAPER_CH585\BLE\LIB\libCH58xBLE.a(gap.o)
                0x00000000000102a6                gapPasskeyNeededCB
 .text.gapOobNeededCB
                0x0000000000010334       0xac G:\e_paper\TDX_BOE_E_PAPER_CH585\BLE\LIB\libCH58xBLE.a(gap.o)
                0x0000000000010334                gapOobNeededCB
 .text.gapFreeEstLink
                0x00000000000103e0       0x1e G:\e_paper\TDX_BOE_E_PAPER_CH585\BLE\LIB\libCH58xBLE.a(gap.o)
                0x00000000000103e0                gapFreeEstLink
 .text.gapUpdateConnSignCounter
                0x00000000000103fe       0x7a G:\e_paper\TDX_BOE_E_PAPER_CH585\BLE\LIB\libCH58xBLE.a(gap.o)
                0x00000000000103fe                gapUpdateConnSignCounter
 .text.GAP_SendSlaveSecurityRequest
                0x0000000000010478       0x4a G:\e_paper\TDX_BOE_E_PAPER_CH585\BLE\LIB\libCH58xBLE.a(gap.o)
                0x0000000000010478                GAP_SendSlaveSecurityRequest
 .text.GAP_Signable
                0x00000000000104c2       0x6a G:\e_paper\TDX_BOE_E_PAPER_CH585\BLE\LIB\libCH58xBLE.a(gap.o)
                0x00000000000104c2                GAP_Signable
 .text.GAP_TerminateAuth
                0x000000000001052c       0x2e G:\e_paper\TDX_BOE_E_PAPER_CH585\BLE\LIB\libCH58xBLE.a(gap.o)
                0x000000000001052c                GAP_TerminateAuth
 .text.GAP_NumActiveConnections
                0x000000000001055a        0x4 G:\e_paper\TDX_BOE_E_PAPER_CH585\BLE\LIB\libCH58xBLE.a(gap.o)
                0x000000000001055a                GAP_NumActiveConnections
 .text.GAP_TerminateLinkReq
                0x000000000001055e       0x88 G:\e_paper\TDX_BOE_E_PAPER_CH585\BLE\LIB\libCH58xBLE.a(gap.o)
                0x000000000001055e                GAP_TerminateLinkReq
 .text.GAP_SetParamValue
                0x00000000000105e6       0x6a G:\e_paper\TDX_BOE_E_PAPER_CH585\BLE\LIB\libCH58xBLE.a(gap.o)
                0x00000000000105e6                GAP_SetParamValue
 .text.GAP_Init
                0x0000000000010650       0x42 G:\e_paper\TDX_BOE_E_PAPER_CH585\BLE\LIB\libCH58xBLE.a(gap.o)
                0x0000000000010650                GAP_Init
 .text.GAP_ProcessEvent
                0x0000000000010692      0x5e8 G:\e_paper\TDX_BOE_E_PAPER_CH585\BLE\LIB\libCH58xBLE.a(gap.o)
                0x0000000000010692                GAP_ProcessEvent
 .text.gapSendScanEnable
                0x0000000000010c7a       0x3a G:\e_paper\TDX_BOE_E_PAPER_CH585\BLE\LIB\libCH58xBLE.a(gap_central.o)
 .text.gapCentProcessConnEvt
                0x0000000000010cb4      0x150 G:\e_paper\TDX_BOE_E_PAPER_CH585\BLE\LIB\libCH58xBLE.a(gap_central.o)
                0x0000000000010cb4                gapCentProcessConnEvt
 .text.gapProcessScanningPeriodicAdvEvt
                0x0000000000010e04       0x8a G:\e_paper\TDX_BOE_E_PAPER_CH585\BLE\LIB\libCH58xBLE.a(gap_central.o)
                0x0000000000010e04                gapProcessScanningPeriodicAdvEvt
 .text.gapCancelLinkReq
                0x0000000000010e8e       0x32 G:\e_paper\TDX_BOE_E_PAPER_CH585\BLE\LIB\libCH58xBLE.a(gap_central.o)
                0x0000000000010e8e                gapCancelLinkReq
 .text.gapProcessAdvertDevInfo
                0x0000000000010ec0      0x20c G:\e_paper\TDX_BOE_E_PAPER_CH585\BLE\LIB\libCH58xBLE.a(gap_central.o)
                0x0000000000010ec0                gapProcessAdvertDevInfo
 .text.gapProcessExtAdvertDevInfo
                0x00000000000110cc      0x234 G:\e_paper\TDX_BOE_E_PAPER_CH585\BLE\LIB\libCH58xBLE.a(gap_central.o)
                0x00000000000110cc                gapProcessExtAdvertDevInfo
 .text.gapProcessPeriodicAdvertisingSyncEstablishedEvt
                0x0000000000011300       0xa0 G:\e_paper\TDX_BOE_E_PAPER_CH585\BLE\LIB\libCH58xBLE.a(gap_central.o)
                0x0000000000011300                gapProcessPeriodicAdvertisingSyncEstablishedEvt
 .text.gapProcessPeriodicAdvertisingSyncLostEvt
                0x00000000000113a0       0x52 G:\e_paper\TDX_BOE_E_PAPER_CH585\BLE\LIB\libCH58xBLE.a(gap_central.o)
                0x00000000000113a0                gapProcessPeriodicAdvertisingSyncLostEvt
 .text.gapFreeScanRecs
                0x00000000000113f2       0xa2 G:\e_paper\TDX_BOE_E_PAPER_CH585\BLE\LIB\libCH58xBLE.a(gap_central.o)
                0x00000000000113f2                gapFreeScanRecs
 .text.gapSendDevDiscEvent
                0x0000000000011494      0x128 G:\e_paper\TDX_BOE_E_PAPER_CH585\BLE\LIB\libCH58xBLE.a(gap_central.o)
                0x0000000000011494                gapSendDevDiscEvent
 .text.gapSetScanParamStatus
                0x00000000000115bc       0x54 G:\e_paper\TDX_BOE_E_PAPER_CH585\BLE\LIB\libCH58xBLE.a(gap_central.o)
 .text.gapCentProcessHCICmdEvt
                0x0000000000011610       0x3a G:\e_paper\TDX_BOE_E_PAPER_CH585\BLE\LIB\libCH58xBLE.a(gap_central.o)
                0x0000000000011610                gapCentProcessHCICmdEvt
 .text.gapProcessScanningEvt
                0x000000000001164a       0xec G:\e_paper\TDX_BOE_E_PAPER_CH585\BLE\LIB\libCH58xBLE.a(gap_central.o)
                0x000000000001164a                gapProcessScanningEvt
 .text.gapProcessScanningDirectEvt
                0x0000000000011736       0xf0 G:\e_paper\TDX_BOE_E_PAPER_CH585\BLE\LIB\libCH58xBLE.a(gap_central.o)
                0x0000000000011736                gapProcessScanningDirectEvt
 .text.gapProcessScanningExtAdvEvt
                0x0000000000011826      0x276 G:\e_paper\TDX_BOE_E_PAPER_CH585\BLE\LIB\libCH58xBLE.a(gap_central.o)
                0x0000000000011826                gapProcessScanningExtAdvEvt
 .text.GAP_DeviceDiscoveryCancel
                0x0000000000011a9c       0x38 G:\e_paper\TDX_BOE_E_PAPER_CH585\BLE\LIB\libCH58xBLE.a(gap_central.o)
                0x0000000000011a9c                GAP_DeviceDiscoveryCancel
 .text.GAP_DeviceDiscoveryRequest
                0x0000000000011ad4       0xc8 G:\e_paper\TDX_BOE_E_PAPER_CH585\BLE\LIB\libCH58xBLE.a(gap_central.o)
                0x0000000000011ad4                GAP_DeviceDiscoveryRequest
 .text.GAP_CentConnRegister
                0x0000000000011b9c       0x16 G:\e_paper\TDX_BOE_E_PAPER_CH585\BLE\LIB\libCH58xBLE.a(gap_central.o)
                0x0000000000011b9c                GAP_CentConnRegister
 .text.GAP_CentralParamInit
                0x0000000000011bb2       0x6a G:\e_paper\TDX_BOE_E_PAPER_CH585\BLE\LIB\libCH58xBLE.a(gap_central.o)
                0x0000000000011bb2                GAP_CentralParamInit
 .text.GAP_CentDevMgrInit
                0x0000000000011c1c       0x96 G:\e_paper\TDX_BOE_E_PAPER_CH585\BLE\LIB\libCH58xBLE.a(gap_central.o)
                0x0000000000011c1c                GAP_CentDevMgrInit
 .text.gapFreeAdvertState
                0x0000000000011cb2       0x1e G:\e_paper\TDX_BOE_E_PAPER_CH585\BLE\LIB\libCH58xBLE.a(gap_peripheral.o)
 .text.gapSetPeriodicAdvParams
                0x0000000000011cd0       0x30 G:\e_paper\TDX_BOE_E_PAPER_CH585\BLE\LIB\libCH58xBLE.a(gap_peripheral.o)
 .text.gapSetConnectionlessCTEParams
                0x0000000000011d00       0x54 G:\e_paper\TDX_BOE_E_PAPER_CH585\BLE\LIB\libCH58xBLE.a(gap_peripheral.o)
 .text.gapPeriProcessConnEvt
                0x0000000000011d54       0xc4 G:\e_paper\TDX_BOE_E_PAPER_CH585\BLE\LIB\libCH58xBLE.a(gap_peripheral.o)
 .text.gapSetAdvParams
                0x0000000000011e18      0x102 G:\e_paper\TDX_BOE_E_PAPER_CH585\BLE\LIB\libCH58xBLE.a(gap_peripheral.o)
 .text.gapWriteAdvDataStatus
                0x0000000000011f1a       0x8c G:\e_paper\TDX_BOE_E_PAPER_CH585\BLE\LIB\libCH58xBLE.a(gap_peripheral.o)
 .text.GAP_MakeDiscoverable
                0x0000000000011fa6      0x148 G:\e_paper\TDX_BOE_E_PAPER_CH585\BLE\LIB\libCH58xBLE.a(gap_peripheral.o)
                0x0000000000011fa6                GAP_MakeDiscoverable
 .text.GAP_EndDiscoverable
                0x00000000000120ee       0x64 G:\e_paper\TDX_BOE_E_PAPER_CH585\BLE\LIB\libCH58xBLE.a(gap_peripheral.o)
                0x00000000000120ee                GAP_EndDiscoverable
 .text.gapProcessAdvertisingEvt
                0x0000000000012152      0x11c G:\e_paper\TDX_BOE_E_PAPER_CH585\BLE\LIB\libCH58xBLE.a(gap_peripheral.o)
 .text.GAP_MakePeriodic
                0x000000000001226e       0x24 G:\e_paper\TDX_BOE_E_PAPER_CH585\BLE\LIB\libCH58xBLE.a(gap_peripheral.o)
                0x000000000001226e                GAP_MakePeriodic
 .text.GAP_EndPeriodic
                0x0000000000012292        0xc G:\e_paper\TDX_BOE_E_PAPER_CH585\BLE\LIB\libCH58xBLE.a(gap_peripheral.o)
                0x0000000000012292                GAP_EndPeriodic
 .text.GAP_MakeConnecttionlessCTE
                0x000000000001229e       0x1a G:\e_paper\TDX_BOE_E_PAPER_CH585\BLE\LIB\libCH58xBLE.a(gap_peripheral.o)
                0x000000000001229e                GAP_MakeConnecttionlessCTE
 .text.GAP_EndConnecttionlessCTE
                0x00000000000122b8        0xc G:\e_paper\TDX_BOE_E_PAPER_CH585\BLE\LIB\libCH58xBLE.a(gap_peripheral.o)
                0x00000000000122b8                GAP_EndConnecttionlessCTE
 .text.GAP_SetAdvertisingAdvData
                0x00000000000122c4       0xc6 G:\e_paper\TDX_BOE_E_PAPER_CH585\BLE\LIB\libCH58xBLE.a(gap_peripheral.o)
                0x00000000000122c4                GAP_SetAdvertisingAdvData
 .text.GAP_SetAdvertisingRspData
                0x000000000001238a       0xc6 G:\e_paper\TDX_BOE_E_PAPER_CH585\BLE\LIB\libCH58xBLE.a(gap_peripheral.o)
                0x000000000001238a                GAP_SetAdvertisingRspData
 .text.GAP_SetPeriodicAdvertisingData
                0x0000000000012450       0xc0 G:\e_paper\TDX_BOE_E_PAPER_CH585\BLE\LIB\libCH58xBLE.a(gap_peripheral.o)
                0x0000000000012450                GAP_SetPeriodicAdvertisingData
 .text.GAP_GetAdvertisingAdvData
                0x0000000000012510       0x22 G:\e_paper\TDX_BOE_E_PAPER_CH585\BLE\LIB\libCH58xBLE.a(gap_peripheral.o)
                0x0000000000012510                GAP_GetAdvertisingAdvData
 .text.GAP_GetAdvertisingRspData
                0x0000000000012532       0x2e G:\e_paper\TDX_BOE_E_PAPER_CH585\BLE\LIB\libCH58xBLE.a(gap_peripheral.o)
                0x0000000000012532                GAP_GetAdvertisingRspData
 .text.GAP_GetPeriodicAdvertisingData
                0x0000000000012560       0x2e G:\e_paper\TDX_BOE_E_PAPER_CH585\BLE\LIB\libCH58xBLE.a(gap_peripheral.o)
                0x0000000000012560                GAP_GetPeriodicAdvertisingData
 .text.GAP_PeriConnRegister
                0x000000000001258e       0x2e G:\e_paper\TDX_BOE_E_PAPER_CH585\BLE\LIB\libCH58xBLE.a(gap_peripheral.o)
                0x000000000001258e                GAP_PeriConnRegister
 .text.GAP_PeripheralParamInit
                0x00000000000125bc       0x6c G:\e_paper\TDX_BOE_E_PAPER_CH585\BLE\LIB\libCH58xBLE.a(gap_peripheral.o)
                0x00000000000125bc                GAP_PeripheralParamInit
 .text.gapSendMakeDiscEvent
                0x0000000000012628       0x4c G:\e_paper\TDX_BOE_E_PAPER_CH585\BLE\LIB\libCH58xBLE.a(gap_peripheral.o)
                0x0000000000012628                gapSendMakeDiscEvent
 .text.gapWriteAdvEnableStatus
                0x0000000000012674       0xf8 G:\e_paper\TDX_BOE_E_PAPER_CH585\BLE\LIB\libCH58xBLE.a(gap_peripheral.o)
 .text.gapSendMakePeriodicEvent
                0x000000000001276c       0x38 G:\e_paper\TDX_BOE_E_PAPER_CH585\BLE\LIB\libCH58xBLE.a(gap_peripheral.o)
                0x000000000001276c                gapSendMakePeriodicEvent
 .text.gapSendMakeConnectionlessCTEEvent
                0x00000000000127a4       0x38 G:\e_paper\TDX_BOE_E_PAPER_CH585\BLE\LIB\libCH58xBLE.a(gap_peripheral.o)
                0x00000000000127a4                gapSendMakeConnectionlessCTEEvent
 .text.gapPeriProcessHCICmdCompleteEvt
                0x00000000000127dc      0x1fa G:\e_paper\TDX_BOE_E_PAPER_CH585\BLE\LIB\libCH58xBLE.a(gap_peripheral.o)
 .text.GAP_PeriDevMgrInit
                0x00000000000129d6       0x32 G:\e_paper\TDX_BOE_E_PAPER_CH585\BLE\LIB\libCH58xBLE.a(gap_peripheral.o)
                0x00000000000129d6                GAP_PeriDevMgrInit
 .text.ggs_SetAttrWPermit
                0x0000000000012a08       0x6a G:\e_paper\TDX_BOE_E_PAPER_CH585\BLE\LIB\libCH58xBLE.a(gapgattserver.o)
 .text.ggs_ReadAttrCB
                0x0000000000012a72      0x11c G:\e_paper\TDX_BOE_E_PAPER_CH585\BLE\LIB\libCH58xBLE.a(gapgattserver.o)
 .text.ggs_WriteAttrCB
                0x0000000000012b8e      0x160 G:\e_paper\TDX_BOE_E_PAPER_CH585\BLE\LIB\libCH58xBLE.a(gapgattserver.o)
 .text.GGS_ParamInit
                0x0000000000012cee       0xc6 G:\e_paper\TDX_BOE_E_PAPER_CH585\BLE\LIB\libCH58xBLE.a(gapgattserver.o)
                0x0000000000012cee                GGS_ParamInit
 .text.GGS_SetParameter
                0x0000000000012db4      0x1d2 G:\e_paper\TDX_BOE_E_PAPER_CH585\BLE\LIB\libCH58xBLE.a(gapgattserver.o)
                0x0000000000012db4                GGS_SetParameter
 .text.GGS_AddService
                0x0000000000012f86      0x302 G:\e_paper\TDX_BOE_E_PAPER_CH585\BLE\LIB\libCH58xBLE.a(gapgattserver.o)
                0x0000000000012f86                GGS_AddService
 .text.GAP_DeviceInit
                0x0000000000013288       0xca G:\e_paper\TDX_BOE_E_PAPER_CH585\BLE\LIB\libCH58xBLE.a(gapgattserver.o)
                0x0000000000013288                GAP_DeviceInit
 .text.gattRead
                0x0000000000013352       0x4c G:\e_paper\TDX_BOE_E_PAPER_CH585\BLE\LIB\libCH58xBLE.a(gatt.o)
 .text.gattGetPayload
                0x000000000001339e       0x4e G:\e_paper\TDX_BOE_E_PAPER_CH585\BLE\LIB\libCH58xBLE.a(gatt.o)
                0x000000000001339e                gattGetPayload
 .text.gattNotifyEvent
                0x00000000000133ec       0x86 G:\e_paper\TDX_BOE_E_PAPER_CH585\BLE\LIB\libCH58xBLE.a(gatt.o)
                0x00000000000133ec                gattNotifyEvent
 .text.gattSendFlowCtrlEvt
                0x0000000000013472       0x4c G:\e_paper\TDX_BOE_E_PAPER_CH585\BLE\LIB\libCH58xBLE.a(gatt.o)
                0x0000000000013472                gattSendFlowCtrlEvt
 .text.gattStartTimer
                0x00000000000134be        0xc G:\e_paper\TDX_BOE_E_PAPER_CH585\BLE\LIB\libCH58xBLE.a(gatt.o)
                0x00000000000134be                gattStartTimer
 .text.gattStopTimer
                0x00000000000134ca       0x26 G:\e_paper\TDX_BOE_E_PAPER_CH585\BLE\LIB\libCH58xBLE.a(gatt.o)
                0x00000000000134ca                gattStopTimer
 .text.gattWrite
                0x00000000000134f0       0x52 G:\e_paper\TDX_BOE_E_PAPER_CH585\BLE\LIB\libCH58xBLE.a(gatt.o)
                0x00000000000134f0                gattWrite
 .text.GATT_AppCompletedMsg
                0x0000000000013542       0x28 G:\e_paper\TDX_BOE_E_PAPER_CH585\BLE\LIB\libCH58xBLE.a(gatt.o)
                0x0000000000013542                GATT_AppCompletedMsg
 .text.GATT_NotifyEvent
                0x000000000001356a       0x5c G:\e_paper\TDX_BOE_E_PAPER_CH585\BLE\LIB\libCH58xBLE.a(gatt.o)
                0x000000000001356a                GATT_NotifyEvent
 .text.GATT_ReadCharValue
                0x00000000000135c6        0x4 G:\e_paper\TDX_BOE_E_PAPER_CH585\BLE\LIB\libCH58xBLE.a(gatt.o)
                0x00000000000135c6                GATT_ReadCharValue
 .text.GATT_WriteCharValue
                0x00000000000135ca        0x8 G:\e_paper\TDX_BOE_E_PAPER_CH585\BLE\LIB\libCH58xBLE.a(gatt.o)
                0x00000000000135ca                GATT_WriteCharValue
 .text.gattRegisterClient
                0x00000000000135d2        0x6 G:\e_paper\TDX_BOE_E_PAPER_CH585\BLE\LIB\libCH58xBLE.a(gatt.o)
                0x00000000000135d2                gattRegisterClient
 .text.gattRegisterServer
                0x00000000000135d8        0x6 G:\e_paper\TDX_BOE_E_PAPER_CH585\BLE\LIB\libCH58xBLE.a(gatt.o)
                0x00000000000135d8                gattRegisterServer
 .text.GATT_UpdateMTU
                0x00000000000135de       0x5a G:\e_paper\TDX_BOE_E_PAPER_CH585\BLE\LIB\libCH58xBLE.a(gatt.o)
                0x00000000000135de                GATT_UpdateMTU
 .text.GATT_bm_alloc
                0x0000000000013638       0xf4 G:\e_paper\TDX_BOE_E_PAPER_CH585\BLE\LIB\libCH58xBLE.a(gatt.o)
                0x0000000000013638                GATT_bm_alloc
 .text.gattFindByTypeValue
                0x000000000001372c       0x68 G:\e_paper\TDX_BOE_E_PAPER_CH585\BLE\LIB\libCH58xBLE.a(gatt.o)
                0x000000000001372c                gattFindByTypeValue
 .text.GATT_DiscPrimaryServiceByUUID
                0x0000000000013794       0x70 G:\e_paper\TDX_BOE_E_PAPER_CH585\BLE\LIB\libCH58xBLE.a(gatt.o)
                0x0000000000013794                GATT_DiscPrimaryServiceByUUID
 .text.gattPrepareWriteReq
                0x0000000000013804       0x68 G:\e_paper\TDX_BOE_E_PAPER_CH585\BLE\LIB\libCH58xBLE.a(gatt.o)
                0x0000000000013804                gattPrepareWriteReq
 .text.gattProcessReliableWrites
                0x000000000001386c       0xcc G:\e_paper\TDX_BOE_E_PAPER_CH585\BLE\LIB\libCH58xBLE.a(gatt.o)
                0x000000000001386c                gattProcessReliableWrites
 .text.gattProcessWriteLong
                0x0000000000013938       0xbc G:\e_paper\TDX_BOE_E_PAPER_CH585\BLE\LIB\libCH58xBLE.a(gatt.o)
                0x0000000000013938                gattProcessWriteLong
 .text.GATT_ServiceChangedInd
                0x00000000000139f4       0x86 G:\e_paper\TDX_BOE_E_PAPER_CH585\BLE\LIB\libCH58xBLE.a(gatt.o)
                0x00000000000139f4                GATT_ServiceChangedInd
 .text.GATT_bm_free
                0x0000000000013a7a       0x1c G:\e_paper\TDX_BOE_E_PAPER_CH585\BLE\LIB\libCH58xBLE.a(gatt.o)
                0x0000000000013a7a                GATT_bm_free
 .text.GATT_Init
                0x0000000000013a96       0x2a G:\e_paper\TDX_BOE_E_PAPER_CH585\BLE\LIB\libCH58xBLE.a(gatt.o)
                0x0000000000013a96                GATT_Init
 .text.GATT_ProcessEvent
                0x0000000000013ac0      0x17c G:\e_paper\TDX_BOE_E_PAPER_CH585\BLE\LIB\libCH58xBLE.a(gatt.o)
                0x0000000000013ac0                GATT_ProcessEvent
 .text.gattProcessReadByType
                0x0000000000013c3c      0x19a G:\e_paper\TDX_BOE_E_PAPER_CH585\BLE\LIB\libCH58xBLE.a(gattclientapp.o)
                0x0000000000013c3c                gattProcessReadByType
 .text.gattClientNotifyTxCB
                0x0000000000013dd6       0x2a G:\e_paper\TDX_BOE_E_PAPER_CH585\BLE\LIB\libCH58xBLE.a(gattclientapp.o)
                0x0000000000013dd6                gattClientNotifyTxCB
 .text.gattGetClientStatus