Archive member included to satisfy reference by file (symbol)

G:\e_paper\TDX_BOE_E_PAPER\TDX_PIC_FRAME\SRC\StdPeriphDriver\libISP585.a(ISP585.o)
                              ./StdPeriphDriver/CH58x_flash.o (FLASH_EEPROM_CMD)
G:\e_paper\TDX_BOE_E_PAPER\TDX_PIC_FRAME\BLE\LIB\libCH58xBLE.a(message.o)
                              ./HAL/MCU.o (tmos_msg_deallocate)
G:\e_paper\TDX_BOE_E_PAPER\TDX_PIC_FRAME\BLE\LIB\libCH58xBLE.a(tmos.o)
                              ./APP/central.o (tmos_rand)
G:\e_paper\TDX_BOE_E_PAPER\TDX_PIC_FRAME\BLE\LIB\libCH58xBLE.a(tmos_hw.o)
                              G:\e_paper\TDX_BOE_E_PAPER\TDX_PIC_FRAME\BLE\LIB\libCH58xBLE.a(tmos.o) (bleClock_t)
G:\e_paper\TDX_BOE_E_PAPER\TDX_PIC_FRAME\BLE\LIB\libCH58xBLE.a(tmos_snv.o)
                              G:\e_paper\TDX_BOE_E_PAPER\TDX_PIC_FRAME\BLE\LIB\libCH58xBLE.a(tmos.o) (tmos_snv_init)
G:\e_paper\TDX_BOE_E_PAPER\TDX_PIC_FRAME\BLE\LIB\libCH58xBLE.a(gap.o)
                              ./APP/central.o (GAP_SetParamValue)
G:\e_paper\TDX_BOE_E_PAPER\TDX_PIC_FRAME\BLE\LIB\libCH58xBLE.a(gap_central.o)
                              G:\e_paper\TDX_BOE_E_PAPER\TDX_PIC_FRAME\BLE\LIB\libCH58xBLE.a(gap.o) (gapProcessPeriodicAdvertisingSyncEstablishedEvt)
G:\e_paper\TDX_BOE_E_PAPER\TDX_PIC_FRAME\BLE\LIB\libCH58xBLE.a(gap_peripheral.o)
                              G:\e_paper\TDX_BOE_E_PAPER\TDX_PIC_FRAME\BLE\LIB\libCH58xBLE.a(gap.o) (GAP_PeripheralParamInit)
G:\e_paper\TDX_BOE_E_PAPER\TDX_PIC_FRAME\BLE\LIB\libCH58xBLE.a(gapgattserver.o)
                              ./APP/central.o (GGS_SetParameter)
G:\e_paper\TDX_BOE_E_PAPER\TDX_PIC_FRAME\BLE\LIB\libCH58xBLE.a(gatt.o)
                              ./APP/central.o (GATT_ReadCharValue)
G:\e_paper\TDX_BOE_E_PAPER\TDX_PIC_FRAME\BLE\LIB\libCH58xBLE.a(gatt_uuid.o)
                              G:\e_paper\TDX_BOE_E_PAPER\TDX_PIC_FRAME\BLE\LIB\libCH58xBLE.a(gatt.o) (serviceChangedUUID)
G:\e_paper\TDX_BOE_E_PAPER\TDX_PIC_FRAME\BLE\LIB\libCH58xBLE.a(gattclientapp.o)
                              G:\e_paper\TDX_BOE_E_PAPER\TDX_PIC_FRAME\BLE\LIB\libCH58xBLE.a(gatt.o) (gattGetClientStatus)
G:\e_paper\TDX_BOE_E_PAPER\TDX_PIC_FRAME\BLE\LIB\libCH58xBLE.a(gattservapp.o)
                              ./Profile/tdxinfoservice.o (GATTServApp_ReadCharCfg)
G:\e_paper\TDX_BOE_E_PAPER\TDX_PIC_FRAME\BLE\LIB\libCH58xBLE.a(l2cap.o)
                              G:\e_paper\TDX_BOE_E_PAPER\TDX_PIC_FRAME\BLE\LIB\libCH58xBLE.a(gatt.o) (L2CAP_GetMTU)
G:\e_paper\TDX_BOE_E_PAPER\TDX_PIC_FRAME\BLE\LIB\libCH58xBLE.a(l2cap_input.o)
                              G:\e_paper\TDX_BOE_E_PAPER\TDX_PIC_FRAME\BLE\LIB\libCH58xBLE.a(l2cap.o) (l2capProcessRxData)
G:\e_paper\TDX_BOE_E_PAPER\TDX_PIC_FRAME\BLE\LIB\libCH58xBLE.a(l2cap_output.o)
                              G:\e_paper\TDX_BOE_E_PAPER\TDX_PIC_FRAME\BLE\LIB\libCH58xBLE.a(l2cap_input.o) (l2capNotifyData)
G:\e_paper\TDX_BOE_E_PAPER\TDX_PIC_FRAME\BLE\LIB\libCH58xBLE.a(l2cap_sdu.o)
                              G:\e_paper\TDX_BOE_E_PAPER\TDX_PIC_FRAME\BLE\LIB\libCH58xBLE.a(l2cap_input.o) (l2capBuildDisconnectRsp)
G:\e_paper\TDX_BOE_E_PAPER\TDX_PIC_FRAME\BLE\LIB\libCH58xBLE.a(linkdb.o)
                              G:\e_paper\TDX_BOE_E_PAPER\TDX_PIC_FRAME\BLE\LIB\libCH58xBLE.a(l2cap.o) (linkDB_Init)
G:\e_paper\TDX_BOE_E_PAPER\TDX_PIC_FRAME\BLE\LIB\libCH58xBLE.a(sm.o)
                              G:\e_paper\TDX_BOE_E_PAPER\TDX_PIC_FRAME\BLE\LIB\libCH58xBLE.a(gap.o) (smFreePairingParams)
G:\e_paper\TDX_BOE_E_PAPER\TDX_PIC_FRAME\BLE\LIB\libCH58xBLE.a(sm_initiator.o)
                              G:\e_paper\TDX_BOE_E_PAPER\TDX_PIC_FRAME\BLE\LIB\libCH58xBLE.a(sm.o) (smInitiatorSendNextKeyInfo)
G:\e_paper\TDX_BOE_E_PAPER\TDX_PIC_FRAME\BLE\LIB\libCH58xBLE.a(sm_pdu.o)
                              G:\e_paper\TDX_BOE_E_PAPER\TDX_PIC_FRAME\BLE\LIB\libCH58xBLE.a(sm.o) (smpBuildPairingReq)
G:\e_paper\TDX_BOE_E_PAPER\TDX_PIC_FRAME\BLE\LIB\libCH58xBLE.a(sm_responding.o)
                              G:\e_paper\TDX_BOE_E_PAPER\TDX_PIC_FRAME\BLE\LIB\libCH58xBLE.a(sm.o) (smResponderSendNextKeyInfo)
G:\e_paper\TDX_BOE_E_PAPER\TDX_PIC_FRAME\BLE\LIB\libCH58xBLE.a(sm_toolbox.o)
                              G:\e_paper\TDX_BOE_E_PAPER\TDX_PIC_FRAME\BLE\LIB\libCH58xBLE.a(sm.o) (sm_ah)
G:\e_paper\TDX_BOE_E_PAPER\TDX_PIC_FRAME\BLE\LIB\libCH58xBLE.a(host_input.o)
                              G:\e_paper\TDX_BOE_E_PAPER\TDX_PIC_FRAME\BLE\LIB\libCH58xBLE.a(gap.o) (gBleHostPara)
G:\e_paper\TDX_BOE_E_PAPER\TDX_PIC_FRAME\BLE\LIB\libCH58xBLE.a(host_output.o)
                              G:\e_paper\TDX_BOE_E_PAPER\TDX_PIC_FRAME\BLE\LIB\libCH58xBLE.a(gap.o) (HCI_DisconnectCmd)
G:\e_paper\TDX_BOE_E_PAPER\TDX_PIC_FRAME\BLE\LIB\libCH58xBLE.a(rf_fh.o)
                              G:\e_paper\TDX_BOE_E_PAPER\TDX_PIC_FRAME\BLE\LIB\libCH58xBLE.a(tmos.o) (rfInfo)
G:\e_paper\TDX_BOE_E_PAPER\TDX_PIC_FRAME\BLE\LIB\libCH58xBLE.a(ll.o)
[...]
Memory Configuration

Name             Origin             Length             Attributes
FLASH            0x0000000000001000 0x0000000000036000 xr
RAM              0x0000000020000000 0x0000000000020000 xrw
*default*        0x0000000000000000 0xffffffffffffffff

Linker script and memory map

LOAD ./StdPeriphDriver/CH58x_adc.o
LOAD ./StdPeriphDriver/CH58x_clk.o
LOAD ./StdPeriphDriver/CH58x_flash.o
LOAD ./StdPeriphDriver/CH58x_gpio.o
LOAD ./StdPeriphDriver/CH58x_i2c.o
LOAD ./StdPeriphDriver/CH58x_pwm.o
LOAD ./StdPeriphDriver/CH58x_pwr.o
LOAD ./StdPeriphDriver/CH58x_spi0.o
LOAD ./StdPeriphDriver/CH58x_spi1.o
LOAD ./StdPeriphDriver/CH58x_sys.o
LOAD ./StdPeriphDriver/CH58x_timer0.o
LOAD ./StdPeriphDriver/CH58x_timer1.o
LOAD ./StdPeriphDriver/CH58x_timer2.o
LOAD ./StdPeriphDriver/CH58x_timer3.o
LOAD ./StdPeriphDriver/CH58x_uart0.o
LOAD ./StdPeriphDriver/CH58x_uart1.o
LOAD ./StdPeriphDriver/CH58x_uart2.o
LOAD ./StdPeriphDriver/CH58x_uart3.o
LOAD ./StdPeriphDriver/CH58x_usbdev.o
LOAD ./StdPeriphDriver/CH58x_usbhostBase.o
LOAD ./StdPeriphDriver/CH58x_usbhostClass.o
LOAD ./Startup/startup_CH585.o
LOAD ./SPI/spi.o
LOAD ./SPI/usb_serial.o
LOAD ./Profile/OTAprofile.o
LOAD ./Profile/aes.o
LOAD ./Profile/aes_util.o
LOAD ./Profile/base64.o
LOAD ./Profile/boardcast_data_op.o
LOAD ./Profile/boeinfoservice.o
LOAD ./Profile/xtinfoservice.o
LOAD ./Profile/tdxinfoservice.o
LOAD ./Profile/rledecode.o
LOAD ./Profile/util.o
LOAD ./Profile/gattprofile.o
LOAD ./HAL/MCU.o
LOAD ./HAL/RTC.o
LOAD ./HAL/SLEEP.o
LOAD ./APP/driver/flash/extern_flash.o
LOAD ./APP/driver/flash/inter_flash.o
LOAD ./APP/driver/epd/SPD1657_400_600_color6.o
LOAD ./APP/driver/epd/M009FT_1024_600_color6.o
LOAD ./APP/driver/epd/JD79665_800_480_color4.o
LOAD ./APP/driver/epd/JD79668A_400_300_color4.o
LOAD ./APP/driver/epd/JD79686BB_800_480_color3.o
LOAD ./APP/driver/epd/SSD1677_960_640_color3.o
LOAD ./APP/driver/epd/SSD1683_272_792_color3.o
LOAD ./APP/driver/epd/SSD1863_400_300_color3.o
LOAD ./APP/driver/epd/UC8279_800_480_color3.o
LOAD ./APP/driver/epd/UC8276_400_300_color3.o
LOAD ./APP/driver/epd/SSD2683_400_300_color4.o
LOAD ./APP/driver/epd/UC8179_800_480_color2.o
LOAD ./APP/driver/epd/SSD1683A_272_792_color2.o
LOAD ./APP/driver/epd/JD79686AB_1360_480_color3.o
LOAD ./APP/driver/epd/JD79686BB_1360_480_color3.o
LOAD ./APP/driver/epd/JD79665_960_640_color4.o
LOAD ./APP/driver/epd/JD79665AA_1360_480_color4.o
LOAD ./APP/driver/epd/JD79665AA_1280_600_color4.o
LOAD ./APP/driver/epd/JD79686AC_1360_480_color3.o
LOAD ./APP/driver/epd/SSD2683ZA_272_792_color4.o
LOAD ./APP/driver/epd/UC8179_800_480_color3.o
LOAD ./APP/debug/Epd_Driver_Debug.o
LOAD ./APP/api/Display_EPD_W21_spi.o
LOAD ./APP/api/display_api.o
LOAD ./APP/api/flash_api.o
LOAD ./APP/api/presave_api.o
LOAD ./APP/api/adc_api.o
LOAD ./APP/api/ch583_secure.o
LOAD ./APP/app_uart.o
LOAD ./APP/central.o
LOAD ./APP/peripheral.o
LOAD ./APP/peripheral_main.o
LOAD ./APP/uart1_wifi_passthrough.o
LOAD ./ADC/ADC.o
LOAD G:\e_paper\TDX_BOE_E_PAPER\TDX_PIC_FRAME\SRC\StdPeriphDriver\libISP585.a
LOAD G:\e_paper\TDX_BOE_E_PAPER\TDX_PIC_FRAME\BLE\LIB\libCH58xBLE.a
LOAD e:/e_paper_tool/mounriver/mounriver_studio/toolchain/risc-v embedded gcc12/bin/../lib/gcc/riscv-none-elf/12.2.0\libgcc.a
LOAD e:/e_paper_tool/mounriver/mounriver_studio/toolchain/risc-v embedded gcc12/bin/../lib/gcc/riscv-none-elf/12.2.0/../../../../riscv-none-elf/lib\libg_nano.a
LOAD e:/e_paper_tool/mounriver/mounriver_studio/toolchain/risc-v embedded gcc12/bin/../lib/gcc/riscv-none-elf/12.2.0/../../../../riscv-none-elf/lib\libc_nano.a
LOAD e:/e_paper_tool/mounriver/mounriver_studio/toolchain/risc-v embedded gcc12/bin/../lib/gcc/riscv-none-elf/12.2.0\libgcc.a
START GROUP
LOAD e:/e_paper_tool/mounriver/mounriver_studio/toolchain/risc-v embedded gcc12/bin/../lib/gcc/riscv-none-elf/12.2.0\libgcc.a
LOAD e:/e_paper_tool/mounriver/mounriver_studio/toolchain/risc-v embedded gcc12/bin/../lib/gcc/riscv-none-elf/12.2.0/../../../../riscv-none-elf/lib\libc_nano.a
LOAD e:/e_paper_tool/mounriver/mounriver_studio/toolchain/risc-v embedded gcc12/bin/../lib/gcc/riscv-none-elf/12.2.0/../../../../riscv-none-elf/lib\libnosys.a
END GROUP
START GROUP
LOAD e:/e_paper_tool/mounriver/mounriver_studio/toolchain/risc-v embedded gcc12/bin/../lib/gcc/riscv-none-elf/12.2.0\libgcc.a
LOAD e:/e_paper_tool/mounriver/mounriver_studio/toolchain/risc-v embedded gcc12/bin/../lib/gcc/riscv-none-elf/12.2.0/../../../../riscv-none-elf/lib\libc_nano.a
LOAD e:/e_paper_tool/mounriver/mounriver_studio/toolchain/risc-v embedded gcc12/bin/../lib/gcc/riscv-none-elf/12.2.0/../../../../riscv-none-elf/lib\libnosys.a
END GROUP

.init           0x0000000000001000        0x8
                0x0000000000001000                _sinit = .
                0x0000000000001000                . = ALIGN (0x4)
 *(SORT_NONE(.init))
 .init          0x0000000000001000        0x4 ./Startup/startup_CH585.o
                0x0000000000001000                _start
 *(.ImageFlag)
 .ImageFlag     0x0000000000001004        0x4 ./APP/peripheral_main.o
                0x0000000000001004                Image_Flag
 *(.ImageFlag.*)
                0x0000000000001008                . = ALIGN (0x4)
                0x0000000000001008                _einit = .

.highcode_initlalign
                0x0000000000001008        0x0
                0x0000000000001008                . = ALIGN (0x4)
                0x0000000000001008                PROVIDE (_highcode_init_lma = .)

.highcode_init  0x0000000020000000      0x210 load address 0x0000000000001008
                0x0000000020000000                PROVIDE (_highcode_init_vma_start = .)
                0x0000000020000000                . = ALIGN (0x400)
 *(.vector)
 .vector        0x0000000020000000       0xa0 ./Startup/startup_CH585.o
                0x0000000020000000                _vector_base
 *(SORT_NONE(.vector_handler))
 .vector_handler
                0x00000000200000a0        0x2 ./Startup/startup_CH585.o
                0x00000000200000a0                NFC_IRQHandler
                0x00000000200000a0                GPIOB_IRQHandler
                0x00000000200000a0                GPIOA_IRQHandler
                0x00000000200000a0                SysTick_Handler
                0x00000000200000a0                NMI_Handler
                0x00000000200000a0                UART0_IRQHandler
                0x00000000200000a0                BB_IRQHandler
                0x00000000200000a0                Break_Point_Handler
                0x00000000200000a0                TMR0_IRQHandler
                0x00000000200000a0                Ecall_M_Mode_Handler
                0x00000000200000a0                LED_IRQHandler
                0x00000000200000a0                UART2_IRQHandler
                0x00000000200000a0                ADC_IRQHandler
                0x00000000200000a0                TMR2_IRQHandler
                0x00000000200000a0                USB_IRQHandler
                0x00000000200000a0                I2C_IRQHandler
                0x00000000200000a0                LLE_IRQHandler
                0x00000000200000a0                WDOG_BAT_IRQHandler
                0x00000000200000a0                Ecall_U_Mode_Handler
                0x00000000200000a0                TMR3_IRQHandler
                0x00000000200000a0                SW_Handler
                0x00000000200000a0                SPI0_IRQHandler
                0x00000000200000a0                USB2_HOST_IRQHandler
                0x00000000200000a0                PWMX_SPI1_IRQHandler
                0x00000000200000a0                UART3_IRQHandler
                0x00000000200000a0                USB2_DEVICE_IRQHandler
                0x00000000200000a0                TMR1_IRQHandler
 *(.highcode_init)
 .highcode_init
                0x00000000200000a2       0xbc ./StdPeriphDriver/CH58x_sys.o
                0x00000000200000a2                highcode_init
 .highcode_init
                0x000000002000015e       0xb2 ./Startup/startup_CH585.o
 *(.highcode_init.*)
                0x0000000020000210                . = ALIGN (0x4)
                0x0000000020000210                PROVIDE (_highcode_init_vma_end = .)

.highcodelalign
                0x0000000000001218        0x0
                0x0000000000001218                . = ALIGN (0x4)
                0x0000000000001218                PROVIDE (_highcode_lma = .)

.highcode       0x0000000020000210     0x4834 load address 0x0000000000001218
                0x0000000020000210                . = ALIGN (0x4)
                0x0000000020000210                PROVIDE (_highcode_vma_start = .)
 *(.highcode)
 .highcode      0x0000000020000210       0x18 ./StdPeriphDriver/CH58x_clk.o
                0x0000000020000210                RTC_GetCycle32k
 .highcode      0x0000000020000228      0x902 ./StdPeriphDriver/CH58x_pwr.o
                0x0000000020000228                LowPower_Idle
                0x0000000020000268                LowPower_Halt
                0x000000002000046e                LowPower_Sleep
                0x0000000020000706                LowPower_Shutdown
                0x0000000020000866                LowPower_Halt_WFE
                0x00000000200009a0                LowPower_Sleep_WFE
 .highcode      0x0000000020000b2a      0x3a6 ./StdPeriphDriver/CH58x_sys.o
                0x0000000020000b2a                MachineMode_Call_IRQ
                0x0000000020000b3e                SetSysClock
                0x0000000020000d0e                MachineMode_Call
                0x0000000020000d7c                SYS_ResetExecute
                0x0000000020000dd4                SYS_DisableAllIrq
                0x0000000020000df0                SYS_RecoverIrq
                0x0000000020000e04                HardFault_Handler
                0x0000000020000e84                mDelayuS
                0x0000000020000e9a                mDelaymS
                0x0000000020000eb8                __wrap_memcpy
 .highcode      0x0000000020000ed0       0x80 ./HAL/RTC.o
                0x0000000020000ef6                RTC_SetTignTime
                0x0000000020000f3a                RTC_IRQHandler
 .highcode      0x0000000020000f50      0x16a ./HAL/SLEEP.o
                0x0000000020000f50                CH58x_LowPower
 .highcode      0x00000000200010ba       0x34 ./APP/peripheral_main.o
                0x00000000200010ba                Main_Circulation
 .highcode      0x00000000200010ee       0xfa ./APP/uart1_wifi_passthrough.o
                0x00000000200010ee                UART1_IRQHandler
 *(.highcode.*)
 .highcode.FLASH_ROM_BEG
                0x00000000200011e8       0x12 G:\e_paper\TDX_BOE_E_PAPER\TDX_PIC_FRAME\SRC\StdPeriphDriver\libISP585.a(ISP585.o)
                0x00000000200011e8                FLASH_ROM_BEG
 .highcode.FLASH_ROM_END
                0x00000000200011fa        0xe G:\e_paper\TDX_BOE_E_PAPER\TDX_PIC_FRAME\SRC\StdPeriphDriver\libISP585.a(ISP585.o)
                0x00000000200011fa                FLASH_ROM_END
 .highcode.FLASH_ROM_IN
                0x0000000020001208        0xe G:\e_paper\TDX_BOE_E_PAPER\TDX_PIC_FRAME\SRC\StdPeriphDriver\libISP585.a(ISP585.o)
                0x0000000020001208                FLASH_ROM_IN
 .highcode.FLASH_ROM_OUT
                0x0000000020001216        0xe G:\e_paper\TDX_BOE_E_PAPER\TDX_PIC_FRAME\SRC\StdPeriphDriver\libISP585.a(ISP585.o)
                0x0000000020001216                FLASH_ROM_OUT
 .highcode.FLASH_ROM_ADDR
                0x0000000020001224       0x48 G:\e_paper\TDX_BOE_E_PAPER\TDX_PIC_FRAME\SRC\StdPeriphDriver\libISP585.a(ISP585.o)
                0x0000000020001224                FLASH_ROM_ADDR
 .highcode.FLASH_ROM_WAIT
                0x000000002000126c       0x38 G:\e_paper\TDX_BOE_E_PAPER\TDX_PIC_FRAME\SRC\StdPeriphDriver\libISP585.a(ISP585.o)
                0x000000002000126c                FLASH_ROM_WAIT
 .highcode.FLASH_EEPROM_CMD
                0x00000000200012a4      0x318 G:\e_paper\TDX_BOE_E_PAPER\TDX_PIC_FRAME\SRC\StdPeriphDriver\libISP585.a(ISP585.o)
                0x00000000200012a4                FLASH_EEPROM_CMD
 .highcode.tmos_msg_enqueue
                0x00000000200015bc       0x1a G:\e_paper\TDX_BOE_E_PAPER\TDX_PIC_FRAME\BLE\LIB\libCH58xBLE.a(message.o)
                0x00000000200015bc                tmos_msg_enqueue
 .highcode.tmos_msg_allocate
                0x00000000200015d6       0x62 G:\e_paper\TDX_BOE_E_PAPER\TDX_PIC_FRAME\BLE\LIB\libCH58xBLE.a(message.o)
                0x00000000200015d6                tmos_msg_allocate
 .highcode.tmos_msg_receive
                0x0000000020001638       0x90 G:\e_paper\TDX_BOE_E_PAPER\TDX_PIC_FRAME\BLE\LIB\libCH58xBLE.a(message.o)
                0x0000000020001638                tmos_msg_receive
 .highcode.tmos_memcpy
                0x00000000200016c8       0x2c G:\e_paper\TDX_BOE_E_PAPER\TDX_PIC_FRAME\BLE\LIB\libCH58xBLE.a(tmos.o)
                0x00000000200016c8                tmos_memcpy
 .highcode.tmos_memcpy_word
                0x00000000200016f4       0x3c G:\e_paper\TDX_BOE_E_PAPER\TDX_PIC_FRAME\BLE\LIB\libCH58xBLE.a(tmos.o)
                0x00000000200016f4                tmos_memcpy_word
 .highcode.tmos_memset
                0x0000000020001730       0x32 G:\e_paper\TDX_BOE_E_PAPER\TDX_PIC_FRAME\BLE\LIB\libCH58xBLE.a(tmos.o)
                0x0000000020001730                tmos_memset
 .highcode.tmos_strlen
                0x0000000020001762       0x30 G:\e_paper\TDX_BOE_E_PAPER\TDX_PIC_FRAME\BLE\LIB\libCH58xBLE.a(tmos.o)
                0x0000000020001762                tmos_strlen
 .highcode.tmos_memdup
                0x0000000020001792       0x50 G:\e_paper\TDX_BOE_E_PAPER\TDX_PIC_FRAME\BLE\LIB\libCH58xBLE.a(tmos.o)
                0x0000000020001792                tmos_memdup
 .highcode.tmos_memcmp
                0x00000000200017e2       0x4c G:\e_paper\TDX_BOE_E_PAPER\TDX_PIC_FRAME\BLE\LIB\libCH58xBLE.a(tmos.o)
                0x00000000200017e2                tmos_memcmp
 .highcode.tmos_revmemcpy
                0x000000002000182e       0x36 G:\e_paper\TDX_BOE_E_PAPER\TDX_PIC_FRAME\BLE\LIB\libCH58xBLE.a(tmos.o)
                0x000000002000182e                tmos_revmemcpy
 .highcode.tmos_isbufset
                0x0000000020001864       0x40 G:\e_paper\TDX_BOE_E_PAPER\TDX_PIC_FRAME\BLE\LIB\libCH58xBLE.a(tmos.o)
                0x0000000020001864                tmos_isbufset
 .highcode.tmos_proces_system_time
                0x00000000200018a4      0x134 G:\e_paper\TDX_BOE_E_PAPER\TDX_PIC_FRAME\BLE\LIB\libCH58xBLE.a(tmos.o)
 .highcode.tmos_proces_idle
                0x00000000200019d8      0x172 G:\e_paper\TDX_BOE_E_PAPER\TDX_PIC_FRAME\BLE\LIB\libCH58xBLE.a(tmos.o)
                0x00000000200019d8                tmos_proces_idle
 .highcode.TMOS_SysRegister
                0x0000000020001b4a        0xe G:\e_paper\TDX_BOE_E_PAPER\TDX_PIC_FRAME\BLE\LIB\libCH58xBLE.a(tmos.o)
                0x0000000020001b4a                TMOS_SysRegister
 .highcode.TMOS_ProcessRegister
                0x0000000020001b58       0x26 G:\e_paper\TDX_BOE_E_PAPER\TDX_PIC_FRAME\BLE\LIB\libCH58xBLE.a(tmos.o)
                0x0000000020001b58                TMOS_ProcessRegister
 .highcode.ble_controller_func
                0x0000000020001b7e       0x2a G:\e_paper\TDX_BOE_E_PAPER\TDX_PIC_FRAME\BLE\LIB\libCH58xBLE.a(tmos.o)
                0x0000000020001b7e                ble_controller_func
 .highcode.TMOS_SystemProcess
                0x0000000020001ba8      0x17e G:\e_paper\TDX_BOE_E_PAPER\TDX_PIC_FRAME\BLE\LIB\libCH58xBLE.a(tmos.o)
                0x0000000020001ba8                TMOS_SystemProcess
 .highcode.clockGetHSEValue
                0x0000000020001d26       0x30 G:\e_paper\TDX_BOE_E_PAPER\TDX_PIC_FRAME\BLE\LIB\libCH58xBLE.a(tmos_hw.o)
 .highcode.TMOS_IrqProcessRegister
                0x0000000020001d56        0x6 G:\e_paper\TDX_BOE_E_PAPER\TDX_PIC_FRAME\BLE\LIB\libCH58xBLE.a(tmos_hw.o)
                0x0000000020001d56                TMOS_IrqProcessRegister
 .highcode.ll_adv_legacy_ind_tx_process
                0x0000000020001d5c       0x72 G:\e_paper\TDX_BOE_E_PAPER\TDX_PIC_FRAME\BLE\LIB\libCH58xBLE.a(ll_advertise.o)
 .highcode.ll_advertise_tx
                0x0000000020001dce      0x180 G:\e_paper\TDX_BOE_E_PAPER\TDX_PIC_FRAME\BLE\LIB\libCH58xBLE.a(ll_advertise.o)
 .highcode.llAdvTraverseallChannel
                0x0000000020001f4e       0x30 G:\e_paper\TDX_BOE_E_PAPER\TDX_PIC_FRAME\BLE\LIB\libCH58xBLE.a(ll_advertise.o)
 .highcode.ll_connect_send_data
                0x0000000020001f7e       0xf8 G:\e_paper\TDX_BOE_E_PAPER\TDX_PIC_FRAME\BLE\LIB\libCH58xBLE.a(ll_connect.o)
                0x0000000020001f7e                ll_connect_send_data
 .highcode.ll_connect_recv_data
                0x0000000020002076       0xd0 G:\e_paper\TDX_BOE_E_PAPER\TDX_PIC_FRAME\BLE\LIB\libCH58xBLE.a(ll_connect.o)
                0x0000000020002076                ll_connect_recv_data
 .highcode.ll_connect_event_continue
                0x0000000020002146       0xc2 G:\e_paper\TDX_BOE_E_PAPER\TDX_PIC_FRAME\BLE\LIB\libCH58xBLE.a(ll_connect.o)
                0x0000000020002146                ll_connect_event_continue
 .highcode.ll_wait_connect_event
                0x0000000020002208        0xe G:\e_paper\TDX_BOE_E_PAPER\TDX_PIC_FRAME\BLE\LIB\libCH58xBLE.a(ll_connect.o)
                0x0000000020002208                ll_wait_connect_event
 .highcode.ll_process_connect_event
                0x0000000020002216       0x58 G:\e_paper\TDX_BOE_E_PAPER\TDX_PIC_FRAME\BLE\LIB\libCH58xBLE.a(ll_connect.o)
                0x0000000020002216                ll_process_connect_event
 .highcode.llProcessConnectEvent
                0x000000002000226e       0xce G:\e_paper\TDX_BOE_E_PAPER\TDX_PIC_FRAME\BLE\LIB\libCH58xBLE.a(ll_connect.o)
 .highcode.LL_HopGetChannel
                0x000000002000233c       0xa4 G:\e_paper\TDX_BOE_E_PAPER\TDX_PIC_FRAME\BLE\LIB\libCH58xBLE.a(ll_hop.o)
                0x000000002000233c                LL_HopGetChannel
 .highcode.LL_HopGetChannel2
                0x00000000200023e0      0x270 G:\e_paper\TDX_BOE_E_PAPER\TDX_PIC_FRAME\BLE\LIB\libCH58xBLE.a(ll_hop.o)
                0x00000000200023e0                LL_HopGetChannel2
 .highcode.LL_PeriodicHopGetChannel2
                0x0000000020002650      0x270 G:\e_paper\TDX_BOE_E_PAPER\TDX_PIC_FRAME\BLE\LIB\libCH58xBLE.a(ll_hop.o)
                0x0000000020002650                LL_PeriodicHopGetChannel2
 .highcode.ll_resolvinglist_checkRPA
                0x00000000200028c0       0x7c G:\e_paper\TDX_BOE_E_PAPER\TDX_PIC_FRAME\BLE\LIB\libCH58xBLE.a(ll_resolvinglist.o)
                0x00000000200028c0                ll_resolvinglist_checkRPA
 .highcode.LL_ResolvinglistPeerIdentifyAddressGetIrk
                0x000000002000293c       0x4c G:\e_paper\TDX_BOE_E_PAPER\TDX_PIC_FRAME\BLE\LIB\libCH58xBLE.a(ll_resolvinglist.o)
                0x000000002000293c                LL_ResolvinglistPeerIdentifyAddressGetIrk
 .highcode.LL_ResolvinglistPeerRpaAddressGetIrk
                0x0000000020002988       0x38 G:\e_paper\TDX_BOE_E_PAPER\TDX_PIC_FRAME\BLE\LIB\libCH58xBLE.a(ll_resolvinglist.o)
                0x0000000020002988                LL_ResolvinglistPeerRpaAddressGetIrk
 .highcode.LL_WhitelistLookup
                0x00000000200029c0       0x46 G:\e_paper\TDX_BOE_E_PAPER\TDX_PIC_FRAME\BLE\LIB\libCH58xBLE.a(ll_whitelist.o)
                0x00000000200029c0                LL_WhitelistLookup
 *fill*         0x0000000020002a06        0x2 
 .highcode.ble_controller_scheduler
                0x0000000020002a08        0xa G:\e_paper\TDX_BOE_E_PAPER\TDX_PIC_FRAME\BLE\LIB\libCH58xBLE.a(ble_task_process.o)
 *fill*         0x0000000020002a12        0x2 
 .highcode.LLE_IRQLibHandler
                0x0000000020002a14       0x36 G:\e_paper\TDX_BOE_E_PAPER\TDX_PIC_FRAME\BLE\LIB\libCH58xBLE.a(ble_task_process.o)
                0x0000000020002a14                LLE_IRQLibHandler
 .highcode.BB_IRQLibHandler
                0x0000000020002a4a       0xe0 G:\e_paper\TDX_BOE_E_PAPER\TDX_PIC_FRAME\BLE\LIB\libCH58xBLE.a(bb.o)
                0x0000000020002a4a                BB_IRQLibHandler
 .highcode.BB_IRQLibFunction
                0x0000000020002b2a        0x6 G:\e_paper\TDX_BOE_E_PAPER\TDX_PIC_FRAME\BLE\LIB\libCH58xBLE.a(bb.o)
                0x0000000020002b2a                BB_IRQLibFunction
 .highcode.lleIrqHandler
                0x0000000020002b30      0x12e G:\e_paper\TDX_BOE_E_PAPER\TDX_PIC_FRAME\BLE\LIB\libCH58xBLE.a(ip.o)
 .highcode.ll_rx_wait_finish
                0x0000000020002c5e       0x26 G:\e_paper\TDX_BOE_E_PAPER\TDX_PIC_FRAME\BLE\LIB\libCH58xBLE.a(ip.o)
                0x0000000020002c5e                ll_rx_wait_finish
 .highcode.ble_ll_chkcrc
                0x0000000020002c84       0x9e G:\e_paper\TDX_BOE_E_PAPER\TDX_PIC_FRAME\BLE\LIB\libCH58xBLE.a(ip.o)
                0x0000000020002c84                ble_ll_chkcrc
 .highcode.BLE_SetPHYTxMode
                0x0000000020002d22       0xaa G:\e_paper\TDX_BOE_E_PAPER\TDX_PIC_FRAME\BLE\LIB\libCH58xBLE.a(ip.o)
                0x0000000020002d22                BLE_SetPHYTxMode
 .highcode.ll_tx_wait_finish
                0x0000000020002dcc      0x196 G:\e_paper\TDX_BOE_E_PAPER\TDX_PIC_FRAME\BLE\LIB\libCH58xBLE.a(ip.o)
                0x0000000020002dcc                ll_tx_wait_finish
 .highcode.BLE_SetPHYRxMode
                0x0000000020002f62       0x88 G:\e_paper\TDX_BOE_E_PAPER\TDX_PIC_FRAME\BLE\LIB\libCH58xBLE.a(ip.o)
                0x0000000020002f62                BLE_SetPHYRxMode
 .highcode.LLE_IRQSubHandler
                0x0000000020002fea       0x18 G:\e_paper\TDX_BOE_E_PAPER\TDX_PIC_FRAME\BLE\LIB\libCH58xBLE.a(lle.o)
                0x0000000020002fea                LLE_IRQSubHandler
 .highcode.RFEND_WaitTune
                0x0000000020003002       0x2a G:\e_paper\TDX_BOE_E_PAPER\TDX_PIC_FRAME\BLE\LIB\libCH58xBLE.a(rfend.o)
                0x0000000020003002                RFEND_WaitTune
 .highcode.tmos_memory_allocate
                0x000000002000302c       0xc6 G:\e_paper\TDX_BOE_E_PAPER\TDX_PIC_FRAME\BLE\LIB\libCH58xBLE.a(memory.o)
                0x000000002000302c                tmos_memory_allocate
 .highcode.tmos_memory_free
                0x00000000200030f2       0xc4 G:\e_paper\TDX_BOE_E_PAPER\TDX_PIC_FRAME\BLE\LIB\libCH58xBLE.a(memory.o)
                0x00000000200030f2                tmos_memory_free
 .highcode.tmos_bm_adjust_header
                0x00000000200031b6       0x30 G:\e_paper\TDX_BOE_E_PAPER\TDX_PIC_FRAME\BLE\LIB\libCH58xBLE.a(memory.o)
                0x00000000200031b6                tmos_bm_adjust_header
 .highcode.llProcessPeriEvent
                0x00000000200031e6      0x11c G:\e_paper\TDX_BOE_E_PAPER\TDX_PIC_FRAME\BLE\LIB\libCH58xBLE.a(ll_periodic .o)
 .highcode.llPeriPawrRx
                0x0000000020003302      0x22a G:\e_paper\TDX_BOE_E_PAPER\TDX_PIC_FRAME\BLE\LIB\libCH58xBLE.a(ll_periodic .o)
 *(.highcode_lp)
 .highcode_lp   0x000000002000352c      0x2ba G:\e_paper\TDX_BOE_E_PAPER\TDX_PIC_FRAME\BLE\LIB\libCH58xBLE.a(tmos.o)
                0x000000002000352c                TMOS_CB_ProcessEvent
                0x000000002000358e                TMOS_CB_PeriodicProcessEvent
                0x000000002000360c                tmosFindTask
                0x0000000020003626                tmos_start_periodic_callback_task
                0x0000000020003726                tmos_set_event
                0x000000002000376c                tmos_update_periodic_callback_timer
 .highcode_lp   0x00000000200037e6       0x6a G:\e_paper\TDX_BOE_E_PAPER\TDX_PIC_FRAME\BLE\LIB\libCH58xBLE.a(gattservapp.o)
                0x00000000200037e6                gattFindServerInfo
                0x000000002000380a                GATT_FindHandle
 .highcode_lp   0x0000000020003850       0x2e G:\e_paper\TDX_BOE_E_PAPER\TDX_PIC_FRAME\BLE\LIB\libCH58xBLE.a(linkdb.o)
                0x0000000020003850                linkDB_Find
 .highcode_lp   0x000000002000387e      0x99c G:\e_paper\TDX_BOE_E_PAPER\TDX_PIC_FRAME\BLE\LIB\libCH58xBLE.a(ll_advertise.o)
                0x000000002000387e                ll_advertise_event_closed
                0x0000000020003a30                ll_advertise_generated_pdu
                0x0000000020003e24                ll_adv_ext_ind_tx_process
 .highcode_lp   0x000000002000421a      0x60c G:\e_paper\TDX_BOE_E_PAPER\TDX_PIC_FRAME\BLE\LIB\libCH58xBLE.a(ll_connect.o)
                0x000000002000421a                ll_connect_start_event
                0x00000000200045d2                ll_get_connect_anchorPoint
 .highcode_lp   0x0000000020004826      0x21c G:\e_paper\TDX_BOE_E_PAPER\TDX_PIC_FRAME\BLE\LIB\libCH58xBLE.a(ip.o)
                0x0000000020004826                BLE_CheckChannel
                0x00000000200048f4                ble_ll_hw_api_shut
                0x000000002000496e                phy_status_clear
 *(.highcode_lp.*)
                0x0000000020004a44                . = ALIGN (0x4)
 *fill*         0x0000000020004a42        0x2 
                0x0000000020004a44                PROVIDE (_highcode_vma_end = .)

.text           0x0000000000005a4c    0x28470
                0x0000000000005a4c                . = ALIGN (0x4)
 *(SORT_NONE(.handle_reset))
 .handle_reset  0x0000000000005a4c       0x46 ./Startup/startup_CH585.o
                0x0000000000005a4c                handle_reset
 *(.text)
 .text          0x0000000000005a92       0x16 e:/e_paper_tool/mounriver/mounriver_studio/toolchain/risc-v embedded gcc12/bin/../lib/gcc/riscv-none-elf/12.2.0/../../../../riscv-none-elf/lib\libg_nano.a(lib_a-memcpy-asm.o)
                0x0000000000005a92                memcpy
 .text          0x0000000000005aa8       0x10 e:/e_paper_tool/mounriver/mounriver_studio/toolchain/risc-v embedded gcc12/bin/../lib/gcc/riscv-none-elf/12.2.0/../../../../riscv-none-elf/lib\libg_nano.a(lib_a-memset.o)
                0x0000000000005aa8                memset
 .text          0x0000000000005ab8       0x18 e:/e_paper_tool/mounriver/mounriver_studio/toolchain/risc-v embedded gcc12/bin/../lib/gcc/riscv-none-elf/12.2.0/../../../../riscv-none-elf/lib\libg_nano.a(lib_a-strcmp.o)
                0x0000000000005ab8                strcmp
 .text          0x0000000000005ad0       0x26 e:/e_paper_tool/mounriver/mounriver_studio/toolchain/risc-v embedded gcc12/bin/../lib/gcc/riscv-none-elf/12.2.0/../../../../riscv-none-elf/lib\libg_nano.a(lib_a-memmove.o)
                0x0000000000005ad0                memmove
 *(.text.*)
 .text.ADC_DataCalib_Rough
                0x0000000000005af6       0x92 ./StdPeriphDriver/CH58x_adc.o
                0x0000000000005af6                ADC_DataCalib_Rough
 .text.ADC_ExtSingleChSampInit
                0x0000000000005b88       0x3c ./StdPeriphDriver/CH58x_adc.o
                0x0000000000005b88                ADC_ExtSingleChSampInit
 .text.ADC_InterTSSampInit
                0x0000000000005bc4       0x34 ./StdPeriphDriver/CH58x_adc.o
                0x0000000000005bc4                ADC_InterTSSampInit
 .text.ADC_ExcutSingleConver
                0x0000000000005bf8       0x32 ./StdPeriphDriver/CH58x_adc.o
                0x0000000000005bf8                ADC_ExcutSingleConver
 .text.HSECFG_Current
                0x0000000000005c2a       0x4e ./StdPeriphDriver/CH58x_clk.o
                0x0000000000005c2a                HSECFG_Current
 .text.LSECFG_Current
                0x0000000000005c78       0x4e ./StdPeriphDriver/CH58x_clk.o
                0x0000000000005c78                LSECFG_Current
 .text.RTC_InitTime
                0x0000000000005cc6      0x1d0 ./StdPeriphDriver/CH58x_clk.o
                0x0000000000005cc6                RTC_InitTime
 .text.Calibration_LSI
                0x0000000000005e96      0x8d8 ./StdPeriphDriver/CH58x_clk.o
                0x0000000000005e96                Calibration_LSI
 .text.RTC_TMRFunCfg
                0x000000000000676e       0x84 ./StdPeriphDriver/CH58x_clk.o
                0x000000000000676e                RTC_TMRFunCfg
 .text.RTC_TRIGFunCfg
                0x00000000000067f2       0x6e ./StdPeriphDriver/CH58x_clk.o
                0x00000000000067f2                RTC_TRIGFunCfg
 .text.GPIOA_ModeCfg
                0x0000000000006860       0xa6 ./StdPeriphDriver/CH58x_gpio.o
                0x0000000000006860                GPIOA_ModeCfg
 .text.GPIOB_ModeCfg
                0x0000000000006906       0xa6 ./StdPeriphDriver/CH58x_gpio.o
                0x0000000000006906                GPIOB_ModeCfg
 .text.GPIOPinRemap
                0x00000000000069ac       0x1a ./StdPeriphDriver/CH58x_gpio.o
                0x00000000000069ac                GPIOPinRemap
 .text.PWR_PeriphWakeUpCfg
                0x00000000000069c6       0xfc ./StdPeriphDriver/CH58x_pwr.o
                0x00000000000069c6                PWR_PeriphWakeUpCfg
 .text.GetSysClock
                0x0000000000006ac2       0x82 ./StdPeriphDriver/CH58x_sys.o
                0x0000000000006ac2                GetSysClock
 .text.SYS_GetSysTickCnt
                0x0000000000006b44        0x8 ./StdPeriphDriver/CH58x_sys.o
                0x0000000000006b44                SYS_GetSysTickCnt
 .text.WWDG_ResetCfg
                0x0000000000006b4c       0x58 ./StdPeriphDriver/CH58x_sys.o
                0x0000000000006b4c                WWDG_ResetCfg
 .text.WWDG_ClearFlag
                0x0000000000006ba4       0x4a ./StdPeriphDriver/CH58x_sys.o
                0x0000000000006ba4                WWDG_ClearFlag
 .text._write   0x0000000000006bee       0x28 ./StdPeriphDriver/CH58x_sys.o
                0x0000000000006bee                _write
 .text._sbrk    0x0000000000006c16       0x32 ./StdPeriphDriver/CH58x_sys.o
                0x0000000000006c16                _sbrk
 .text.UART0_BaudRateCfg
                0x0000000000006c48       0x30 ./StdPeriphDriver/CH58x_uart0.o
                0x0000000000006c48                UART0_BaudRateCfg
 .text.UART0_DefInit
                0x0000000000006c78       0x32 ./StdPeriphDriver/CH58x_uart0.o
                0x0000000000006c78                UART0_DefInit
 .text.UART1_BaudRateCfg
                0x0000000000006caa       0x30 ./StdPeriphDriver/CH58x_uart1.o
                0x0000000000006caa                UART1_BaudRateCfg
 .text.UART1_DefInit
                0x0000000000006cda       0x32 ./StdPeriphDriver/CH58x_uart1.o
                0x0000000000006cda                UART1_DefInit
 .text.UART1_ByteTrigCfg
                0x0000000000006d0c       0x1a ./StdPeriphDriver/CH58x_uart1.o
                0x0000000000006d0c                UART1_ByteTrigCfg
 .text.UART1_INTCfg
                0x0000000000006d26       0x2a ./StdPeriphDriver/CH58x_uart1.o
                0x0000000000006d26                UART1_INTCfg
 .text.UART1_SendString
                0x0000000000006d50       0x28 ./StdPeriphDriver/CH58x_uart1.o
                0x0000000000006d50                UART1_SendString
 .text.UART1_RecvString
                0x0000000000006d78       0x2a ./StdPeriphDriver/CH58x_uart1.o
                0x0000000000006d78                UART1_RecvString
 .text.hex_dump
                0x0000000000006da2       0x66 ./SPI/spi.o
                0x0000000000006da2                hex_dump
 .text.delay_ms
                0x0000000000006e08        0x8 ./SPI/spi.o
                0x0000000000006e08                delay_ms
 .text.OTAProfile_WriteAttrCB
                0x0000000000006e10       0x84 ./Profile/OTAprofile.o
 .text.OTAProfile_ReadAttrCB
                0x0000000000006e94       0x74 ./Profile/OTAprofile.o
 .text.OTAProfile_AddService
                0x0000000000006f08       0x20 ./Profile/OTAprofile.o
                0x0000000000006f08                OTAProfile_AddService
 .text.OTAProfile_RegisterAppCBs
                0x0000000000006f28        0xe ./Profile/OTAprofile.o
                0x0000000000006f28                OTAProfile_RegisterAppCBs
 .text.OTAProfile_SendData
                0x0000000000006f36       0x28 ./Profile/OTAprofile.o
                0x0000000000006f36                OTAProfile_SendData
 .text.TdxInfo_HandleConnStatusCB
                0x0000000000006f5e       0x70 ./Profile/tdxinfoservice.o
 .text.tdxInfo_WriteAttrCB
                0x0000000000006fce      0x108 ./Profile/tdxinfoservice.o
 .text.CustomerInfo_AddService
                0x00000000000070d6       0x70 ./Profile/tdxinfoservice.o
                0x00000000000070d6                CustomerInfo_AddService
 .text.ble_send_tdxInfo
                0x0000000000007146       0x84 ./Profile/tdxinfoservice.o
                0x0000000000007146                ble_send_tdxInfo
 .text.TdxInfo_SendWifiDataToFrontend
                0x00000000000071ca        0xa ./Profile/tdxinfoservice.o
                0x00000000000071ca                TdxInfo_SendWifiDataToFrontend
 .text.intBoardCastData
                0x00000000000071d4      0x27a ./Profile/tdxinfoservice.o
                0x00000000000071d4                intBoardCastData
 .text.P_scanBondRspData
                0x000000000000744e        0xe ./Profile/tdxinfoservice.o
                0x000000000000744e                P_scanBondRspData
 .text.DataCallBack
                0x000000000000745c       0x90 ./Profile/tdxinfoservice.o
                0x000000000000745c                DataCallBack
 .text.P_scanModeRspData
                0x00000000000074ec       0x58 ./Profile/tdxinfoservice.o
                0x00000000000074ec                P_scanModeRspData
 .text.P_scanAdcRspData
                0x0000000000007544       0x24 ./Profile/tdxinfoservice.o
                0x0000000000007544                P_scanAdcRspData
 .text.P_scanPreNumRspData
                0x0000000000007568        0x2 ./Profile/tdxinfoservice.o
                0x0000000000007568                P_scanPreNumRspData
 .text.P_scanIsChargeRspData
                0x000000000000756a       0x3a ./Profile/tdxinfoservice.o
                0x000000000000756a                P_scanIsChargeRspData
 .text.TdxInfo_ClearDisplayBusyProtect
                0x00000000000075a4        0x2 ./Profile/tdxinfoservice.o
                0x00000000000075a4                TdxInfo_ClearDisplayBusyProtect
 .text.notitySendEnd
                0x00000000000075a6       0x70 ./Profile/tdxinfoservice.o
                0x00000000000075a6                notitySendEnd
 .text.tdxInfo_ReadAttrCB
                0x0000000000007616       0xc0 ./Profile/tdxinfoservice.o
 .text.onByteAnalyzed
                0x00000000000076d6       0x32 ./Profile/rledecode.o
                0x00000000000076d6                onByteAnalyzed
 .text.onBytesAnalyzed
                0x0000000000007708       0x5c ./Profile/rledecode.o
                0x0000000000007708                onBytesAnalyzed
 .text.checkIfPieceComplete
                0x0000000000007764       0xf8 ./Profile/rledecode.o
                0x0000000000007764                checkIfPieceComplete
 .text.checkBit
                0x000000000000785c       0x66 ./Profile/rledecode.o
                0x000000000000785c                checkBit
 .text.feed     0x00000000000078c2       0x74 ./Profile/rledecode.o
                0x00000000000078c2                feed
 .text.wind_up  0x0000000000007936       0x30 ./Profile/rledecode.o
                0x0000000000007936                wind_up
 .text.reverse  0x0000000000007966       0x24 ./Profile/rledecode.o
                0x0000000000007966                reverse
 .text.rle_reverse_decrypt
                0x000000000000798a      0x10c ./Profile/rledecode.o
                0x000000000000798a                rle_reverse_decrypt
 .text.hexToChar
                0x0000000000007a96       0x1c ./Profile/util.o
                0x0000000000007a96                hexToChar
 .text.convert_number
                0x0000000000007ab2       0x46 ./Profile/util.o
                0x0000000000007ab2                convert_number
 .text.getAdcAndWorkMode
                0x0000000000007af8       0x24 ./Profile/util.o
                0x0000000000007af8                getAdcAndWorkMode
 .text.simpleProfile_WriteAttrCB
                0x0000000000007b1c       0xa2 ./Profile/gattprofile.o
 .text.simpleProfile_ReadAttrCB
                0x0000000000007bbe       0x8c ./Profile/gattprofile.o
 .text.simpleProfile_HandleConnStatusCB
                0x0000000000007c4a       0x3e ./Profile/gattprofile.o
 .text.SimpleProfile_AddService
                0x0000000000007c88       0x4c ./Profile/gattprofile.o
                0x0000000000007c88                SimpleProfile_AddService
 .text.SimpleProfile_RegisterAppCBs
                0x0000000000007cd4        0xe ./Profile/gattprofile.o
                0x0000000000007cd4                SimpleProfile_RegisterAppCBs
 .text.SimpleProfile_SetParameter
                0x0000000000007ce2       0x8c ./Profile/gattprofile.o
                0x0000000000007ce2                SimpleProfile_SetParameter
 .text.SimpleProfile_GetParameter
                0x0000000000007d6e       0x56 ./Profile/gattprofile.o
                0x0000000000007d6e                SimpleProfile_GetParameter
 .text.Lib_Calibration_LSI
                0x0000000000007dc4        0x6 ./HAL/MCU.o
                0x0000000000007dc4                Lib_Calibration_LSI
 .text.Lib_Read_Flash
                0x0000000000007dca       0x1c ./HAL/MCU.o
                0x0000000000007dca                Lib_Read_Flash
 .text.HAL_GetInterTempValue
                0x0000000000007de6       0x72 ./HAL/MCU.o
                0x0000000000007de6                HAL_GetInterTempValue
 .text.HAL_ProcessEvent
                0x0000000000007e58       0x82 ./HAL/MCU.o
                0x0000000000007e58                HAL_ProcessEvent
 .text.Lib_Write_Flash_584X
                0x0000000000007eda       0x84 ./HAL/MCU.o
                0x0000000000007eda                Lib_Write_Flash_584X
 .text.Lib_Write_Flash
                0x0000000000007f5e       0x68 ./HAL/MCU.o
                0x0000000000007f5e                Lib_Write_Flash
 .text.CH58x_BLEInit
                0x0000000000007fc6      0x142 ./HAL/MCU.o
                0x0000000000007fc6                CH58x_BLEInit
 .text.HAL_Init
                0x0000000000008108       0x32 ./HAL/MCU.o
                0x0000000000008108                HAL_Init
 .text.HAL_TimeInit
                0x000000000000813a       0xd2 ./HAL/RTC.o
                0x000000000000813a                HAL_TimeInit
 .text.HAL_SleepInit
                0x000000000000820c       0x8a ./HAL/SLEEP.o
                0x000000000000820c                HAL_SleepInit
 .text.EPD_Display_Time
                0x0000000000008296        0x6 ./APP/driver/epd/SPD1657_400_600_color6.o
                0x0000000000008296                EPD_Display_Time
 .text.EPD_GetScreenType
                0x000000000000829c        0x6 ./APP/driver/epd/SPD1657_400_600_color6.o
                0x000000000000829c                EPD_GetScreenType
 .text.ControlEPDPower
                0x00000000000082a2       0x3e ./APP/api/display_api.o
                0x00000000000082a2                ControlEPDPower
 .text.getRefreshScreenTime
                0x00000000000082e0        0x2 ./APP/api/display_api.o
                0x00000000000082e0                getRefreshScreenTime
 .text.getFlashMaxGroup
                0x00000000000082e2        0x4 ./APP/api/flash_api.o
                0x00000000000082e2                getFlashMaxGroup
 .text.getPicSaveNum
                0x00000000000082e6       0x56 ./APP/api/presave_api.o
                0x00000000000082e6                getPicSaveNum
 .text.initPicSave
                0x000000000000833c      0x15c ./APP/api/presave_api.o
                0x000000000000833c                initPicSave
 .text.setWorkMode
                0x0000000000008498       0x78 ./APP/api/presave_api.o
                0x0000000000008498                setWorkMode
 .text.GetCurrentAdcValue
                0x0000000000008510       0x2a ./APP/api/adc_api.o
                0x0000000000008510                GetCurrentAdcValue
 .text.GetCurrentChargeStatus
                0x000000000000853a        0xe ./APP/api/adc_api.o
                0x000000000000853a                GetCurrentChargeStatus
 .text.GetNeedTimeToFull
                0x0000000000008548       0x48 ./APP/api/adc_api.o
                0x0000000000008548                GetNeedTimeToFull
 .text.AdcInit  0x0000000000008590       0xae ./APP/api/adc_api.o
                0x0000000000008590                AdcInit
 .text.AdcTask  0x000000000000863e      0x272 ./APP/api/adc_api.o
                0x000000000000863e                AdcTask
 .text.Stop_Central_Scan
                0x00000000000088b0        0x4 ./APP/central.o
                0x00000000000088b0                Stop_Central_Scan
 .text.peripheralRssiCB
                0x00000000000088b4       0x4a ./APP/peripheral.o
 .text.OTA_IAPReadDataComplete
                0x00000000000088fe       0x40 ./APP/peripheral.o
                0x00000000000088fe                OTA_IAPReadDataComplete
 .text.peripheralStateNotificationCB
                0x000000000000893e      0x318 ./APP/peripheral.o
 .text.simpleProfileChangeCB
                0x0000000000008c56       0x3e ./APP/peripheral.o
 .text.peripheralParamUpdateCB
                0x0000000000008c94       0xb2 ./APP/peripheral.o
 .text.Save_EEPROM_Flag
                0x0000000000008d46       0x84 ./APP/peripheral.o
                0x0000000000008d46                Save_EEPROM_Flag
 .text.Get_EEPROM_Flag
                0x0000000000008dca       0x50 ./APP/peripheral.o
                0x0000000000008dca                Get_EEPROM_Flag
 .text.Stop_advertising
                0x0000000000008e1a       0x1c ./APP/peripheral.o
                0x0000000000008e1a                Stop_advertising
 .text.Start_advertising
                0x0000000000008e36       0x1e ./APP/peripheral.o
                0x0000000000008e36                Start_advertising
 .text.Peripheral_Init
                0x0000000000008e54      0x1aa ./APP/peripheral.o
                0x0000000000008e54                Peripheral_Init
 .text.OTA_IAP_SendData
                0x0000000000008ffe        0xa ./APP/peripheral.o
                0x0000000000008ffe                OTA_IAP_SendData
 .text.OTA_IAP_SendCMDDealSta
                0x0000000000009008       0x18 ./APP/peripheral.o
                0x0000000000009008                OTA_IAP_SendCMDDealSta
 .text.Peripheral_ProcessEvent
                0x0000000000009020      0x1de ./APP/peripheral.o
                0x0000000000009020                Peripheral_ProcessEvent
 .text.OTA_IAP_CMDErrDeal
                0x00000000000091fe        0x6 ./APP/peripheral.o
                0x00000000000091fe                OTA_IAP_CMDErrDeal
 .text.SwitchImageFlag
                0x0000000000009204       0x5c ./APP/peripheral.o
                0x0000000000009204                SwitchImageFlag
 .text.DisableAllIRQ
                0x0000000000009260        0xa ./APP/peripheral.o
                0x0000000000009260                DisableAllIRQ
 .text.Rec_OTA_IAP_DataDeal
                0x000000000000926a      0x428 ./APP/peripheral.o
                0x000000000000926a                Rec_OTA_IAP_DataDeal
 .text.Rec_OTA_Data
                0x0000000000009692       0x26 ./APP/peripheral.o
                0x0000000000009692                Rec_OTA_Data
 .text.OTA_IAPWriteData
                0x00000000000096b8       0xa2 ./APP/peripheral.o
                0x00000000000096b8                OTA_IAPWriteData
 .text.WifiWakeKey_Config
                0x000000000000975a       0x28 ./APP/peripheral_main.o
 .text.WifiWakeKey_Poll
                0x0000000000009782       0xee ./APP/peripheral_main.o
 .text.low_power_IIO_New
                0x0000000000009870       0x96 ./APP/peripheral_main.o
                0x0000000000009870                low_power_IIO_New
 .text.Disable_GPIO_IRQ
                0x0000000000009906       0x12 ./APP/peripheral_main.o
                0x0000000000009906                Disable_GPIO_IRQ
 .text.Low_Power_RTC
                0x0000000000009918      0x276 ./APP/peripheral_main.o
                0x0000000000009918                Low_Power_RTC
 .text.Low_power_IDLE
                0x0000000000009b8e       0xfe ./APP/peripheral_main.o
                0x0000000000009b8e                Low_power_IDLE
 .text.Low_power
                0x0000000000009c8c       0x9a ./APP/peripheral_main.o
                0x0000000000009c8c                Low_power
 .text.Main_Event
                0x0000000000009d26      0x328 ./APP/peripheral_main.o
                0x0000000000009d26                Main_Event
 .text.CharToHex
                0x000000000000a04e       0x2a ./APP/peripheral_main.o
                0x000000000000a04e                CharToHex
 .text.Mac_To_Ascii
                0x000000000000a078       0x52 ./APP/peripheral_main.o
                0x000000000000a078                Mac_To_Ascii
 .text.startup.main
                0x000000000000a0ca      0x10c ./APP/peripheral_main.o
                0x000000000000a0ca                main
 .text.WifiPassthrough_RxPush
                0x000000000000a1d6       0x36 ./APP/uart1_wifi_passthrough.o
 .text.WifiPassthrough_Crc16Ccitt
                0x000000000000a20c       0x48 ./APP/uart1_wifi_passthrough.o
 .text.WifiPassthrough_ConfigUartOffIo
                0x000000000000a254       0x34 ./APP/uart1_wifi_passthrough.o
 .text.WifiPassthrough_SendProtocolFrameEx
                0x000000000000a288      0x1e6 ./APP/uart1_wifi_passthrough.o
 .text.WifiPassthrough_SendProtocolFrame
                0x000000000000a46e       0x28 ./APP/uart1_wifi_passthrough.o
 .text.WifiPassthrough_SendAck
                0x000000000000a496       0x28 ./APP/uart1_wifi_passthrough.o
 .text.WifiPassthrough_SendErr
                0x000000000000a4be       0x6a ./APP/uart1_wifi_passthrough.o
 .text.WifiPassthrough_IsPortValid
                0x000000000000a528       0x34 ./APP/uart1_wifi_passthrough.o
 .text.WifiPassthrough_ParseDec16
                0x000000000000a55c       0x42 ./APP/uart1_wifi_passthrough.o
 .text.WifiPassthrough_SendBleDataChunks.part.1
                0x000000000000a59e       0x86 ./APP/uart1_wifi_passthrough.o
 .text.WifiPassthrough_SetWake
                0x000000000000a624      0x12c ./APP/uart1_wifi_passthrough.o
 .text.WifiPassthrough_RequestWake
                0x000000000000a750      0x102 ./APP/uart1_wifi_passthrough.o
 .text.WifiPassthrough_IsDeniedGpio
                0x000000000000a852       0x68 ./APP/uart1_wifi_passthrough.o
 .text.WifiPassthrough_Init
                0x000000000000a8ba       0x9c ./APP/uart1_wifi_passthrough.o
                0x000000000000a8ba                WifiPassthrough_Init
 .text.WifiPassthrough_OnBleConnected
                0x000000000000a956       0x16 ./APP/uart1_wifi_passthrough.o
                0x000000000000a956                WifiPassthrough_OnBleConnected
 .text.WifiPassthrough_OnBleDisconnected
                0x000000000000a96c       0x42 ./APP/uart1_wifi_passthrough.o
                0x000000000000a96c                WifiPassthrough_OnBleDisconnected
 .text.WifiPassthrough_BleWrite
                0x000000000000a9ae       0xca ./APP/uart1_wifi_passthrough.o
                0x000000000000a9ae                WifiPassthrough_BleWrite
 .text.WifiPassthrough_OnWifiDone
                0x000000000000aa78       0xa6 ./APP/uart1_wifi_passthrough.o
                0x000000000000aa78                WifiPassthrough_OnWifiDone
 .text.WifiPassthrough_HandleProtocolFrame
                0x000000000000ab1e      0x8ae ./APP/uart1_wifi_passthrough.o
 .text.WifiPassthrough_ProcessRx
                0x000000000000b3cc      0x1ca ./APP/uart1_wifi_passthrough.o
                0x000000000000b3cc                WifiPassthrough_ProcessRx
 .text.WifiPassthrough_FastPoll
                0x000000000000b596        0x4 ./APP/uart1_wifi_passthrough.o
                0x000000000000b596                WifiPassthrough_FastPoll
 .text.WifiPassthrough_ProcessEvent
                0x000000000000b59a      0x41a ./APP/uart1_wifi_passthrough.o
 .text.WifiPassthrough_EnterLowPowerIo
                0x000000000000b9b4       0x12 ./APP/uart1_wifi_passthrough.o
                0x000000000000b9b4                WifiPassthrough_EnterLowPowerIo
 .text.WifiPassthrough_OnUsbPowerChanged
                0x000000000000b9c6      0x166 ./APP/uart1_wifi_passthrough.o
                0x000000000000b9c6                WifiPassthrough_OnUsbPowerChanged
 .text.WifiPassthrough_OnWakeKeyPressed
                0x000000000000bb2c       0x44 ./APP/uart1_wifi_passthrough.o
                0x000000000000bb2c                WifiPassthrough_OnWakeKeyPressed
 .text.WifiPassthrough_IsWifiAwake
                0x000000000000bb70        0x6 ./APP/uart1_wifi_passthrough.o
                0x000000000000bb70                WifiPassthrough_IsWifiAwake
 .text.WifiPassthrough_IsUsbPowerPresent
                0x000000000000bb76        0x6 ./APP/uart1_wifi_passthrough.o
                0x000000000000bb76                WifiPassthrough_IsUsbPowerPresent
 .text.WifiPassthrough_IsWakePending
                0x000000000000bb7c        0x6 ./APP/uart1_wifi_passthrough.o
                0x000000000000bb7c                WifiPassthrough_IsWakePending
 .text.ADC      0x000000000000bb82      0x15c ./ADC/ADC.o
                0x000000000000bb82                ADC
 .text.tmos_msg_extract
                0x000000000000bcde       0x1e G:\e_paper\TDX_BOE_E_PAPER\TDX_PIC_FRAME\BLE\LIB\libCH58xBLE.a(message.o)
                0x000000000000bcde                tmos_msg_extract
 .text.tmos_msg_deallocate
                0x000000000000bcfc       0x52 G:\e_paper\TDX_BOE_E_PAPER\TDX_PIC_FRAME\BLE\LIB\libCH58xBLE.a(message.o)
                0x000000000000bcfc                tmos_msg_deallocate
 .text.tmos_msg_send
                0x000000000000bd4e       0x9e G:\e_paper\TDX_BOE_E_PAPER\TDX_PIC_FRAME\BLE\LIB\libCH58xBLE.a(message.o)
                0x000000000000bd4e                tmos_msg_send
 .text.tmos_msg_init
                0x000000000000bdec        0x6 G:\e_paper\TDX_BOE_E_PAPER\TDX_PIC_FRAME\BLE\LIB\libCH58xBLE.a(message.o)
                0x000000000000bdec                tmos_msg_init
 .text.tmos_rand
                0x000000000000bdf2       0x66 G:\e_paper\TDX_BOE_E_PAPER\TDX_PIC_FRAME\BLE\LIB\libCH58xBLE.a(tmos.o)
                0x000000000000bdf2                tmos_rand
 .text.tmos_clear_event
                0x000000000000be58       0x40 G:\e_paper\TDX_BOE_E_PAPER\TDX_PIC_FRAME\BLE\LIB\libCH58xBLE.a(tmos.o)
                0x000000000000be58                tmos_clear_event
 .text.tmos_update_callback_timer
                0x000000000000be98       0xd8 G:\e_paper\TDX_BOE_E_PAPER\TDX_PIC_FRAME\BLE\LIB\libCH58xBLE.a(tmos.o)
                0x000000000000be98                tmos_update_callback_timer
 .text.tmos_start_task
                0x000000000000bf70      0x14c G:\e_paper\TDX_BOE_E_PAPER\TDX_PIC_FRAME\BLE\LIB\libCH58xBLE.a(tmos.o)
                0x000000000000bf70                tmos_start_task
 .text.tmos_start_callback_task
                0x000000000000c0bc       0xc0 G:\e_paper\TDX_BOE_E_PAPER\TDX_PIC_FRAME\BLE\LIB\libCH58xBLE.a(tmos.o)
                0x000000000000c0bc                tmos_start_callback_task
 .text.tmos_start_reload_task
                0x000000000000c17c       0x82 G:\e_paper\TDX_BOE_E_PAPER\TDX_PIC_FRAME\BLE\LIB\libCH58xBLE.a(tmos.o)
                0x000000000000c17c                tmos_start_reload_task
 .text.tmos_stop_task
                0x000000000000c1fe       0x96 G:\e_paper\TDX_BOE_E_PAPER\TDX_PIC_FRAME\BLE\LIB\libCH58xBLE.a(tmos.o)
                0x000000000000c1fe                tmos_stop_task
 .text.tmos_stop_callback_task
                0x000000000000c294       0x7e G:\e_paper\TDX_BOE_E_PAPER\TDX_PIC_FRAME\BLE\LIB\libCH58xBLE.a(tmos.o)
                0x000000000000c294                tmos_stop_callback_task
 .text.tmos_get_task_timer
                0x000000000000c312       0x7e G:\e_paper\TDX_BOE_E_PAPER\TDX_PIC_FRAME\BLE\LIB\libCH58xBLE.a(tmos.o)
                0x000000000000c312                tmos_get_task_timer
 .text.TMOS_TimerRegister
                0x000000000000c390       0x1a G:\e_paper\TDX_BOE_E_PAPER\TDX_PIC_FRAME\BLE\LIB\libCH58xBLE.a(tmos.o)
                0x000000000000c390                TMOS_TimerRegister
 .text.TMOS_Init
                0x000000000000c3aa      0x10c G:\e_paper\TDX_BOE_E_PAPER\TDX_PIC_FRAME\BLE\LIB\libCH58xBLE.a(tmos.o)
                0x000000000000c3aa                TMOS_Init
 .text.TMOS_ProcessEventRegister
                0x000000000000c4b6       0x2a G:\e_paper\TDX_BOE_E_PAPER\TDX_PIC_FRAME\BLE\LIB\libCH58xBLE.a(tmos.o)
                0x000000000000c4b6                TMOS_ProcessEventRegister
 .text.BLE_LibInit
                0x000000000000c4e0       0xf6 G:\e_paper\TDX_BOE_E_PAPER\TDX_PIC_FRAME\BLE\LIB\libCH58xBLE.a(tmos.o)
                0x000000000000c4e0                BLE_LibInit
 .text.clockGetTickValve
                0x000000000000c5d6       0x80 G:\e_paper\TDX_BOE_E_PAPER\TDX_PIC_FRAME\BLE\LIB\libCH58xBLE.a(tmos_hw.o)
 .text.ll_get_sca_divisor
                0x000000000000c656       0x40 G:\e_paper\TDX_BOE_E_PAPER\TDX_PIC_FRAME\BLE\LIB\libCH58xBLE.a(tmos_hw.o)
                0x000000000000c656                ll_get_sca_divisor
 .text.ll_get_sca_own
                0x000000000000c696       0x46 G:\e_paper\TDX_BOE_E_PAPER\TDX_PIC_FRAME\BLE\LIB\libCH58xBLE.a(tmos_hw.o)
                0x000000000000c696                ll_get_sca_own
 .text.ble_ll_common_rand8
                0x000000000000c6dc       0x28 G:\e_paper\TDX_BOE_E_PAPER\TDX_PIC_FRAME\BLE\LIB\libCH58xBLE.a(tmos_hw.o)
                0x000000000000c6dc                ble_ll_common_rand8
 .text.ble_ll_common_rand16
                0x000000000000c704       0x28 G:\e_paper\TDX_BOE_E_PAPER\TDX_PIC_FRAME\BLE\LIB\libCH58xBLE.a(tmos_hw.o)
                0x000000000000c704                ble_ll_common_rand16
 .text.ble_ll_common_rand32
                0x000000000000c72c       0x22 G:\e_paper\TDX_BOE_E_PAPER\TDX_PIC_FRAME\BLE\LIB\libCH58xBLE.a(tmos_hw.o)
                0x000000000000c72c                ble_ll_common_rand32
 .text.TMOS_TempSample
                0x000000000000c74e       0x5c G:\e_paper\TDX_BOE_E_PAPER\TDX_PIC_FRAME\BLE\LIB\libCH58xBLE.a(tmos_hw.o)
                0x000000000000c74e                TMOS_TempSample
 .text.TMOS_TimerInit
                0x000000000000c7aa       0xe2 G:\e_paper\TDX_BOE_E_PAPER\TDX_PIC_FRAME\BLE\LIB\libCH58xBLE.a(tmos_hw.o)
                0x000000000000c7aa                TMOS_TimerInit
 .text.tmos_snv_init
                0x000000000000c88c       0xa6 G:\e_paper\TDX_BOE_E_PAPER\TDX_PIC_FRAME\BLE\LIB\libCH58xBLE.a(tmos_snv.o)
                0x000000000000c88c                tmos_snv_init
 .text.tmos_snv_read
                0x000000000000c932      0x20e G:\e_paper\TDX_BOE_E_PAPER\TDX_PIC_FRAME\BLE\LIB\libCH58xBLE.a(tmos_snv.o)
                0x000000000000c932                tmos_snv_read
 .text.tmos_snv_notify
                0x000000000000cb40       0x54 G:\e_paper\TDX_BOE_E_PAPER\TDX_PIC_FRAME\BLE\LIB\libCH58xBLE.a(tmos_snv.o)
                0x000000000000cb40                tmos_snv_notify
 .text.tmos_snv_write
                0x000000000000cb94      0x25e G:\e_paper\TDX_BOE_E_PAPER\TDX_PIC_FRAME\BLE\LIB\libCH58xBLE.a(tmos_snv.o)
                0x000000000000cb94                tmos_snv_write
 .text.tmos_snv_compact
                0x000000000000cdf2        0x4 G:\e_paper\TDX_BOE_E_PAPER\TDX_PIC_FRAME\BLE\LIB\libCH58xBLE.a(tmos_snv.o)
                0x000000000000cdf2                tmos_snv_compact
 .text.disconnectNext
                0x000000000000cdf6       0x20 G:\e_paper\TDX_BOE_E_PAPER\TDX_PIC_FRAME\BLE\LIB\libCH58xBLE.a(gap.o)
 .text.GAP_ParamInit
                0x000000000000ce16       0xec G:\e_paper\TDX_BOE_E_PAPER\TDX_PIC_FRAME\BLE\LIB\libCH58xBLE.a(gap.o)
                0x000000000000ce16                GAP_ParamInit
 .text.sendTerminateEvent
                0x000000000000cf02       0x62 G:\e_paper\TDX_BOE_E_PAPER\TDX_PIC_FRAME\BLE\LIB\libCH58xBLE.a(gap.o)
                0x000000000000cf02                sendTerminateEvent
 .text.gapRegisterCentral
                0x000000000000cf64        0x6 G:\e_paper\TDX_BOE_E_PAPER\TDX_PIC_FRAME\BLE\LIB\libCH58xBLE.a(gap.o)
                0x000000000000cf64                gapRegisterCentral
 .text.gapRegisterCentralConn
                0x000000000000cf6a        0x6 G:\e_paper\TDX_BOE_E_PAPER\TDX_PIC_FRAME\BLE\LIB\libCH58xBLE.a(gap.o)
                0x000000000000cf6a                gapRegisterCentralConn
 .text.gapRegisterPeripheral
                0x000000000000cf70        0x6 G:\e_paper\TDX_BOE_E_PAPER\TDX_PIC_FRAME\BLE\LIB\libCH58xBLE.a(gap.o)
                0x000000000000cf70                gapRegisterPeripheral
 .text.gapRegisterPeripheralConn
                0x000000000000cf76        0x6 G:\e_paper\TDX_BOE_E_PAPER\TDX_PIC_FRAME\BLE\LIB\libCH58xBLE.a(gap.o)
                0x000000000000cf76                gapRegisterPeripheralConn
 .text.smGenerateRandBuf
                0x000000000000cf7c       0x54 G:\e_paper\TDX_BOE_E_PAPER\TDX_PIC_FRAME\BLE\LIB\libCH58xBLE.a(gap.o)
                0x000000000000cf7c                smGenerateRandBuf
 .text.gapL2capConnParamUpdateReq
                0x000000000000cfd0       0x34 G:\e_paper\TDX_BOE_E_PAPER\TDX_PIC_FRAME\BLE\LIB\libCH58xBLE.a(gap.o)
                0x000000000000cfd0                gapL2capConnParamUpdateReq
 .text.gapValidADType
                0x000000000000d004       0x16 G:\e_paper\TDX_BOE_E_PAPER\TDX_PIC_FRAME\BLE\LIB\libCH58xBLE.a(gap.o)
                0x000000000000d004                gapValidADType
 .text.gapFindADType
                0x000000000000d01a       0x8c G:\e_paper\TDX_BOE_E_PAPER\TDX_PIC_FRAME\BLE\LIB\libCH58xBLE.a(gap.o)
                0x000000000000d01a                gapFindADType
 .text.GAP_SecParamsInit
                0x000000000000d0a6       0x9a G:\e_paper\TDX_BOE_E_PAPER\TDX_PIC_FRAME\BLE\LIB\libCH58xBLE.a(gap.o)
                0x000000000000d0a6                GAP_SecParamsInit
 .text.GAP_ParamsInit
                0x000000000000d140       0x54 G:\e_paper\TDX_BOE_E_PAPER\TDX_PIC_FRAME\BLE\LIB\libCH58xBLE.a(gap.o)
                0x000000000000d140                GAP_ParamsInit
 .text.gapAddAddrAdj
                0x000000000000d194       0x3a G:\e_paper\TDX_BOE_E_PAPER\TDX_PIC_FRAME\BLE\LIB\libCH58xBLE.a(gap.o)
                0x000000000000d194                gapAddAddrAdj
 .text.gapDetermineAddrType
                0x000000000000d1ce       0x26 G:\e_paper\TDX_BOE_E_PAPER\TDX_PIC_FRAME\BLE\LIB\libCH58xBLE.a(gap.o)
                0x000000000000d1ce                gapDetermineAddrType
 .text.gapFreeAuthLink
                0x000000000000d1f4       0x4a G:\e_paper\TDX_BOE_E_PAPER\TDX_PIC_FRAME\BLE\LIB\libCH58xBLE.a(gap.o)
                0x000000000000d1f4                gapFreeAuthLink
 .text.gapGetDevAddress
                0x000000000000d23e       0x24 G:\e_paper\TDX_BOE_E_PAPER\TDX_PIC_FRAME\BLE\LIB\libCH58xBLE.a(gap.o)
                0x000000000000d23e                gapGetDevAddress
 .text.gapGetDevAddressMode
                0x000000000000d262        0xa G:\e_paper\TDX_BOE_E_PAPER\TDX_PIC_FRAME\BLE\LIB\libCH58xBLE.a(gap.o)
                0x000000000000d262                gapGetDevAddressMode
 .text.gapGetIRK
                0x000000000000d26c        0xa G:\e_paper\TDX_BOE_E_PAPER\TDX_PIC_FRAME\BLE\LIB\libCH58xBLE.a(gap.o)
                0x000000000000d26c                gapGetIRK
 .text.gapGetSRK
                0x000000000000d276        0xa G:\e_paper\TDX_BOE_E_PAPER\TDX_PIC_FRAME\BLE\LIB\libCH58xBLE.a(gap.o)
                0x000000000000d276                gapGetSRK
 .text.gapGetSignCounter
                0x000000000000d280        0xc G:\e_paper\TDX_BOE_E_PAPER\TDX_PIC_FRAME\BLE\LIB\libCH58xBLE.a(gap.o)
                0x000000000000d280                gapGetSignCounter
 .text.gapIncSignCounter
                0x000000000000d28c       0x26 G:\e_paper\TDX_BOE_E_PAPER\TDX_PIC_FRAME\BLE\LIB\libCH58xBLE.a(gap.o)
                0x000000000000d28c                gapIncSignCounter
 .text.gapProcessConnEvt
                0x000000000000d2b2       0x3e G:\e_paper\TDX_BOE_E_PAPER\TDX_PIC_FRAME\BLE\LIB\libCH58xBLE.a(gap.o)
                0x000000000000d2b2                gapProcessConnEvt
 .text.gapProcessDisconnectCompleteEvt
                0x000000000000d2f0       0xa2 G:\e_paper\TDX_BOE_E_PAPER\TDX_PIC_FRAME\BLE\LIB\libCH58xBLE.a(gap.o)
                0x000000000000d2f0                gapProcessDisconnectCompleteEvt
 .text.sendAuthEvent
                0x000000000000d392      0x12a G:\e_paper\TDX_BOE_E_PAPER\TDX_PIC_FRAME\BLE\LIB\libCH58xBLE.a(gap.o)
                0x000000000000d392                sendAuthEvent
 .text.gapSendBondCompleteEvent
                0x000000000000d4bc       0x78 G:\e_paper\TDX_BOE_E_PAPER\TDX_PIC_FRAME\BLE\LIB\libCH58xBLE.a(gap.o)
                0x000000000000d4bc                gapSendBondCompleteEvent
 .text.gapSendPairingReqEvent
                0x000000000000d534       0xb2 G:\e_paper\TDX_BOE_E_PAPER\TDX_PIC_FRAME\BLE\LIB\libCH58xBLE.a(gap.o)
                0x000000000000d534                gapSendPairingReqEvent
 .text.gapSendSlaveSecurityReqEvent
                0x000000000000d5e6       0x6c G:\e_paper\TDX_BOE_E_PAPER\TDX_PIC_FRAME\BLE\LIB\libCH58xBLE.a(gap.o)
                0x000000000000d5e6                gapSendSlaveSecurityReqEvent
 .text.gapSendDeviceInitDoneEvent
                0x000000000000d652       0x74 G:\e_paper\TDX_BOE_E_PAPER\TDX_PIC_FRAME\BLE\LIB\libCH58xBLE.a(gap.o)
                0x000000000000d652                gapSendDeviceInitDoneEvent
 .text.gapSendLinkUpdateEvent
                0x000000000000d6c6       0xb0 G:\e_paper\TDX_BOE_E_PAPER\TDX_PIC_FRAME\BLE\LIB\libCH58xBLE.a(gap.o)
                0x000000000000d6c6                gapSendLinkUpdateEvent
 .text.gapSendPhyUpdateEvent
                0x000000000000d776       0x4c G:\e_paper\TDX_BOE_E_PAPER\TDX_PIC_FRAME\BLE\LIB\libCH58xBLE.a(gap.o)
                0x000000000000d776                gapSendPhyUpdateEvent
 .text.gapSendPeriodicAdvSyncTransferReceivedEvent
                0x000000000000d7c2       0x92 G:\e_paper\TDX_BOE_E_PAPER\TDX_PIC_FRAME\BLE\LIB\libCH58xBLE.a(gap.o)
                0x000000000000d7c2                gapSendPeriodicAdvSyncTransferReceivedEvent
 .text.gapSendEstLinkEvent
                0x000000000000d854       0x8a G:\e_paper\TDX_BOE_E_PAPER\TDX_PIC_FRAME\BLE\LIB\libCH58xBLE.a(gap.o)
                0x000000000000d854                gapSendEstLinkEvent
 .text.gapProcessNewAddr
                0x000000000000d8de       0x44 G:\e_paper\TDX_BOE_E_PAPER\TDX_PIC_FRAME\BLE\LIB\libCH58xBLE.a(gap.o)
                0x000000000000d8de                gapProcessNewAddr
 .text.gapProcessRandomAddrComplete
                0x000000000000d922       0x82 G:\e_paper\TDX_BOE_E_PAPER\TDX_PIC_FRAME\BLE\LIB\libCH58xBLE.a(gap.o)
                0x000000000000d922                gapProcessRandomAddrComplete
 .text.GAP_Authenticate
                0x000000000000d9a4       0xe0 G:\e_paper\TDX_BOE_E_PAPER\TDX_PIC_FRAME\BLE\LIB\libCH58xBLE.a(gap.o)
                0x000000000000d9a4                GAP_Authenticate
 .text.GAP_Bond
                0x000000000000da84       0xa4 G:\e_paper\TDX_BOE_E_PAPER\TDX_PIC_FRAME\BLE\LIB\libCH58xBLE.a(gap.o)
                0x000000000000da84                GAP_Bond
 .text.GAP_GetParamValue
                0x000000000000db28       0x1e G:\e_paper\TDX_BOE_E_PAPER\TDX_PIC_FRAME\BLE\LIB\libCH58xBLE.a(gap.o)
                0x000000000000db28                GAP_GetParamValue
 .text.GAP_PasscodeUpdate
                0x000000000000db46       0x54 G:\e_paper\TDX_BOE_E_PAPER\TDX_PIC_FRAME\BLE\LIB\libCH58xBLE.a(gap.o)
                0x000000000000db46                GAP_PasscodeUpdate
 .text.GAP_RegisterForMsgs
                0x000000000000db9a        0xa G:\e_paper\TDX_BOE_E_PAPER\TDX_PIC_FRAME\BLE\LIB\libCH58xBLE.a(gap.o)
                0x000000000000db9a                GAP_RegisterForMsgs
 .text.GAP_ResolvePrivateAddr
                0x000000000000dba4        0x4 G:\e_paper\TDX_BOE_E_PAPER\TDX_PIC_FRAME\BLE\LIB\libCH58xBLE.a(gap.o)
                0x000000000000dba4                GAP_ResolvePrivateAddr
 .text.gapPairingCompleteCB
                0x000000000000dba8      0x1de G:\e_paper\TDX_BOE_E_PAPER\TDX_PIC_FRAME\BLE\LIB\libCH58xBLE.a(gap.o)
                0x000000000000dba8                gapPairingCompleteCB
 .text.gapPasskeyNeededCB
                0x000000000000dd86       0x8e G:\e_paper\TDX_BOE_E_PAPER\TDX_PIC_FRAME\BLE\LIB\libCH58xBLE.a(gap.o)
                0x000000000000dd86                gapPasskeyNeededCB
 .text.gapOobNeededCB
                0x000000000000de14       0xac G:\e_paper\TDX_BOE_E_PAPER\TDX_PIC_FRAME\BLE\LIB\libCH58xBLE.a(gap.o)
                0x000000000000de14                gapOobNeededCB
 .text.gapFreeEstLink
                0x000000000000dec0       0x1e G:\e_paper\TDX_BOE_E_PAPER\TDX_PIC_FRAME\BLE\LIB\libCH58xBLE.a(gap.o)
                0x000000000000dec0                gapFreeEstLink
 .text.gapUpdateConnSignCounter
                0x000000000000dede       0x7a G:\e_paper\TDX_BOE_E_PAPER\TDX_PIC_FRAME\BLE\LIB\libCH58xBLE.a(gap.o)
                0x000000000000dede                gapUpdateConnSignCounter
 .text.GAP_SendSlaveSecurityRequest
                0x000000000000df58       0x4a G:\e_paper\TDX_BOE_E_PAPER\TDX_PIC_FRAME\BLE\LIB\libCH58xBLE.a(gap.o)
                0x000000000000df58                GAP_SendSlaveSecurityRequest
 .text.GAP_Signable
                0x000000000000dfa2       0x6a G:\e_paper\TDX_BOE_E_PAPER\TDX_PIC_FRAME\BLE\LIB\libCH58xBLE.a(gap.o)
                0x000000000000dfa2                GAP_Signable
 .text.GAP_TerminateAuth
                0x000000000000e00c       0x2e G:\e_paper\TDX_BOE_E_PAPER\TDX_PIC_FRAME\BLE\LIB\libCH58xBLE.a(gap.o)
                0x000000000000e00c                GAP_TerminateAuth
 .text.GAP_NumActiveConnections
                0x000000000000e03a        0x4 G:\e_paper\TDX_BOE_E_PAPER\TDX_PIC_FRAME\BLE\LIB\libCH58xBLE.a(gap.o)
                0x000000000000e03a                GAP_NumActiveConnections
 .text.GAP_TerminateLinkReq
                0x000000000000e03e       0x88 G:\e_paper\TDX_BOE_E_PAPER\TDX_PIC_FRAME\BLE\LIB\libCH58xBLE.a(gap.o)
                0x000000000000e03e                GAP_TerminateLinkReq
 .text.GAP_SetParamValue
                0x000000000000e0c6       0x6a G:\e_paper\TDX_BOE_E_PAPER\TDX_PIC_FRAME\BLE\LIB\libCH58xBLE.a(gap.o)
                0x000000000000e0c6                GAP_SetParamValue
 .text.GAP_Init
                0x000000000000e130       0x42 G:\e_paper\TDX_BOE_E_PAPER\TDX_PIC_FRAME\BLE\LIB\libCH58xBLE.a(gap.o)
                0x000000000000e130                GAP_Init
 .text.GAP_ProcessEvent
                0x000000000000e172      0x5e8 G:\e_paper\TDX_BOE_E_PAPER\TDX_PIC_FRAME\BLE\LIB\libCH58xBLE.a(gap.o)
                0x000000000000e172                GAP_ProcessEvent
 .text.gapSendScanEnable
                0x000000000000e75a       0x3a G:\e_paper\TDX_BOE_E_PAPER\TDX_PIC_FRAME\BLE\LIB\libCH58xBLE.a(gap_central.o)
 .text.gapCentProcessConnEvt
                0x000000000000e794      0x150 G:\e_paper\TDX_BOE_E_PAPER\TDX_PIC_FRAME\BLE\LIB\libCH58xBLE.a(gap_central.o)
                0x000000000000e794                gapCentProcessConnEvt
 .text.gapProcessScanningPeriodicAdvEvt
                0x000000000000e8e4       0x8a G:\e_paper\TDX_BOE_E_PAPER\TDX_PIC_FRAME\BLE\LIB\libCH58xBLE.a(gap_central.o)
                0x000000000000e8e4                gapProcessScanningPeriodicAdvEvt
 .text.gapCancelLinkReq
                0x000000000000e96e       0x32 G:\e_paper\TDX_BOE_E_PAPER\TDX_PIC_FRAME\BLE\LIB\libCH58xBLE.a(gap_central.o)
                0x000000000000e96e                gapCancelLinkReq
 .text.gapProcessAdvertDevInfo
                0x000000000000e9a0      0x20c G:\e_paper\TDX_BOE_E_PAPER\TDX_PIC_FRAME\BLE\LIB\libCH58xBLE.a(gap_central.o)
                0x000000000000e9a0                gapProcessAdvertDevInfo
 .text.gapProcessExtAdvertDevInfo
                0x000000000000ebac      0x234 G:\e_paper\TDX_BOE_E_PAPER\TDX_PIC_FRAME\BLE\LIB\libCH58xBLE.a(gap_central.o)
                0x000000000000ebac                gapProcessExtAdvertDevInfo
 .text.gapProcessPeriodicAdvertisingSyncEstablishedEvt
                0x000000000000ede0       0xa0 G:\e_paper\TDX_BOE_E_PAPER\TDX_PIC_FRAME\BLE\LIB\libCH58xBLE.a(gap_central.o)
                0x000000000000ede0                gapProcessPeriodicAdvertisingSyncEstablishedEvt
 .text.gapProcessPeriodicAdvertisingSyncLostEvt
                0x000000000000ee80       0x52 G:\e_paper\TDX_BOE_E_PAPER\TDX_PIC_FRAME\BLE\LIB\libCH58xBLE.a(gap_central.o)
                0x000000000000ee80                gapProcessPeriodicAdvertisingSyncLostEvt
 .text.gapFreeScanRecs
                0x000000000000eed2       0xa2 G:\e_paper\TDX_BOE_E_PAPER\TDX_PIC_FRAME\BLE\LIB\libCH58xBLE.a(gap_central.o)
                0x000000000000eed2                gapFreeScanRecs
 .text.gapSendDevDiscEvent
                0x000000000000ef74      0x128 G:\e_paper\TDX_BOE_E_PAPER\TDX_PIC_FRAME\BLE\LIB\libCH58xBLE.a(gap_central.o)
                0x000000000000ef74                gapSendDevDiscEvent
 .text.gapSetScanParamStatus
                0x000000000000f09c       0x54 G:\e_paper\TDX_BOE_E_PAPER\TDX_PIC_FRAME\BLE\LIB\libCH58xBLE.a(gap_central.o)
 .text.gapCentProcessHCICmdEvt
                0x000000000000f0f0       0x3a G:\e_paper\TDX_BOE_E_PAPER\TDX_PIC_FRAME\BLE\LIB\libCH58xBLE.a(gap_central.o)
                0x000000000000f0f0                gapCentProcessHCICmdEvt
 .text.gapProcessScanningEvt
                0x000000000000f12a       0xec G:\e_paper\TDX_BOE_E_PAPER\TDX_PIC_FRAME\BLE\LIB\libCH58xBLE.a(gap_central.o)
                0x000000000000f12a                gapProcessScanningEvt
 .text.gapProcessScanningDirectEvt
                0x000000000000f216       0xf0 G:\e_paper\TDX_BOE_E_PAPER\TDX_PIC_FRAME\BLE\LIB\libCH58xBLE.a(gap_central.o)
                0x000000000000f216                gapProcessScanningDirectEvt
 .text.gapProcessScanningExtAdvEvt
                0x000000000000f306      0x276 G:\e_paper\TDX_BOE_E_PAPER\TDX_PIC_FRAME\BLE\LIB\libCH58xBLE.a(gap_central.o)
                0x000000000000f306                gapProcessScanningExtAdvEvt
 .text.GAP_DeviceDiscoveryCancel
                0x000000000000f57c       0x38 G:\e_paper\TDX_BOE_E_PAPER\TDX_PIC_FRAME\BLE\LIB\libCH58xBLE.a(gap_central.o)
                0x000000000000f57c                GAP_DeviceDiscoveryCancel
 .text.GAP_CentConnRegister
                0x000000000000f5b4       0x16 G:\e_paper\TDX_BOE_E_PAPER\TDX_PIC_FRAME\BLE\LIB\libCH58xBLE.a(gap_central.o)
                0x000000000000f5b4                GAP_CentConnRegister
 .text.GAP_CentralParamInit
                0x000000000000f5ca       0x6a G:\e_paper\TDX_BOE_E_PAPER\TDX_PIC_FRAME\BLE\LIB\libCH58xBLE.a(gap_central.o)
                0x000000000000f5ca                GAP_CentralParamInit
 .text.GAP_CentDevMgrInit
                0x000000000000f634       0x96 G:\e_paper\TDX_BOE_E_PAPER\TDX_PIC_FRAME\BLE\LIB\libCH58xBLE.a(gap_central.o)
                0x000000000000f634                GAP_CentDevMgrInit
 .text.gapFreeAdvertState
                0x000000000000f6ca       0x1e G:\e_paper\TDX_BOE_E_PAPER\TDX_PIC_FRAME\BLE\LIB\libCH58xBLE.a(gap_peripheral.o)
 .text.gapSetPeriodicAdvParams
                0x000000000000f6e8       0x30 G:\e_paper\TDX_BOE_E_PAPER\TDX_PIC_FRAME\BLE\LIB\libCH58xBLE.a(gap_peripheral.o)
 .text.gapSetConnectionlessCTEParams
                0x000000000000f718       0x54 G:\e_paper\TDX_BOE_E_PAPER\TDX_PIC_FRAME\BLE\LIB\libCH58xBLE.a(gap_peripheral.o)
 .text.gapPeriProcessConnEvt
                0x000000000000f76c       0xc4 G:\e_paper\TDX_BOE_E_PAPER\TDX_PIC_FRAME\BLE\LIB\libCH58xBLE.a(gap_peripheral.o)
 .text.gapSetAdvParams
                0x000000000000f830      0x102 G:\e_paper\TDX_BOE_E_PAPER\TDX_PIC_FRAME\BLE\LIB\libCH58xBLE.a(gap_peripheral.o)
 .text.gapWriteAdvDataStatus
                0x000000000000f932       0x8c G:\e_paper\TDX_BOE_E_PAPER\TDX_PIC_FRAME\BLE\LIB\libCH58xBLE.a(gap_peripheral.o)
 .text.GAP_MakeDiscoverable
                0x000000000000f9be      0x148 G:\e_paper\TDX_BOE_E_PAPER\TDX_PIC_FRAME\BLE\LIB\libCH58xBLE.a(gap_peripheral.o)
                0x000000000000f9be                GAP_MakeDiscoverable
 .text.GAP_EndDiscoverable
                0x000000000000fb06       0x64 G:\e_paper\TDX_BOE_E_PAPER\TDX_PIC_FRAME\BLE\LIB\libCH58xBLE.a(gap_peripheral.o)
                0x000000000000fb06                GAP_EndDiscoverable
 .text.gapProcessAdvertisingEvt
                0x000000000000fb6a      0x11c G:\e_paper\TDX_BOE_E_PAPER\TDX_PIC_FRAME\BLE\LIB\libCH58xBLE.a(gap_peripheral.o)
 .text.GAP_MakePeriodic
                0x000000000000fc86       0x24 G:\e_paper\TDX_BOE_E_PAPER\TDX_PIC_FRAME\BLE\LIB\libCH58xBLE.a(gap_peripheral.o)
                0x000000000000fc86                GAP_MakePeriodic
 .text.GAP_EndPeriodic
                0x000000000000fcaa        0xc G:\e_paper\TDX_BOE_E_PAPER\TDX_PIC_FRAME\BLE\LIB\libCH58xBLE.a(gap_peripheral.o)
                0x000000000000fcaa                GAP_EndPeriodic
 .text.GAP_MakeConnecttionlessCTE
                0x000000000000fcb6       0x1a G:\e_paper\TDX_BOE_E_PAPER\TDX_PIC_FRAME\BLE\LIB\libCH58xBLE.a(gap_peripheral.o)
                0x000000000000fcb6                GAP_MakeConnecttionlessCTE
 .text.GAP_EndConnecttionlessCTE
                0x000000000000fcd0        0xc G:\e_paper\TDX_BOE_E_PAPER\TDX_PIC_FRAME\BLE\LIB\libCH58xBLE.a(gap_peripheral.o)
                0x000000000000fcd0                GAP_EndConnecttionlessCTE
 .text.GAP_SetAdvertisingAdvData
                0x000000000000fcdc       0xc6 G:\e_paper\TDX_BOE_E_PAPER\TDX_PIC_FRAME\BLE\LIB\libCH58xBLE.a(gap_peripheral.o)
                0x000000000000fcdc                GAP_SetAdvertisingAdvData
 .text.GAP_SetAdvertisingRspData
                0x000000000000fda2       0xc6 G:\e_paper\TDX_BOE_E_PAPER\TDX_PIC_FRAME\BLE\LIB\libCH58xBLE.a(gap_peripheral.o)
                0x000000000000fda2                GAP_SetAdvertisingRspData
 .text.GAP_SetPeriodicAdvertisingData
                0x000000000000fe68       0xc0 G:\e_paper\TDX_BOE_E_PAPER\TDX_PIC_FRAME\BLE\LIB\libCH58xBLE.a(gap_peripheral.o)
                0x000000000000fe68                GAP_SetPeriodicAdvertisingData
 .text.GAP_GetAdvertisingAdvData
                0x000000000000ff28       0x22 G:\e_paper\TDX_BOE_E_PAPER\TDX_PIC_FRAME\BLE\LIB\libCH58xBLE.a(gap_peripheral.o)
                0x000000000000ff28                GAP_GetAdvertisingAdvData
 .text.GAP_GetAdvertisingRspData
                0x000000000000ff4a       0x2e G:\e_paper\TDX_BOE_E_PAPER\TDX_PIC_FRAME\BLE\LIB\libCH58xBLE.a(gap_peripheral.o)
                0x000000000000ff4a                GAP_GetAdvertisingRspData
 .text.GAP_GetPeriodicAdvertisingData
                0x000000000000ff78       0x2e G:\e_paper\TDX_BOE_E_PAPER\TDX_PIC_FRAME\BLE\LIB\libCH58xBLE.a(gap_peripheral.o)
                0x000000000000ff78                GAP_GetPeriodicAdvertisingData
 .text.GAP_PeriConnRegister
                0x000000000000ffa6       0x2e G:\e_paper\TDX_BOE_E_PAPER\TDX_PIC_FRAME\BLE\LIB\libCH58xBLE.a(gap_peripheral.o)
                0x000000000000ffa6                GAP_PeriConnRegister
 .text.GAP_PeripheralParamInit
                0x000000000000ffd4       0x6c G:\e_paper\TDX_BOE_E_PAPER\TDX_PIC_FRAME\BLE\LIB\libCH58xBLE.a(gap_peripheral.o)
                0x000000000000ffd4                GAP_PeripheralParamInit
 .text.gapSendMakeDiscEvent
                0x0000000000010040       0x4c G:\e_paper\TDX_BOE_E_PAPER\TDX_PIC_FRAME\BLE\LIB\libCH58xBLE.a(gap_peripheral.o)
                0x0000000000010040                gapSendMakeDiscEvent
 .text.gapWriteAdvEnableStatus
                0x000000000001008c       0xf8 G:\e_paper\TDX_BOE_E_PAPER\TDX_PIC_FRAME\BLE\LIB\libCH58xBLE.a(gap_peripheral.o)
 .text.gapSendMakePeriodicEvent
                0x0000000000010184       0x38 G:\e_paper\TDX_BOE_E_PAPER\TDX_PIC_FRAME\BLE\LIB\libCH58xBLE.a(gap_peripheral.o)
                0x0000000000010184                gapSendMakePeriodicEvent
 .text.gapSendMakeConnectionlessCTEEvent
                0x00000000000101bc       0x38 G:\e_paper\TDX_BOE_E_PAPER\TDX_PIC_FRAME\BLE\LIB\libCH58xBLE.a(gap_peripheral.o)
                0x00000000000101bc                gapSendMakeConnectionlessCTEEvent
 .text.gapPeriProcessHCICmdCompleteEvt
                0x00000000000101f4      0x1fa G:\e_paper\TDX_BOE_E_PAPER\TDX_PIC_FRAME\BLE\LIB\libCH58xBLE.a(gap_peripheral.o)
 .text.GAP_PeriDevMgrInit
                0x00000000000103ee       0x32 G:\e_paper\TDX_BOE_E_PAPER\TDX_PIC_FRAME\BLE\LIB\libCH58xBLE.a(gap_peripheral.o)
                0x00000000000103ee                GAP_PeriDevMgrInit
 .text.ggs_SetAttrWPermit
                0x0000000000010420       0x6a G:\e_paper\TDX_BOE_E_PAPER\TDX_PIC_FRAME\BLE\LIB\libCH58xBLE.a(gapgattserver.o)
 .text.ggs_ReadAttrCB
                0x000000000001048a      0x11c G:\e_paper\TDX_BOE_E_PAPER\TDX_PIC_FRAME\BLE\LIB\libCH58xBLE.a(gapgattserver.o)
 .text.ggs_WriteAttrCB
                0x00000000000105a6      0x160 G:\e_paper\TDX_BOE_E_PAPER\TDX_PIC_FRAME\BLE\LIB\libCH58xBLE.a(gapgattserver.o)
 .text.GGS_ParamInit
                0x0000000000010706       0xc6 G:\e_paper\TDX_BOE_E_PAPER\TDX_PIC_FRAME\BLE\LIB\libCH58xBLE.a(gapgattserver.o)
                0x0000000000010706                GGS_ParamInit
 .text.GGS_SetParameter
                0x00000000000107cc      0x1d2 G:\e_paper\TDX_BOE_E_PAPER\TDX_PIC_FRAME\BLE\LIB\libCH58xBLE.a(gapgattserver.o)
                0x00000000000107cc                GGS_SetParameter
 .text.GGS_AddService
                0x000000000001099e      0x302 G:\e_paper\TDX_BOE_E_PAPER\TDX_PIC_FRAME\BLE\LIB\libCH58xBLE.a(gapgattserver.o)
                0x000000000001099e                GGS_AddService
 .text.GAP_DeviceInit
                0x0000000000010ca0       0xca G:\e_paper\TDX_BOE_E_PAPER\TDX_PIC_FRAME\BLE\LIB\libCH58xBLE.a(gapgattserver.o)
                0x0000000000010ca0                GAP_DeviceInit
 .text.gattGetPayload
                0x0000000000010d6a       0x4e G:\e_paper\TDX_BOE_E_PAPER\TDX_PIC_FRAME\BLE\LIB\libCH58xBLE.a(gatt.o)
                0x0000000000010d6a                gattGetPayload
 .text.gattNotifyEvent
                0x0000000000010db8       0x86 G:\e_paper\TDX_BOE_E_PAPER\TDX_PIC_FRAME\BLE\LIB\libCH58xBLE.a(gatt.o)
                0x0000000000010db8                gattNotifyEvent
 .text.gattSendFlowCtrlEvt
                0x0000000000010e3e       0x4c G:\e_paper\TDX_BOE_E_PAPER\TDX_PIC_FRAME\BLE\LIB\libCH58xBLE.a(gatt.o)
                0x0000000000010e3e                gattSendFlowCtrlEvt
 .text.gattStartTimer
                0x0000000000010e8a        0xc G:\e_paper\TDX_BOE_E_PAPER\TDX_PIC_FRAME\BLE\LIB\libCH58xBLE.a(gatt.o)
                0x0000000000010e8a                gattStartTimer
 .text.gattStopTimer
                0x0000000000010e96       0x26 G:\e_paper\TDX_BOE_E_PAPER\TDX_PIC_FRAME\BLE\LIB\libCH58xBLE.a(gatt.o)
                0x0000000000010e96                gattStopTimer
 .text.GATT_AppCompletedMsg
                0x0000000000010ebc       0x28 G:\e_paper\TDX_BOE_E_PAPER\TDX_PIC_FRAME\BLE\LIB\libCH58xBLE.a(gatt.o)
                0x0000000000010ebc                GATT_AppCompletedMsg
 .text.GATT_NotifyEvent
                0x0000000000010ee4       0x5c G:\e_paper\TDX_BOE_E_PAPER\TDX_PIC_FRAME\BLE\LIB\libCH58xBLE.a(gatt.o)
                0x0000000000010ee4                GATT_NotifyEvent
 .text.gattRegisterServer
                0x0000000000010f40        0x6 G:\e_paper\TDX_BOE_E_PAPER\TDX_PIC_FRAME\BLE\LIB\libCH58xBLE.a(gatt.o)
                0x0000000000010f40                gattRegisterServer
 .text.GATT_UpdateMTU
                0x0000000000010f46       0x5a G:\e_paper\TDX_BOE_E_PAPER\TDX_PIC_FRAME\BLE\LIB\libCH58xBLE.a(gatt.o)
                0x0000000000010f46                GATT_UpdateMTU
 .text.GATT_bm_alloc
                0x0000000000010fa0       0xf4 G:\e_paper\TDX_BOE_E_PAPER\TDX_PIC_FRAME\BLE\LIB\libCH58xBLE.a(gatt.o)
                0x0000000000010fa0                GATT_bm_alloc
 .text.GATT_ServiceChangedInd
                0x0000000000011094       0x86 G:\e_paper\TDX_BOE_E_PAPER\TDX_PIC_FRAME\BLE\LIB\libCH58xBLE.a(gatt.o)
                0x0000000000011094                GATT_ServiceChangedInd
 .text.GATT_bm_free
                0x000000000001111a       0x1c G:\e_paper\TDX_BOE_E_PAPER\TDX_PIC_FRAME\BLE\LIB\libCH58xBLE.a(gatt.o)
                0x000000000001111a                GATT_bm_free
 .text.GATT_Init
                0x0000000000011136       0x2a G:\e_paper\TDX_BOE_E_PAPER\TDX_PIC_FRAME\BLE\LIB\libCH58xBLE.a(gatt.o)
                0x0000000000011136                GATT_Init
 .text.GATT_ProcessEvent
                0x0000000000011160      0x17c G:\e_paper\TDX_BOE_E_PAPER\TDX_PIC_FRAME\BLE\LIB\libCH58xBLE.a(gatt.o)
                0x0000000000011160                GATT_ProcessEvent
 .text.gattProcessExchangeMTUReq
                0x00000000000112dc        0x4 G:\e_paper\TDX_BOE_E_PAPER\TDX_PIC_FRAME\BLE\LIB\libCH58xBLE.a(gattservapp.o)
 .text.gattServApp_FindCharCfgItem
                0x00000000000112e0       0x26 G:\e_paper\TDX_BOE_E_PAPER\TDX_PIC_FRAME\BLE\LIB\libCH58xBLE.a(gattservapp.o)
 .text.gattServerHandleTimerCB
                0x0000000000011306       0x30 G:\e_paper\TDX_BOE_E_PAPER\TDX_PIC_FRAME\BLE\LIB\libCH58xBLE.a(gattservapp.o)
 .text.GATTServApp_InitCharCfg.part.0
                0x0000000000011336       0x1e G:\e_paper\TDX_BOE_E_PAPER\TDX_PIC_FRAME\BLE\LIB\libCH58xBLE.a(gattservapp.o)
 .text.gattProcessExecuteWriteReq
                0x0000000000011354        0x4 G:\e_paper\TDX_BOE_E_PAPER\TDX_PIC_FRAME\BLE\LIB\libCH58xBLE.a(gattservapp.o)
 .text.GATTServApp_ParamInit
                0x0000000000011358       0xb4 G:\e_paper\TDX_BOE_E_PAPER\TDX_PIC_FRAME\BLE\LIB\libCH58xBLE.a(gattservapp.o)
                0x0000000000011358                GATTServApp_ParamInit
 .text.GATTServApp_ReadCharCfg
                0x000000000001140c       0x16 G:\e_paper\TDX_BOE_E_PAPER\TDX_PIC_FRAME\BLE\LIB\libCH58xBLE.a(gattservapp.o)
                0x000000000001140c                GATTServApp_ReadCharCfg
 .text.GATTServApp_WriteCharCfg
                0x0000000000011422       0x3a G:\e_paper\TDX_BOE_E_PAPER\TDX_PIC_FRAME\BLE\LIB\libCH58xBLE.a(gattservapp.o)
                0x0000000000011422                GATTServApp_WriteCharCfg
 .text.GATTServApp_ProcessCCCWriteReq
                0x000000000001145c       0x54 G:\e_paper\TDX_BOE_E_PAPER\TDX_PIC_FRAME\BLE\LIB\libCH58xBLE.a(gattservapp.o)
                0x000000000001145c                GATTServApp_ProcessCCCWriteReq
 .text.gattServApp_WriteAttrCB
                0x00000000000114b0       0x2c G:\e_paper\TDX_BOE_E_PAPER\TDX_PIC_FRAME\BLE\LIB\libCH58xBLE.a(gattservapp.o)
                0x00000000000114b0                gattServApp_WriteAttrCB
 .text.GATTServApp_SendCCCUpdatedEvent
                0x00000000000114dc       0x64 G:\e_paper\TDX_BOE_E_PAPER\TDX_PIC_FRAME\BLE\LIB\libCH58xBLE.a(gattservapp.o)
                0x00000000000114dc                GATTServApp_SendCCCUpdatedEvent
 .text.GATTServApp_SendServiceChangedInd
                0x0000000000011540       0x34 G:\e_paper\TDX_BOE_E_PAPER\TDX_PIC_FRAME\BLE\LIB\libCH58xBLE.a(gattservapp.o)
                0x0000000000011540                GATTServApp_SendServiceChangedInd
 .text.gattServApp_ClearPrepareWriteQ
                0x0000000000011574       0x4c G:\e_paper\TDX_BOE_E_PAPER\TDX_PIC_FRAME\BLE\LIB\libCH58xBLE.a(gattservapp.o)
                0x0000000000011574                gattServApp_ClearPrepareWriteQ
 .text.gattServApp_FindPrepareWriteQ
                0x00000000000115c0       0x2e G:\e_paper\TDX_BOE_E_PAPER\TDX_PIC_FRAME\BLE\LIB\libCH58xBLE.a(gattservapp.o)
                0x00000000000115c0                gattServApp_FindPrepareWriteQ
 .text.gattServApp_FindServiceCBs
                0x00000000000115ee       0x18 G:\e_paper\TDX_BOE_E_PAPER\TDX_PIC_FRAME\BLE\LIB\libCH58xBLE.a(gattservapp.o)
                0x00000000000115ee                gattServApp_FindServiceCBs
 .text.gattServApp_FindAuthorizeAttrCB
                0x0000000000011606       0x16 G:\e_paper\TDX_BOE_E_PAPER\TDX_PIC_FRAME\BLE\LIB\libCH58xBLE.a(gattservapp.o)
                0x0000000000011606                gattServApp_FindAuthorizeAttrCB
 .text.gattServApp_IsWriteLong
                0x000000000001161c       0xf8 G:\e_paper\TDX_BOE_E_PAPER\TDX_PIC_FRAME\BLE\LIB\libCH58xBLE.a(gattservapp.o)
                0x000000000001161c                gattServApp_IsWriteLong
 .text.gattFindService
                0x0000000000011714       0x1a G:\e_paper\TDX_BOE_E_PAPER\TDX_PIC_FRAME\BLE\LIB\libCH58xBLE.a(gattservapp.o)
                0x0000000000011714                gattFindService
 .text.GATT_ServiceNumAttrs
                0x000000000001172e       0x16 G:\e_paper\TDX_BOE_E_PAPER\TDX_PIC_FRAME\BLE\LIB\libCH58xBLE.a(gattservapp.o)
                0x000000000001172e                GATT_ServiceNumAttrs
 .text.GATT_ServiceEncKeySize
                0x0000000000011744       0x16 G:\e_paper\TDX_BOE_E_PAPER\TDX_PIC_FRAME\BLE\LIB\libCH58xBLE.a(gattservapp.o)
                0x0000000000011744                GATT_ServiceEncKeySize
 .text.gattResetServerInfo
                0x000000000001175a       0x1a G:\e_paper\TDX_BOE_E_PAPER\TDX_PIC_FRAME\BLE\LIB\libCH58xBLE.a(gattservapp.o)
                0x000000000001175a                gattResetServerInfo
 .text.gattServerHandleConnStatusCB
                0x0000000000011774       0x9e G:\e_paper\TDX_BOE_E_PAPER\TDX_PIC_FRAME\BLE\LIB\libCH58xBLE.a(gattservapp.o)
                0x0000000000011774                gattServerHandleConnStatusCB
 .text.gattServerProcessMsgCB
                0x0000000000011812      0x18c G:\e_paper\TDX_BOE_E_PAPER\TDX_PIC_FRAME\BLE\LIB\libCH58xBLE.a(gattservapp.o)
                0x0000000000011812                gattServerProcessMsgCB
 .text.gattServerNotifyTxCB
                0x000000000001199e       0x2a G:\e_paper\TDX_BOE_E_PAPER\TDX_PIC_FRAME\BLE\LIB\libCH58xBLE.a(gattservapp.o)
 .text.GATTServApp_WriteAttr
                0x00000000000119c8       0xa8 G:\e_paper\TDX_BOE_E_PAPER\TDX_PIC_FRAME\BLE\LIB\libCH58xBLE.a(gattservapp.o)
                0x00000000000119c8                GATTServApp_WriteAttr
 .text.gattServApp_ProcessExecuteWriteReq
                0x0000000000011a70      0x10c G:\e_paper\TDX_BOE_E_PAPER\TDX_PIC_FRAME\BLE\LIB\libCH58xBLE.a(gattservapp.o)
                0x0000000000011a70                gattServApp_ProcessExecuteWriteReq
 .text.GATTServApp_UpdateCharCfg
                0x0000000000011b7c       0x1c G:\e_paper\TDX_BOE_E_PAPER\TDX_PIC_FRAME\BLE\LIB\libCH58xBLE.a(gattservapp.o)
                0x0000000000011b7c                GATTServApp_UpdateCharCfg
 .text.gattServApp_ProcessPrepareWriteReq
                0x0000000000011b98       0xf2 G:\e_paper\TDX_BOE_E_PAPER\TDX_PIC_FRAME\BLE\LIB\libCH58xBLE.a(gattservapp.o)
                0x0000000000011b98                gattServApp_ProcessPrepareWriteReq
 .text.gattServApp_ProcessWriteReq
                0x0000000000011c8a       0x9a G:\e_paper\TDX_BOE_E_PAPER\TDX_PIC_FRAME\BLE\LIB\libCH58xBLE.a(gattservapp.o)
                0x0000000000011c8a                gattServApp_ProcessWriteReq
 .text.GATT_Indication
                0x0000000000011d24       0xac G:\e_paper\TDX_BOE_E_PAPER\TDX_PIC_FRAME\BLE\LIB\libCH58xBLE.a(gattservapp.o)
                0x0000000000011d24                GATT_Indication
 .text.GATT_FindHandleUUID
                0x0000000000011dd0       0x88 G:\e_paper\TDX_BOE_E_PAPER\TDX_PIC_FRAME\BLE\LIB\libCH58xBLE.a(gattservapp.o)
                0x0000000000011dd0                GATT_FindHandleUUID
 .text.gattProcessReadByGrpTypeReq
                0x0000000000011e58       0x4c G:\e_paper\TDX_BOE_E_PAPER\TDX_PIC_FRAME\BLE\LIB\libCH58xBLE.a(gattservapp.o)
 .text.gattProcessReadByTypeReq
                0x0000000000011ea4       0x2e G:\e_paper\TDX_BOE_E_PAPER\TDX_PIC_FRAME\BLE\LIB\libCH58xBLE.a(gattservapp.o)
 .text.gattProcessFindByTypeValueReq
                0x0000000000011ed2       0x2e G:\e_paper\TDX_BOE_E_PAPER\TDX_PIC_FRAME\BLE\LIB\libCH58xBLE.a(gattservapp.o)
 .text.gattProcessFindInfoReq
                0x0000000000011f00      0x16e G:\e_paper\TDX_BOE_E_PAPER\TDX_PIC_FRAME\BLE\LIB\libCH58xBLE.a(gattservapp.o)
 .text.GATT_Notification
                0x000000000001206e       0x7c G:\e_paper\TDX_BOE_E_PAPER\TDX_PIC_FRAME\BLE\LIB\libCH58xBLE.a(gattservapp.o)
                0x000000000001206e                GATT_Notification
 .text.GATT_VerifyWritePermissions
                0x00000000000120ea       0x76 G:\e_paper\TDX_BOE_E_PAPER\TDX_PIC_FRAME\BLE\LIB\libCH58xBLE.a(gattservapp.o)
                0x00000000000120ea                GATT_VerifyWritePermissions
 .text.gattProcessWriteReq
                0x0000000000012160       0x38 G:\e_paper\TDX_BOE_E_PAPER\TDX_PIC_FRAME\BLE\LIB\libCH58xBLE.a(gattservapp.o)
 .text.GATT_VerifyPrepareWritePermissions
                0x0000000000012198       0x6c G:\e_paper\TDX_BOE_E_PAPER\TDX_PIC_FRAME\BLE\LIB\libCH58xBLE.a(gattservapp.o)
                0x0000000000012198                GATT_VerifyPrepareWritePermissions
 .text.gattProcessPrepareWriteReq
                0x0000000000012204       0x38 G:\e_paper\TDX_BOE_E_PAPER\TDX_PIC_FRAME\BLE\LIB\libCH58xBLE.a(gattservapp.o)
 .text.GATT_FindNextAttr
                0x000000000001223c       0xa8 G:\e_paper\TDX_BOE_E_PAPER\TDX_PIC_FRAME\BLE\LIB\libCH58xBLE.a(gattservapp.o)
                0x000000000001223c                GATT_FindNextAttr
 .text.GATTServApp_ReadAttr
                0x00000000000122e4      0x2be G:\e_paper\TDX_BOE_E_PAPER\TDX_PIC_FRAME\BLE\LIB\libCH58xBLE.a(gattservapp.o)
                0x00000000000122e4                GATTServApp_ReadAttr
 .text.gattServApp_ProcessReadMultiReq
                0x00000000000125a2      0x156 G:\e_paper\TDX_BOE_E_PAPER\TDX_PIC_FRAME\BLE\LIB\libCH58xBLE.a(gattservapp.o)
                0x00000000000125a2                gattServApp_ProcessReadMultiReq
 .text.gattServApp_ProcessFindByTypeValueReq
                0x00000000000126f8      0x184 G:\e_paper\TDX_BOE_E_PAPER\TDX_PIC_FRAME\BLE\LIB\libCH58xBLE.a(gattservapp.o)
                0x00000000000126f8                gattServApp_ProcessFindByTypeValueReq
 .text.GATT_VerifyReadPermissions
                0x000000000001287c       0x68 G:\e_paper\TDX_BOE_E_PAPER\TDX_PIC_FRAME\BLE\LIB\libCH58xBLE.a(gattservapp.o)
                0x000000000001287c                GATT_VerifyReadPermissions
 .text.gattProcessReadMultiReq
                0x00000000000128e4       0x9e G:\e_paper\TDX_BOE_E_PAPER\TDX_PIC_FRAME\BLE\LIB\libCH58xBLE.a(gattservapp.o)
 .text.gattProcessReadReq
                0x0000000000012982       0x34 G:\e_paper\TDX_BOE_E_PAPER\TDX_PIC_FRAME\BLE\LIB\libCH58xBLE.a(gattservapp.o)
 .text.gattServApp_ProcessReadByGrpTypeReq
                0x00000000000129b6      0x1c0 G:\e_paper\TDX_BOE_E_PAPER\TDX_PIC_FRAME\BLE\LIB\libCH58xBLE.a(gattservapp.o)
                0x00000000000129b6                gattServApp_ProcessReadByGrpTypeReq
 .text.gattServApp_ProcessReadByTypeReq
                0x0000000000012b76      0x172 G:\e_paper\TDX_BOE_E_PAPER\TDX_PIC_FRAME\BLE\LIB\libCH58xBLE.a(gattservapp.o)
                0x0000000000012b76                gattServApp_ProcessReadByTypeReq
 .text.GATT_RegisterService
                0x0000000000012ce8       0xe4 G:\e_paper\TDX_BOE_E_PAPER\TDX_PIC_FRAME\BLE\LIB\libCH58xBLE.a(gattservapp.o)
                0x0000000000012ce8                GATT_RegisterService
 .text.GATTServApp_RegisterService
                0x0000000000012dcc       0x6e G:\e_paper\TDX_BOE_E_PAPER\TDX_PIC_FRAME\BLE\LIB\libCH58xBLE.a(gattservapp.o)
                0x0000000000012dcc                GATTServApp_RegisterService
 .text.GATTServApp_AddService
                0x0000000000012e3a       0x2c G:\e_paper\TDX_BOE_E_PAPER\TDX_PIC_FRAME\BLE\LIB\libCH58xBLE.a(gattservapp.o)
                0x0000000000012e3a                GATTServApp_AddService
 .text.GATTServApp_RegisterForMsg
                0x0000000000012e66        0x6 G:\e_paper\TDX_BOE_E_PAPER\TDX_PIC_FRAME\BLE\LIB\libCH58xBLE.a(gattservapp.o)
                0x0000000000012e66                GATTServApp_RegisterForMsg
 .text.GATTServApp_InitCharCfg
                0x0000000000012e6c       0x26 G:\e_paper\TDX_BOE_E_PAPER\TDX_PIC_FRAME\BLE\LIB\libCH58xBLE.a(gattservapp.o)
                0x0000000000012e6c                GATTServApp_InitCharCfg
 .text.gattServApp_HandleConnStatusCB
                0x0000000000012e92       0x6e G:\e_paper\TDX_BOE_E_PAPER\TDX_PIC_FRAME\BLE\LIB\libCH58xBLE.a(gattservapp.o)
                0x0000000000012e92                gattServApp_HandleConnStatusCB
 .text.GATT_InitServer
                0x0000000000012f00       0xf0 G:\e_paper\TDX_BOE_E_PAPER\TDX_PIC_FRAME\BLE\LIB\libCH58xBLE.a(gattservapp.o)
                0x0000000000012f00                GATT_InitServer
 .text.GATTServApp_Init
                0x0000000000012ff0       0x32 G:\e_paper\TDX_BOE_E_PAPER\TDX_PIC_FRAME\BLE\LIB\libCH58xBLE.a(gattservapp.o)
                0x0000000000012ff0                GATTServApp_Init
 .text.GATTServApp_ProcessEvent
                0x0000000000013022      0x2f6 G:\e_paper\TDX_BOE_E_PAPER\TDX_PIC_FRAME\BLE\LIB\libCH58xBLE.a(gattservapp.o)
                0x0000000000013022                GATTServApp_ProcessEvent
 .text.l2capAllocConnChannel
                0x0000000000013318       0xd2 G:\e_paper\TDX_BOE_E_PAPER\TDX_PIC_FRAME\BLE\LIB\libCH58xBLE.a(l2cap.o)
                0x0000000000013318                l2capAllocConnChannel
 .text.l2capFindLocalCID
                0x00000000000133ea       0x28 G:\e_paper\TDX_BOE_E_PAPER\TDX_PIC_FRAME\BLE\LIB\libCH58xBLE.a(l2cap.o)
                0x00000000000133ea                l2capFindLocalCID
 .text.l2capFindLocalId
                0x0000000000013412       0x2a G:\e_paper\TDX_BOE_E_PAPER\TDX_PIC_FRAME\BLE\LIB\libCH58xBLE.a(l2cap.o)
                0x0000000000013412                l2capFindLocalId
 .text.l2capFindPsm
                0x000000000001343c       0x28 G:\e_paper\TDX_BOE_E_PAPER\TDX_PIC_FRAME\BLE\LIB\libCH58xBLE.a(l2cap.o)
                0x000000000001343c                l2capFindPsm
 .text.l2capFindRemoteCID
                0x0000000000013464       0x34 G:\e_paper\TDX_BOE_E_PAPER\TDX_PIC_FRAME\BLE\LIB\libCH58xBLE.a(l2cap.o)
                0x0000000000013464                l2capFindRemoteCID
 .text.l2capFreeChannel
                0x0000000000013498       0x4c G:\e_paper\TDX_BOE_E_PAPER\TDX_PIC_FRAME\BLE\LIB\libCH58xBLE.a(l2cap.o)
                0x0000000000013498                l2capFreeChannel
 .text.l2capDisconnectChannel
                0x00000000000134e4       0x26 G:\e_paper\TDX_BOE_E_PAPER\TDX_PIC_FRAME\BLE\LIB\libCH58xBLE.a(l2cap.o)