Archive member included to satisfy reference by file (symbol)

F:\project\CH585\project_3\SRC\StdPeriphDriver\libISP585.a(ISP585.o)
                              ./StdPeriphDriver/CH58x_flash.o (FLASH_EEPROM_CMD)
F:\project\CH585\project_3\BLE\LIB\libCH58xBLE.a(message.o)
                              ./HAL/MCU.o (tmos_msg_deallocate)
F:\project\CH585\project_3\BLE\LIB\libCH58xBLE.a(tmos.o)
                              ./APP/central.o (tmos_rand)
F:\project\CH585\project_3\BLE\LIB\libCH58xBLE.a(tmos_hw.o)
                              F:\project\CH585\project_3\BLE\LIB\libCH58xBLE.a(tmos.o) (bleClock_t)
F:\project\CH585\project_3\BLE\LIB\libCH58xBLE.a(tmos_snv.o)
                              F:\project\CH585\project_3\BLE\LIB\libCH58xBLE.a(tmos.o) (tmos_snv_init)
F:\project\CH585\project_3\BLE\LIB\libCH58xBLE.a(gap.o)
                              ./APP/central.o (GAP_SetParamValue)
F:\project\CH585\project_3\BLE\LIB\libCH58xBLE.a(gap_central.o)
                              F:\project\CH585\project_3\BLE\LIB\libCH58xBLE.a(gap.o) (gapProcessPeriodicAdvertisingSyncEstablishedEvt)
F:\project\CH585\project_3\BLE\LIB\libCH58xBLE.a(gap_peripheral.o)
                              F:\project\CH585\project_3\BLE\LIB\libCH58xBLE.a(gap.o) (GAP_PeripheralParamInit)
F:\project\CH585\project_3\BLE\LIB\libCH58xBLE.a(gapgattserver.o)
                              ./APP/central.o (GGS_SetParameter)
F:\project\CH585\project_3\BLE\LIB\libCH58xBLE.a(gatt.o)
                              ./APP/central.o (GATT_ReadCharValue)
F:\project\CH585\project_3\BLE\LIB\libCH58xBLE.a(gatt_uuid.o)
                              F:\project\CH585\project_3\BLE\LIB\libCH58xBLE.a(gatt.o) (serviceChangedUUID)
F:\project\CH585\project_3\BLE\LIB\libCH58xBLE.a(gattclientapp.o)
                              F:\project\CH585\project_3\BLE\LIB\libCH58xBLE.a(gatt.o) (gattGetClientStatus)
F:\project\CH585\project_3\BLE\LIB\libCH58xBLE.a(gattservapp.o)
                              ./Profile/tdxinfoservice.o (GATTServApp_ReadCharCfg)
F:\project\CH585\project_3\BLE\LIB\libCH58xBLE.a(l2cap.o)
                              F:\project\CH585\project_3\BLE\LIB\libCH58xBLE.a(gatt.o) (L2CAP_GetMTU)
F:\project\CH585\project_3\BLE\LIB\libCH58xBLE.a(l2cap_input.o)
                              F:\project\CH585\project_3\BLE\LIB\libCH58xBLE.a(l2cap.o) (l2capProcessRxData)
F:\project\CH585\project_3\BLE\LIB\libCH58xBLE.a(l2cap_output.o)
                              F:\project\CH585\project_3\BLE\LIB\libCH58xBLE.a(l2cap_input.o) (l2capNotifyData)
F:\project\CH585\project_3\BLE\LIB\libCH58xBLE.a(l2cap_sdu.o)
                              F:\project\CH585\project_3\BLE\LIB\libCH58xBLE.a(l2cap_input.o) (l2capBuildDisconnectRsp)
F:\project\CH585\project_3\BLE\LIB\libCH58xBLE.a(linkdb.o)
                              F:\project\CH585\project_3\BLE\LIB\libCH58xBLE.a(l2cap.o) (linkDB_Init)
F:\project\CH585\project_3\BLE\LIB\libCH58xBLE.a(sm.o)
                              F:\project\CH585\project_3\BLE\LIB\libCH58xBLE.a(gap.o) (smFreePairingParams)
F:\project\CH585\project_3\BLE\LIB\libCH58xBLE.a(sm_initiator.o)
                              F:\project\CH585\project_3\BLE\LIB\libCH58xBLE.a(sm.o) (smInitiatorSendNextKeyInfo)
F:\project\CH585\project_3\BLE\LIB\libCH58xBLE.a(sm_pdu.o)
                              F:\project\CH585\project_3\BLE\LIB\libCH58xBLE.a(sm.o) (smpBuildPairingReq)
F:\project\CH585\project_3\BLE\LIB\libCH58xBLE.a(sm_responding.o)
                              F:\project\CH585\project_3\BLE\LIB\libCH58xBLE.a(sm.o) (smResponderSendNextKeyInfo)
F:\project\CH585\project_3\BLE\LIB\libCH58xBLE.a(sm_toolbox.o)
                              F:\project\CH585\project_3\BLE\LIB\libCH58xBLE.a(sm.o) (sm_ah)
F:\project\CH585\project_3\BLE\LIB\libCH58xBLE.a(host_input.o)
                              F:\project\CH585\project_3\BLE\LIB\libCH58xBLE.a(gap.o) (gBleHostPara)
F:\project\CH585\project_3\BLE\LIB\libCH58xBLE.a(host_output.o)
                              F:\project\CH585\project_3\BLE\LIB\libCH58xBLE.a(gap.o) (HCI_DisconnectCmd)
F:\project\CH585\project_3\BLE\LIB\libCH58xBLE.a(rf_fh.o)
                              F:\project\CH585\project_3\BLE\LIB\libCH58xBLE.a(tmos.o) (rfInfo)
F:\project\CH585\project_3\BLE\LIB\libCH58xBLE.a(ll.o)
                              F:\project\CH585\project_3\BLE\LIB\libCH58xBLE.a(tmos.o) (gBleLlPara)
F:\project\CH585\project_3\BLE\LIB\libCH58xBLE.a(ll_advertise.o)
                              F:\project\CH585\project_3\BLE\LIB\libCH58xBLE.a(ll.o) (LL_AdvertiseEventRegister)
F:\project\CH585\project_3\BLE\LIB\libCH58xBLE.a(ll_connect.o)
                              F:\project\CH585\project_3\BLE\LIB\libCH58xBLE.a(ll.o) (LL_ConnectEventRegister)
F:\project\CH585\project_3\BLE\LIB\libCH58xBLE.a(ll_core.o)
                              F:\project\CH585\project_3\BLE\LIB\libCH58xBLE.a(ll_advertise.o) (LL_CoreGetCore)
F:\project\CH585\project_3\BLE\LIB\libCH58xBLE.a(ll_hop.o)
[...]
Memory Configuration

Name             Origin             Length             Attributes
FLASH            0x0000000000001000 0x0000000000036000 xr
RAM              0x0000000020000000 0x0000000000020000 xrw
*default*        0x0000000000000000 0xffffffffffffffff

Linker script and memory map

LOAD ./StdPeriphDriver/CH58x_adc.o
LOAD ./StdPeriphDriver/CH58x_clk.o
LOAD ./StdPeriphDriver/CH58x_flash.o
LOAD ./StdPeriphDriver/CH58x_gpio.o
LOAD ./StdPeriphDriver/CH58x_i2c.o
LOAD ./StdPeriphDriver/CH58x_pwm.o
LOAD ./StdPeriphDriver/CH58x_pwr.o
LOAD ./StdPeriphDriver/CH58x_spi0.o
LOAD ./StdPeriphDriver/CH58x_spi1.o
LOAD ./StdPeriphDriver/CH58x_sys.o
LOAD ./StdPeriphDriver/CH58x_timer0.o
LOAD ./StdPeriphDriver/CH58x_timer1.o
LOAD ./StdPeriphDriver/CH58x_timer2.o
LOAD ./StdPeriphDriver/CH58x_timer3.o
LOAD ./StdPeriphDriver/CH58x_uart0.o
LOAD ./StdPeriphDriver/CH58x_uart1.o
LOAD ./StdPeriphDriver/CH58x_uart2.o
LOAD ./StdPeriphDriver/CH58x_uart3.o
LOAD ./StdPeriphDriver/CH58x_usbdev.o
LOAD ./StdPeriphDriver/CH58x_usbhostBase.o
LOAD ./StdPeriphDriver/CH58x_usbhostClass.o
LOAD ./Startup/startup_CH585.o
LOAD ./SPI/spi.o
LOAD ./SPI/usb_serial.o
LOAD ./Profile/OTAprofile.o
LOAD ./Profile/aes.o
LOAD ./Profile/aes_util.o
LOAD ./Profile/base64.o
LOAD ./Profile/boardcast_data_op.o
LOAD ./Profile/boeinfoservice.o
LOAD ./Profile/xtinfoservice.o
LOAD ./Profile/tdxinfoservice.o
LOAD ./Profile/tdx_image_stream.o
LOAD ./Profile/zlib_image_codec.o
LOAD ./Profile/zlib_image_store.o
LOAD ./Profile/rledecode.o
LOAD ./Profile/util.o
LOAD ./Profile/gattprofile.o
LOAD ./LIB/ble_task_scheduler.o
LOAD ./HAL/MCU.o
LOAD ./HAL/RTC.o
LOAD ./HAL/SLEEP.o
LOAD ./APP/driver/flash/extern_flash.o
LOAD ./APP/driver/flash/inter_flash.o
LOAD ./APP/driver/epd/SPD1657_400_600_color6.o
LOAD ./APP/driver/epd/M009FT_1024_600_color6.o
LOAD ./APP/driver/epd/JD79665_800_480_color4.o
LOAD ./APP/driver/epd/JD79665CA_800_480_color4.o
LOAD ./APP/driver/epd/JD79668A_400_300_color4.o
LOAD ./APP/driver/epd/JD79686BB_800_480_color3.o
LOAD ./APP/driver/epd/SSD1677_960_640_color3.o
LOAD ./APP/driver/epd/SSD1683_272_792_color3.o
LOAD ./APP/driver/epd/SSD1863_400_300_color3.o
LOAD ./APP/driver/epd/UC8279_800_480_color3.o
LOAD ./APP/driver/epd/UC8276_400_300_color3.o
LOAD ./APP/driver/epd/SSD2683_400_300_color4.o
LOAD ./APP/driver/epd/UC8179_800_480_color2.o
LOAD ./APP/driver/epd/SSD1683A_272_792_color2.o
LOAD ./APP/driver/epd/JD79686BB_1360_480_color3.o
LOAD ./APP/driver/epd/JD79686AB_1360_480_color3.o
LOAD ./APP/driver/epd/JD79665_960_640_color4.o
LOAD ./APP/driver/epd/JD79665AA_1360_480_color4.o
LOAD ./APP/driver/epd/JD79665AA_1280_600_color4.o
LOAD ./APP/driver/epd/JD79686AC_1360_480_color3.o
LOAD ./APP/driver/epd/SSD2683ZA_272_792_color4.o
LOAD ./APP/driver/epd/UC8579_1360_480_color4.o
LOAD ./APP/driver/epd/UC8179_800_480_color3.o
LOAD ./APP/api/Display_EPD_W21_spi.o
LOAD ./APP/api/display_api.o
LOAD ./APP/api/epd_busy.o
LOAD ./APP/api/flash_api.o
LOAD ./APP/api/presave_api.o
LOAD ./APP/api/adc_api.o
LOAD ./APP/api/ch583_secure.o
LOAD ./APP/app_uart.o
LOAD ./APP/central.o
LOAD ./APP/epd_product_info.o
LOAD ./APP/factory_selftest.o
LOAD ./APP/peripheral.o
LOAD ./APP/peripheral_main.o
LOAD ./APP/release_uart0.o
LOAD ./APP/release_trace.o
LOAD ./ADC/ADC.o
LOAD F:\project\CH585\project_3\SRC\StdPeriphDriver\libISP585.a
LOAD F:\project\CH585\project_3\BLE\BackupUpgrade_OTA\NFCA_LIB\libCH58x_NFCA.a
LOAD F:\project\CH585\project_3\BLE\LIB\libCH58xBLE.a
LOAD c:/mounriver/mounriver_studio/toolchain/risc-v embedded gcc12/bin/../lib/gcc/riscv-none-elf/12.2.0\libgcc.a
LOAD c:/mounriver/mounriver_studio/toolchain/risc-v embedded gcc12/bin/../lib/gcc/riscv-none-elf/12.2.0/../../../../riscv-none-elf/lib\libg_nano.a
LOAD c:/mounriver/mounriver_studio/toolchain/risc-v embedded gcc12/bin/../lib/gcc/riscv-none-elf/12.2.0/../../../../riscv-none-elf/lib\libc_nano.a
LOAD c:/mounriver/mounriver_studio/toolchain/risc-v embedded gcc12/bin/../lib/gcc/riscv-none-elf/12.2.0\libgcc.a
START GROUP
LOAD c:/mounriver/mounriver_studio/toolchain/risc-v embedded gcc12/bin/../lib/gcc/riscv-none-elf/12.2.0\libgcc.a
LOAD c:/mounriver/mounriver_studio/toolchain/risc-v embedded gcc12/bin/../lib/gcc/riscv-none-elf/12.2.0/../../../../riscv-none-elf/lib\libc_nano.a
LOAD c:/mounriver/mounriver_studio/toolchain/risc-v embedded gcc12/bin/../lib/gcc/riscv-none-elf/12.2.0/../../../../riscv-none-elf/lib\libnosys.a
END GROUP
START GROUP
LOAD c:/mounriver/mounriver_studio/toolchain/risc-v embedded gcc12/bin/../lib/gcc/riscv-none-elf/12.2.0\libgcc.a
LOAD c:/mounriver/mounriver_studio/toolchain/risc-v embedded gcc12/bin/../lib/gcc/riscv-none-elf/12.2.0/../../../../riscv-none-elf/lib\libc_nano.a
LOAD c:/mounriver/mounriver_studio/toolchain/risc-v embedded gcc12/bin/../lib/gcc/riscv-none-elf/12.2.0/../../../../riscv-none-elf/lib\libnosys.a
END GROUP

.init           0x0000000000001000        0x8
                0x0000000000001000                _sinit = .
                0x0000000000001000                . = ALIGN (0x4)
 *(SORT_NONE(.init))
 .init          0x0000000000001000        0x4 ./Startup/startup_CH585.o
                0x0000000000001000                _start
 *(.ImageFlag)
 .ImageFlag     0x0000000000001004        0x4 ./APP/peripheral_main.o
                0x0000000000001004                Image_Flag
 *(.ImageFlag.*)
                0x0000000000001008                . = ALIGN (0x4)
                0x0000000000001008                _einit = .

.highcode_initlalign
                0x0000000000001008        0x0
                0x0000000000001008                . = ALIGN (0x4)
                0x0000000000001008                PROVIDE (_highcode_init_lma = .)

.highcode_init  0x0000000020000000      0x210 load address 0x0000000000001008
                0x0000000020000000                PROVIDE (_highcode_init_vma_start = .)
                0x0000000020000000                . = ALIGN (0x400)
 *(.vector)
 .vector        0x0000000020000000       0xa0 ./Startup/startup_CH585.o
                0x0000000020000000                _vector_base
 *(SORT_NONE(.vector_handler))
 .vector_handler
                0x00000000200000a0        0x2 ./Startup/startup_CH585.o
                0x00000000200000a0                NFC_IRQHandler
                0x00000000200000a0                GPIOB_IRQHandler
                0x00000000200000a0                GPIOA_IRQHandler
                0x00000000200000a0                SysTick_Handler
                0x00000000200000a0                NMI_Handler
                0x00000000200000a0                UART1_IRQHandler
                0x00000000200000a0                BB_IRQHandler
                0x00000000200000a0                Break_Point_Handler
                0x00000000200000a0                TMR0_IRQHandler
                0x00000000200000a0                LED_IRQHandler
                0x00000000200000a0                UART2_IRQHandler
                0x00000000200000a0                ADC_IRQHandler
                0x00000000200000a0                TMR2_IRQHandler
                0x00000000200000a0                USB_IRQHandler
                0x00000000200000a0                I2C_IRQHandler
                0x00000000200000a0                WDOG_BAT_IRQHandler
                0x00000000200000a0                TMR3_IRQHandler
                0x00000000200000a0                SW_Handler
                0x00000000200000a0                SPI0_IRQHandler
                0x00000000200000a0                USB2_HOST_IRQHandler
                0x00000000200000a0                PWMX_SPI1_IRQHandler
                0x00000000200000a0                UART3_IRQHandler
                0x00000000200000a0                USB2_DEVICE_IRQHandler
                0x00000000200000a0                TMR1_IRQHandler
 *(.highcode_init)
 .highcode_init
                0x00000000200000a2       0xbc ./StdPeriphDriver/CH58x_sys.o
                0x00000000200000a2                highcode_init
 .highcode_init
                0x000000002000015e       0xb0 ./Startup/startup_CH585.o
 *(.highcode_init.*)
                0x0000000020000210                . = ALIGN (0x4)
 *fill*         0x000000002000020e        0x2 
                0x0000000020000210                PROVIDE (_highcode_init_vma_end = .)

.highcodelalign
                0x0000000000001218        0x0
                0x0000000000001218                . = ALIGN (0x4)
                0x0000000000001218                PROVIDE (_highcode_lma = .)

.highcode       0x0000000020000210     0x4948 load address 0x0000000000001218
                0x0000000020000210                . = ALIGN (0x4)
                0x0000000020000210                PROVIDE (_highcode_vma_start = .)
 *(.highcode)
 .highcode      0x0000000020000210       0x18 ./StdPeriphDriver/CH58x_clk.o
                0x0000000020000210                RTC_GetCycle32k
 .highcode      0x0000000020000228      0x8dc ./StdPeriphDriver/CH58x_pwr.o
                0x0000000020000228                LowPower_Idle
                0x0000000020000264                LowPower_Halt
                0x0000000020000466                LowPower_Sleep
                0x00000000200006fe                LowPower_Shutdown
                0x0000000020000858                LowPower_Halt_WFE
                0x0000000020000986                LowPower_Sleep_WFE
 .highcode      0x0000000020000b04      0x392 ./StdPeriphDriver/CH58x_sys.o
                0x0000000020000b04                MachineMode_Call_IRQ
                0x0000000020000b18                SetSysClock
                0x0000000020000ce8                MachineMode_Call
                0x0000000020000d50                SYS_ResetExecute
                0x0000000020000da8                SYS_DisableAllIrq
                0x0000000020000dc4                SYS_RecoverIrq
                0x0000000020000dd8                HardFault_Handler
                0x0000000020000e58                mDelayuS
                0x0000000020000e6e                mDelaymS
                0x0000000020000e8c                __wrap_memcpy
 *fill*         0x0000000020000e96        0x2 
 .highcode      0x0000000020000e98       0x4e ./LIB/ble_task_scheduler.o
                0x0000000020000e98                Ecall_U_Mode_Handler
                0x0000000020000e98                Ecall_M_Mode_Handler
 .highcode      0x0000000020000ee6       0x80 ./HAL/RTC.o
                0x0000000020000f0c                RTC_SetTignTime
                0x0000000020000f50                RTC_IRQHandler
 .highcode      0x0000000020000f66      0x186 ./HAL/SLEEP.o
                0x0000000020000f66                CH58x_LowPower
 .highcode      0x00000000200010ec       0x1c ./APP/peripheral_main.o
                0x00000000200010ec                Main_Circulation
 .highcode      0x0000000020001108       0x70 ./APP/release_uart0.o
                0x0000000020001108                UART0_IRQHandler
 *(.highcode.*)
 *fill*         0x0000000020001178        0x0 
 .highcode.LLE_IRQHandler
                0x0000000020001178       0x86 ./LIB/ble_task_scheduler.o
                0x0000000020001178                LLE_IRQHandler
 .highcode.FLASH_ROM_BEG
                0x00000000200011fe       0x12 F:\project\CH585\project_3\SRC\StdPeriphDriver\libISP585.a(ISP585.o)
                0x00000000200011fe                FLASH_ROM_BEG
 .highcode.FLASH_ROM_END
                0x0000000020001210        0xe F:\project\CH585\project_3\SRC\StdPeriphDriver\libISP585.a(ISP585.o)
                0x0000000020001210                FLASH_ROM_END
 .highcode.FLASH_ROM_IN
                0x000000002000121e        0xe F:\project\CH585\project_3\SRC\StdPeriphDriver\libISP585.a(ISP585.o)
                0x000000002000121e                FLASH_ROM_IN
 .highcode.FLASH_ROM_OUT
                0x000000002000122c        0xe F:\project\CH585\project_3\SRC\StdPeriphDriver\libISP585.a(ISP585.o)
                0x000000002000122c                FLASH_ROM_OUT
 .highcode.FLASH_ROM_ADDR
                0x000000002000123a       0x48 F:\project\CH585\project_3\SRC\StdPeriphDriver\libISP585.a(ISP585.o)
                0x000000002000123a                FLASH_ROM_ADDR
 .highcode.FLASH_ROM_WAIT
                0x0000000020001282       0x38 F:\project\CH585\project_3\SRC\StdPeriphDriver\libISP585.a(ISP585.o)
                0x0000000020001282                FLASH_ROM_WAIT
 .highcode.FLASH_EEPROM_CMD
                0x00000000200012ba      0x318 F:\project\CH585\project_3\SRC\StdPeriphDriver\libISP585.a(ISP585.o)
                0x00000000200012ba                FLASH_EEPROM_CMD
 .highcode.tmos_msg_enqueue
                0x00000000200015d2       0x1a F:\project\CH585\project_3\BLE\LIB\libCH58xBLE.a(message.o)
                0x00000000200015d2                tmos_msg_enqueue
 .highcode.tmos_msg_allocate
                0x00000000200015ec       0x62 F:\project\CH585\project_3\BLE\LIB\libCH58xBLE.a(message.o)
                0x00000000200015ec                tmos_msg_allocate
 .highcode.tmos_msg_receive
                0x000000002000164e       0x90 F:\project\CH585\project_3\BLE\LIB\libCH58xBLE.a(message.o)
                0x000000002000164e                tmos_msg_receive
 .highcode.tmos_memcpy
                0x00000000200016de       0x2c F:\project\CH585\project_3\BLE\LIB\libCH58xBLE.a(tmos.o)
                0x00000000200016de                tmos_memcpy
 .highcode.tmos_memcpy_word
                0x000000002000170a       0x3c F:\project\CH585\project_3\BLE\LIB\libCH58xBLE.a(tmos.o)
                0x000000002000170a                tmos_memcpy_word
 .highcode.tmos_memset
                0x0000000020001746       0x32 F:\project\CH585\project_3\BLE\LIB\libCH58xBLE.a(tmos.o)
                0x0000000020001746                tmos_memset
 .highcode.tmos_strlen
                0x0000000020001778       0x30 F:\project\CH585\project_3\BLE\LIB\libCH58xBLE.a(tmos.o)
                0x0000000020001778                tmos_strlen
 .highcode.tmos_memdup
                0x00000000200017a8       0x50 F:\project\CH585\project_3\BLE\LIB\libCH58xBLE.a(tmos.o)
                0x00000000200017a8                tmos_memdup
 .highcode.tmos_memcmp
                0x00000000200017f8       0x4c F:\project\CH585\project_3\BLE\LIB\libCH58xBLE.a(tmos.o)
                0x00000000200017f8                tmos_memcmp
 .highcode.tmos_revmemcpy
                0x0000000020001844       0x36 F:\project\CH585\project_3\BLE\LIB\libCH58xBLE.a(tmos.o)
                0x0000000020001844                tmos_revmemcpy
 .highcode.tmos_isbufset
                0x000000002000187a       0x40 F:\project\CH585\project_3\BLE\LIB\libCH58xBLE.a(tmos.o)
                0x000000002000187a                tmos_isbufset
 .highcode.tmos_proces_system_time
                0x00000000200018ba      0x134 F:\project\CH585\project_3\BLE\LIB\libCH58xBLE.a(tmos.o)
 .highcode.tmos_proces_idle
                0x00000000200019ee      0x172 F:\project\CH585\project_3\BLE\LIB\libCH58xBLE.a(tmos.o)
                0x00000000200019ee                tmos_proces_idle
 .highcode.TMOS_SysRegister
                0x0000000020001b60        0xe F:\project\CH585\project_3\BLE\LIB\libCH58xBLE.a(tmos.o)
                0x0000000020001b60                TMOS_SysRegister
 .highcode.TMOS_ProcessRegister
                0x0000000020001b6e       0x26 F:\project\CH585\project_3\BLE\LIB\libCH58xBLE.a(tmos.o)
                0x0000000020001b6e                TMOS_ProcessRegister
 .highcode.ble_controller_func
                0x0000000020001b94       0x2a F:\project\CH585\project_3\BLE\LIB\libCH58xBLE.a(tmos.o)
                0x0000000020001b94                ble_controller_func
 .highcode.TMOS_SystemProcess
                0x0000000020001bbe      0x17e F:\project\CH585\project_3\BLE\LIB\libCH58xBLE.a(tmos.o)
                0x0000000020001bbe                TMOS_SystemProcess
 .highcode.clockGetHSEValue
                0x0000000020001d3c       0x30 F:\project\CH585\project_3\BLE\LIB\libCH58xBLE.a(tmos_hw.o)
 .highcode.TMOS_IrqProcessRegister
                0x0000000020001d6c        0x6 F:\project\CH585\project_3\BLE\LIB\libCH58xBLE.a(tmos_hw.o)
                0x0000000020001d6c                TMOS_IrqProcessRegister
 .highcode.ll_adv_legacy_ind_tx_process
                0x0000000020001d72       0x72 F:\project\CH585\project_3\BLE\LIB\libCH58xBLE.a(ll_advertise.o)
 .highcode.ll_advertise_tx
                0x0000000020001de4      0x180 F:\project\CH585\project_3\BLE\LIB\libCH58xBLE.a(ll_advertise.o)
 .highcode.llAdvTraverseallChannel
                0x0000000020001f64       0x30 F:\project\CH585\project_3\BLE\LIB\libCH58xBLE.a(ll_advertise.o)
 .highcode.ll_connect_send_data
                0x0000000020001f94       0xf8 F:\project\CH585\project_3\BLE\LIB\libCH58xBLE.a(ll_connect.o)
                0x0000000020001f94                ll_connect_send_data
 .highcode.ll_connect_recv_data
                0x000000002000208c       0xd0 F:\project\CH585\project_3\BLE\LIB\libCH58xBLE.a(ll_connect.o)
                0x000000002000208c                ll_connect_recv_data
 .highcode.ll_connect_event_continue
                0x000000002000215c       0xc2 F:\project\CH585\project_3\BLE\LIB\libCH58xBLE.a(ll_connect.o)
                0x000000002000215c                ll_connect_event_continue
 .highcode.ll_wait_connect_event
                0x000000002000221e        0xe F:\project\CH585\project_3\BLE\LIB\libCH58xBLE.a(ll_connect.o)
                0x000000002000221e                ll_wait_connect_event
 .highcode.ll_process_connect_event
                0x000000002000222c       0x58 F:\project\CH585\project_3\BLE\LIB\libCH58xBLE.a(ll_connect.o)
                0x000000002000222c                ll_process_connect_event
 .highcode.llProcessConnectEvent
                0x0000000020002284       0xce F:\project\CH585\project_3\BLE\LIB\libCH58xBLE.a(ll_connect.o)
 .highcode.LL_HopGetChannel
                0x0000000020002352       0xa4 F:\project\CH585\project_3\BLE\LIB\libCH58xBLE.a(ll_hop.o)
                0x0000000020002352                LL_HopGetChannel
 .highcode.LL_HopGetChannel2
                0x00000000200023f6      0x270 F:\project\CH585\project_3\BLE\LIB\libCH58xBLE.a(ll_hop.o)
                0x00000000200023f6                LL_HopGetChannel2
 .highcode.LL_PeriodicHopGetChannel2
                0x0000000020002666      0x270 F:\project\CH585\project_3\BLE\LIB\libCH58xBLE.a(ll_hop.o)
                0x0000000020002666                LL_PeriodicHopGetChannel2
 .highcode.ll_resolvinglist_checkRPA
                0x00000000200028d6       0x7c F:\project\CH585\project_3\BLE\LIB\libCH58xBLE.a(ll_resolvinglist.o)
                0x00000000200028d6                ll_resolvinglist_checkRPA
 .highcode.LL_ResolvinglistPeerIdentifyAddressGetIrk
                0x0000000020002952       0x4c F:\project\CH585\project_3\BLE\LIB\libCH58xBLE.a(ll_resolvinglist.o)
                0x0000000020002952                LL_ResolvinglistPeerIdentifyAddressGetIrk
 .highcode.LL_ResolvinglistPeerRpaAddressGetIrk
                0x000000002000299e       0x38 F:\project\CH585\project_3\BLE\LIB\libCH58xBLE.a(ll_resolvinglist.o)
                0x000000002000299e                LL_ResolvinglistPeerRpaAddressGetIrk
 .highcode.LL_ResolvinglistLocalRpaAddressGetIrk
                0x00000000200029d6       0x38 F:\project\CH585\project_3\BLE\LIB\libCH58xBLE.a(ll_resolvinglist.o)
                0x00000000200029d6                LL_ResolvinglistLocalRpaAddressGetIrk
 .highcode.ll_scan_duplicate_filter
                0x0000000020002a0e       0x9a F:\project\CH585\project_3\BLE\LIB\libCH58xBLE.a(ll_scan.o)
                0x0000000020002a0e                ll_scan_duplicate_filter
 .highcode.LL_WhitelistLookup
                0x0000000020002aa8       0x46 F:\project\CH585\project_3\BLE\LIB\libCH58xBLE.a(ll_whitelist.o)
                0x0000000020002aa8                LL_WhitelistLookup
 *fill*         0x0000000020002aee        0x2 
 .highcode.ble_controller_scheduler
                0x0000000020002af0        0xa F:\project\CH585\project_3\BLE\LIB\libCH58xBLE.a(ble_task_process.o)
 *fill*         0x0000000020002afa        0x2 
 .highcode.LLE_IRQLibHandler
                0x0000000020002afc       0x36 F:\project\CH585\project_3\BLE\LIB\libCH58xBLE.a(ble_task_process.o)
                0x0000000020002afc                LLE_IRQLibHandler
 .highcode.BB_IRQLibHandler
                0x0000000020002b32       0xe0 F:\project\CH585\project_3\BLE\LIB\libCH58xBLE.a(bb.o)
                0x0000000020002b32                BB_IRQLibHandler
 .highcode.BB_IRQLibFunction
                0x0000000020002c12        0x6 F:\project\CH585\project_3\BLE\LIB\libCH58xBLE.a(bb.o)
                0x0000000020002c12                BB_IRQLibFunction
 .highcode.lleIrqHandler
                0x0000000020002c18      0x12e F:\project\CH585\project_3\BLE\LIB\libCH58xBLE.a(ip.o)
 .highcode.ll_rx_wait_finish
                0x0000000020002d46       0x26 F:\project\CH585\project_3\BLE\LIB\libCH58xBLE.a(ip.o)
                0x0000000020002d46                ll_rx_wait_finish
 .highcode.ble_ll_chkcrc
                0x0000000020002d6c       0x9e F:\project\CH585\project_3\BLE\LIB\libCH58xBLE.a(ip.o)
                0x0000000020002d6c                ble_ll_chkcrc
 .highcode.BLE_SetPHYTxMode
                0x0000000020002e0a       0xaa F:\project\CH585\project_3\BLE\LIB\libCH58xBLE.a(ip.o)
                0x0000000020002e0a                BLE_SetPHYTxMode
 .highcode.ll_tx_wait_finish
                0x0000000020002eb4      0x196 F:\project\CH585\project_3\BLE\LIB\libCH58xBLE.a(ip.o)
                0x0000000020002eb4                ll_tx_wait_finish
 .highcode.BLE_SetPHYRxMode
                0x000000002000304a       0x88 F:\project\CH585\project_3\BLE\LIB\libCH58xBLE.a(ip.o)
                0x000000002000304a                BLE_SetPHYRxMode
 .highcode.LLE_IRQSubHandler
                0x00000000200030d2       0x18 F:\project\CH585\project_3\BLE\LIB\libCH58xBLE.a(lle.o)
                0x00000000200030d2                LLE_IRQSubHandler
 .highcode.RFEND_WaitTune
                0x00000000200030ea       0x2a F:\project\CH585\project_3\BLE\LIB\libCH58xBLE.a(rfend.o)
                0x00000000200030ea                RFEND_WaitTune
 .highcode.tmos_memory_allocate
                0x0000000020003114       0xc6 F:\project\CH585\project_3\BLE\LIB\libCH58xBLE.a(memory.o)
                0x0000000020003114                tmos_memory_allocate
 .highcode.tmos_memory_free
                0x00000000200031da       0xc4 F:\project\CH585\project_3\BLE\LIB\libCH58xBLE.a(memory.o)
                0x00000000200031da                tmos_memory_free
 .highcode.tmos_bm_adjust_header
                0x000000002000329e       0x30 F:\project\CH585\project_3\BLE\LIB\libCH58xBLE.a(memory.o)
                0x000000002000329e                tmos_bm_adjust_header
 .highcode.llProcessPeriEvent
                0x00000000200032ce      0x11c F:\project\CH585\project_3\BLE\LIB\libCH58xBLE.a(ll_periodic .o)
 .highcode.llPeriPawrRx
                0x00000000200033ea      0x22a F:\project\CH585\project_3\BLE\LIB\libCH58xBLE.a(ll_periodic .o)
 *(.highcode_lp)
 .highcode_lp   0x0000000020003614      0x2ba F:\project\CH585\project_3\BLE\LIB\libCH58xBLE.a(tmos.o)
                0x0000000020003614                TMOS_CB_ProcessEvent
                0x0000000020003676                TMOS_CB_PeriodicProcessEvent
                0x00000000200036f4                tmosFindTask
                0x000000002000370e                tmos_start_periodic_callback_task
                0x000000002000380e                tmos_set_event
                0x0000000020003854                tmos_update_periodic_callback_timer
 .highcode_lp   0x00000000200038ce       0x2e F:\project\CH585\project_3\BLE\LIB\libCH58xBLE.a(gattclientapp.o)
                0x00000000200038ce                gattFindClientInfo
 .highcode_lp   0x00000000200038fc       0x6a F:\project\CH585\project_3\BLE\LIB\libCH58xBLE.a(gattservapp.o)
                0x00000000200038fc                gattFindServerInfo
                0x0000000020003920                GATT_FindHandle
 .highcode_lp   0x0000000020003966       0x2e F:\project\CH585\project_3\BLE\LIB\libCH58xBLE.a(linkdb.o)
                0x0000000020003966                linkDB_Find
 .highcode_lp   0x0000000020003994      0x99c F:\project\CH585\project_3\BLE\LIB\libCH58xBLE.a(ll_advertise.o)
                0x0000000020003994                ll_advertise_event_closed
                0x0000000020003b46                ll_advertise_generated_pdu
                0x0000000020003f3a                ll_adv_ext_ind_tx_process
 .highcode_lp   0x0000000020004330      0x60c F:\project\CH585\project_3\BLE\LIB\libCH58xBLE.a(ll_connect.o)
                0x0000000020004330                ll_connect_start_event
                0x00000000200046e8                ll_get_connect_anchorPoint
 .highcode_lp   0x000000002000493c      0x21c F:\project\CH585\project_3\BLE\LIB\libCH58xBLE.a(ip.o)
                0x000000002000493c                BLE_CheckChannel
                0x0000000020004a0a                ble_ll_hw_api_shut
                0x0000000020004a84                phy_status_clear
 *(.highcode_lp.*)
                0x0000000020004b58                . = ALIGN (0x4)
 *fill*         0x0000000020004b58        0x0 
                0x0000000020004b58                PROVIDE (_highcode_vma_end = .)

.text           0x0000000000005b60    0x31808
                0x0000000000005b60                . = ALIGN (0x4)
 *(SORT_NONE(.handle_reset))
 .handle_reset  0x0000000000005b60       0x46 ./Startup/startup_CH585.o
                0x0000000000005b60                handle_reset
 *(.text)
 .text          0x0000000000005ba6       0x16 c:/mounriver/mounriver_studio/toolchain/risc-v embedded gcc12/bin/../lib/gcc/riscv-none-elf/12.2.0/../../../../riscv-none-elf/lib\libg_nano.a(lib_a-memcpy-asm.o)
                0x0000000000005ba6                memcpy
 .text          0x0000000000005bbc       0x10 c:/mounriver/mounriver_studio/toolchain/risc-v embedded gcc12/bin/../lib/gcc/riscv-none-elf/12.2.0/../../../../riscv-none-elf/lib\libg_nano.a(lib_a-memset.o)
                0x0000000000005bbc                memset
 .text          0x0000000000005bcc       0x18 c:/mounriver/mounriver_studio/toolchain/risc-v embedded gcc12/bin/../lib/gcc/riscv-none-elf/12.2.0/../../../../riscv-none-elf/lib\libg_nano.a(lib_a-strcmp.o)
                0x0000000000005bcc                strcmp
 *(.text.*)
 .text.ADC_DataCalib_Rough
                0x0000000000005be4       0x92 ./StdPeriphDriver/CH58x_adc.o
                0x0000000000005be4                ADC_DataCalib_Rough
 .text.ADC_ExtSingleChSampInit
                0x0000000000005c76       0x3c ./StdPeriphDriver/CH58x_adc.o
                0x0000000000005c76                ADC_ExtSingleChSampInit
 .text.ADC_InterTSSampInit
                0x0000000000005cb2       0x34 ./StdPeriphDriver/CH58x_adc.o
                0x0000000000005cb2                ADC_InterTSSampInit
 .text.ADC_ExcutSingleConver
                0x0000000000005ce6       0x32 ./StdPeriphDriver/CH58x_adc.o
                0x0000000000005ce6                ADC_ExcutSingleConver
 .text.HSECFG_Current
                0x0000000000005d18       0x4e ./StdPeriphDriver/CH58x_clk.o
                0x0000000000005d18                HSECFG_Current
 .text.LSECFG_Current
                0x0000000000005d66       0x4e ./StdPeriphDriver/CH58x_clk.o
                0x0000000000005d66                LSECFG_Current
 .text.RTC_InitTime
                0x0000000000005db4      0x1e8 ./StdPeriphDriver/CH58x_clk.o
                0x0000000000005db4                RTC_InitTime
 .text.Calibration_LSI
                0x0000000000005f9c      0x8fe ./StdPeriphDriver/CH58x_clk.o
                0x0000000000005f9c                Calibration_LSI
 .text.RTC_TMRFunCfg
                0x000000000000689a       0x84 ./StdPeriphDriver/CH58x_clk.o
                0x000000000000689a                RTC_TMRFunCfg
 .text.RTC_TRIGFunCfg
                0x000000000000691e       0x6e ./StdPeriphDriver/CH58x_clk.o
                0x000000000000691e                RTC_TRIGFunCfg
 .text.RTC_ModeFunDisable
                0x000000000000698c       0x5c ./StdPeriphDriver/CH58x_clk.o
                0x000000000000698c                RTC_ModeFunDisable
 .text.GPIOA_ModeCfg
                0x00000000000069e8       0x9e ./StdPeriphDriver/CH58x_gpio.o
                0x00000000000069e8                GPIOA_ModeCfg
 .text.GPIOB_ModeCfg
                0x0000000000006a86       0x9e ./StdPeriphDriver/CH58x_gpio.o
                0x0000000000006a86                GPIOB_ModeCfg
 .text.GPIOPinRemap
                0x0000000000006b24       0x1a ./StdPeriphDriver/CH58x_gpio.o
                0x0000000000006b24                GPIOPinRemap
 .text.PWR_DCDCCfg
                0x0000000000006b3e      0x120 ./StdPeriphDriver/CH58x_pwr.o
                0x0000000000006b3e                PWR_DCDCCfg
 .text.SPI0_MasterDefInit_output
                0x0000000000006c5e       0x3e ./StdPeriphDriver/CH58x_spi0.o
                0x0000000000006c5e                SPI0_MasterDefInit_output
 .text.SPI0_CLKCfg
                0x0000000000006c9c       0x2a ./StdPeriphDriver/CH58x_spi0.o
                0x0000000000006c9c                SPI0_CLKCfg
 .text.SPI0_DataMode
                0x0000000000006cc6       0x5a ./StdPeriphDriver/CH58x_spi0.o
                0x0000000000006cc6                SPI0_DataMode
 .text.SPI0_MasterSendByte
                0x0000000000006d20       0x2e ./StdPeriphDriver/CH58x_spi0.o
                0x0000000000006d20                SPI0_MasterSendByte
 .text.SPI0_MasterTrans
                0x0000000000006d4e       0x70 ./StdPeriphDriver/CH58x_spi0.o
                0x0000000000006d4e                SPI0_MasterTrans
 .text.SPI1_MasterDefInit
                0x0000000000006dbe       0x3e ./StdPeriphDriver/CH58x_spi1.o
                0x0000000000006dbe                SPI1_MasterDefInit
 .text.SPI1_DataMode
                0x0000000000006dfc       0x68 ./StdPeriphDriver/CH58x_spi1.o
                0x0000000000006dfc                SPI1_DataMode
 .text.SPI1_MasterSendByte
                0x0000000000006e64       0x24 ./StdPeriphDriver/CH58x_spi1.o
                0x0000000000006e64                SPI1_MasterSendByte
 .text.SPI1_MasterRecvByte
                0x0000000000006e88       0x2a ./StdPeriphDriver/CH58x_spi1.o
                0x0000000000006e88                SPI1_MasterRecvByte
 .text.GetSysClock
                0x0000000000006eb2       0x80 ./StdPeriphDriver/CH58x_sys.o
                0x0000000000006eb2                GetSysClock
 .text.SYS_GetSysTickCnt
                0x0000000000006f32        0x8 ./StdPeriphDriver/CH58x_sys.o
                0x0000000000006f32                SYS_GetSysTickCnt
 .text.WWDG_ResetCfg
                0x0000000000006f3a       0x58 ./StdPeriphDriver/CH58x_sys.o
                0x0000000000006f3a                WWDG_ResetCfg
 .text.WWDG_ClearFlag
                0x0000000000006f92       0x4a ./StdPeriphDriver/CH58x_sys.o
                0x0000000000006f92                WWDG_ClearFlag
 .text._write   0x0000000000006fdc       0x28 ./StdPeriphDriver/CH58x_sys.o
                0x0000000000006fdc                _write
 .text._sbrk    0x0000000000007004       0x2c ./StdPeriphDriver/CH58x_sys.o
                0x0000000000007004                _sbrk
 .text.UART0_BaudRateCfg
                0x0000000000007030       0x30 ./StdPeriphDriver/CH58x_uart0.o
                0x0000000000007030                UART0_BaudRateCfg
 .text.UART0_DefInit
                0x0000000000007060       0x32 ./StdPeriphDriver/CH58x_uart0.o
                0x0000000000007060                UART0_DefInit
 .text.UART0_ByteTrigCfg
                0x0000000000007092       0x1a ./StdPeriphDriver/CH58x_uart0.o
                0x0000000000007092                UART0_ByteTrigCfg
 .text.UART0_INTCfg
                0x00000000000070ac       0x32 ./StdPeriphDriver/CH58x_uart0.o
                0x00000000000070ac                UART0_INTCfg
 .text.UART0_SendString
                0x00000000000070de       0x30 ./StdPeriphDriver/CH58x_uart0.o
                0x00000000000070de                UART0_SendString
 .text.hex_dump
                0x000000000000710e        0x2 ./SPI/spi.o
                0x000000000000710e                hex_dump
 .text.delay_ms
                0x0000000000007110        0x8 ./SPI/spi.o
                0x0000000000007110                delay_ms
 .text.Spi_Write_1byte
                0x0000000000007118        0x2 ./SPI/spi.o
                0x0000000000007118                Spi_Write_1byte
 .text.Set_Spi0_output_init
                0x000000000000711a       0x22 ./SPI/spi.o
                0x000000000000711a                Set_Spi0_output_init
 .text.OTAProfile_WriteAttrCB
                0x000000000000713c       0x84 ./Profile/OTAprofile.o
 .text.OTAProfile_ReadAttrCB
                0x00000000000071c0       0x70 ./Profile/OTAprofile.o
 .text.OTAProfile_AddService
                0x0000000000007230       0x20 ./Profile/OTAprofile.o
                0x0000000000007230                OTAProfile_AddService
 .text.OTAProfile_RegisterAppCBs
                0x0000000000007250        0xe ./Profile/OTAprofile.o
                0x0000000000007250                OTAProfile_RegisterAppCBs
 .text.OTAProfile_SendData
                0x000000000000725e       0x28 ./Profile/OTAprofile.o
                0x000000000000725e                OTAProfile_SendData
 .text.SubWord  0x0000000000007286       0x62 ./Profile/aes.o
                0x0000000000007286                SubWord
 .text.aes_key_setup
                0x00000000000072e8       0xf4 ./Profile/aes.o
                0x00000000000072e8                aes_key_setup
 .text.AddRoundKey
                0x00000000000073dc       0xda ./Profile/aes.o
                0x00000000000073dc                AddRoundKey
 .text.InvSubBytes
                0x00000000000074b6      0x18a ./Profile/aes.o
                0x00000000000074b6                InvSubBytes
 .text.InvShiftRows
                0x0000000000007640       0x62 ./Profile/aes.o
                0x0000000000007640                InvShiftRows
 .text.InvMixColumns
                0x00000000000076a2      0x28c ./Profile/aes.o
                0x00000000000076a2                InvMixColumns
 .text.aes_decrypt
                0x000000000000792e      0x25e ./Profile/aes.o
                0x000000000000792e                aes_decrypt
 .text.decrypt_ecb
                0x0000000000007b8c       0xdc ./Profile/aes_util.o
                0x0000000000007b8c                decrypt_ecb
 .text.verifyUserId
                0x0000000000007c68       0x2c ./Profile/tdxinfoservice.o
 .text.DataCallBack
                0x0000000000007c94       0x82 ./Profile/tdxinfoservice.o
                0x0000000000007c94                DataCallBack
 .text.TdxInfo_HandleConnStatusCB
                0x0000000000007d16       0x64 ./Profile/tdxinfoservice.o
 .text.CustomerInfo_AddService
                0x0000000000007d7a       0x64 ./Profile/tdxinfoservice.o
                0x0000000000007d7a                CustomerInfo_AddService
 .text.ble_send_tdxInfo
                0x0000000000007dde       0x84 ./Profile/tdxinfoservice.o
                0x0000000000007dde                ble_send_tdxInfo
 .text.notitySendFunc.part.0
                0x0000000000007e62       0x6e ./Profile/tdxinfoservice.o
 .text.intBoardCastData
                0x0000000000007ed0      0x1fa ./Profile/tdxinfoservice.o
                0x0000000000007ed0                intBoardCastData
 .text.P_scanModeRspData
                0x00000000000080ca       0x46 ./Profile/tdxinfoservice.o
                0x00000000000080ca                P_scanModeRspData
 .text.P_scanAdcRspData
                0x0000000000008110       0x24 ./Profile/tdxinfoservice.o
                0x0000000000008110                P_scanAdcRspData
 .text.P_scanPreNumRspData
                0x0000000000008134        0x2 ./Profile/tdxinfoservice.o
                0x0000000000008134                P_scanPreNumRspData
 .text.P_scanIsChargeRspData
                0x0000000000008136       0x3c ./Profile/tdxinfoservice.o
                0x0000000000008136                P_scanIsChargeRspData
 .text.receiveGapBroadcastAdData
                0x0000000000008172      0x29c ./Profile/tdxinfoservice.o
                0x0000000000008172                receiveGapBroadcastAdData
 .text.processGapBroadcastAdData
                0x000000000000840e      0x14a ./Profile/tdxinfoservice.o
                0x000000000000840e                processGapBroadcastAdData
 .text.TdxInfo_ClearDisplayBusyProtect
                0x0000000000008558       0x20 ./Profile/tdxinfoservice.o
                0x0000000000008558                TdxInfo_ClearDisplayBusyProtect
 .text.getPresaveImageIndex
                0x0000000000008578       0x5c ./Profile/tdxinfoservice.o
                0x0000000000008578                getPresaveImageIndex
 .text.InitFirstPackage
                0x00000000000085d4       0xa2 ./Profile/tdxinfoservice.o
                0x00000000000085d4                InitFirstPackage
 .text.notitySendEnd
                0x0000000000008676       0x66 ./Profile/tdxinfoservice.o
                0x0000000000008676                notitySendEnd
 .text.tdxInfo_ReadAttrCB
                0x00000000000086dc       0xb2 ./Profile/tdxinfoservice.o
 .text.zlib_receive_fail
                0x000000000000878e       0x7e ./Profile/tdxinfoservice.o
 .text.InitOtherPackage
                0x000000000000880c      0x17a ./Profile/tdxinfoservice.o
                0x000000000000880c                InitOtherPackage
 .text.notifyDeviceBound
                0x0000000000008986       0x56 ./Profile/tdxinfoservice.o
                0x0000000000008986                notifyDeviceBound
 .text.tdxInfo_WriteAttrCB
                0x00000000000089dc      0x8d4 ./Profile/tdxinfoservice.o
 .text.TdxInfo_DisplayBusy
                0x00000000000092b0        0x6 ./Profile/tdxinfoservice.o
                0x00000000000092b0                TdxInfo_DisplayBusy
 .text.TdxInfo_StreamResult
                0x00000000000092b6       0xac ./Profile/tdxinfoservice.o
                0x00000000000092b6                TdxInfo_StreamResult
 .text.elapsed  0x0000000000009362       0x28 ./Profile/tdx_image_stream.o
 .text.pixel_sink
                0x000000000000938a       0x94 ./Profile/tdx_image_stream.o
 .text.schedule.constprop.0
                0x000000000000941e        0xc ./Profile/tdx_image_stream.o
 .text.TIS_Active
                0x000000000000942a        0x6 ./Profile/tdx_image_stream.o
                0x000000000000942a                TIS_Active
 .text.TIS_Locked
                0x0000000000009430       0x1a ./Profile/tdx_image_stream.o
                0x0000000000009430                TIS_Locked
 .text.TIS_HoldPower
                0x000000000000944a       0x38 ./Profile/tdx_image_stream.o
                0x000000000000944a                TIS_HoldPower
 .text.TIS_VolatileImage
                0x0000000000009482        0x6 ./Profile/tdx_image_stream.o
                0x0000000000009482                TIS_VolatileImage
 .text.TIS_InvalidatePanel
                0x0000000000009488        0x6 ./Profile/tdx_image_stream.o
                0x0000000000009488                TIS_InvalidatePanel
 .text.TIS_Connect
                0x000000000000948e       0x38 ./Profile/tdx_image_stream.o
                0x000000000000948e                TIS_Connect
 .text.TIS_UseLarge
                0x00000000000094c6       0x2a ./Profile/tdx_image_stream.o
                0x00000000000094c6                TIS_UseLarge
 .text.TIS_Abort
                0x00000000000094f0       0xca ./Profile/tdx_image_stream.o
                0x00000000000094f0                TIS_Abort
 .text.TIS_Disconnect
                0x00000000000095ba       0x46 ./Profile/tdx_image_stream.o
                0x00000000000095ba                TIS_Disconnect
 .text.TIS_RefreshComplete
                0x0000000000009600       0x1e ./Profile/tdx_image_stream.o
                0x0000000000009600                TIS_RefreshComplete
 .text.TIS_Begin
                0x000000000000961e      0x120 ./Profile/tdx_image_stream.o
                0x000000000000961e                TIS_Begin
 .text.TIS_Push
                0x000000000000973e       0xde ./Profile/tdx_image_stream.o
                0x000000000000973e                TIS_Push
 .text.TIS_Process
                0x000000000000981c      0x38a ./Profile/tdx_image_stream.o
                0x000000000000981c                TIS_Process
 .text.zic_need
                0x0000000000009ba6       0x44 ./Profile/zlib_image_codec.o
 .text.zic_get  0x0000000000009bea       0x2a ./Profile/zlib_image_codec.o
 .text.zic_tree_build
                0x0000000000009c14       0xf2 ./Profile/zlib_image_codec.o
 .text.zic_dynamic_trees
                0x0000000000009d06       0x64 ./Profile/zlib_image_codec.o
 .text.zic_flush
                0x0000000000009d6a       0x64 ./Profile/zlib_image_codec.o
 .text.zic_emit
                0x0000000000009dce       0x98 ./Profile/zlib_image_codec.o
 .text.zic_decode
                0x0000000000009e66       0x90 ./Profile/zlib_image_codec.o
 .text.zic_run  0x0000000000009ef6      0x5de ./Profile/zlib_image_codec.o
 .text.zlib_image_codec_begin
                0x000000000000a4d4       0x5e ./Profile/zlib_image_codec.o
                0x000000000000a4d4                zlib_image_codec_begin
 .text.zlib_image_codec_feed
                0x000000000000a532       0x96 ./Profile/zlib_image_codec.o
                0x000000000000a532                zlib_image_codec_feed
 .text.zlib_image_codec_finish
                0x000000000000a5c8       0xb6 ./Profile/zlib_image_codec.o
                0x000000000000a5c8                zlib_image_codec_finish
 .text.zlib_image_codec_abort
                0x000000000000a67e       0x26 ./Profile/zlib_image_codec.o
                0x000000000000a67e                zlib_image_codec_abort
 .text.zlib_image_codec_pump
                0x000000000000a6a4       0xda ./Profile/zlib_image_codec.o
                0x000000000000a6a4                zlib_image_codec_pump
 .text.write_page
                0x000000000000a77e       0x94 ./Profile/zlib_image_store.o
 .text.zlib_image_store_abort
                0x000000000000a812       0x12 ./Profile/zlib_image_store.o
                0x000000000000a812                zlib_image_store_abort
 .text.zlib_image_store_begin
                0x000000000000a824       0x8e ./Profile/zlib_image_store.o
                0x000000000000a824                zlib_image_store_begin
 .text.zlib_image_store_feed
                0x000000000000a8b2       0xbe ./Profile/zlib_image_store.o
                0x000000000000a8b2                zlib_image_store_feed
 .text.zlib_image_store_finish
                0x000000000000a970       0xa4 ./Profile/zlib_image_store.o
                0x000000000000a970                zlib_image_store_finish
 .text.zlib_image_store_replay
                0x000000000000aa14       0xf4 ./Profile/zlib_image_store.o
                0x000000000000aa14                zlib_image_store_replay
 .text.onByteAnalyzed
                0x000000000000ab08       0x32 ./Profile/rledecode.o
                0x000000000000ab08                onByteAnalyzed
 .text.onBytesAnalyzed
                0x000000000000ab3a       0x6a ./Profile/rledecode.o
                0x000000000000ab3a                onBytesAnalyzed
 .text.checkIfPieceComplete
                0x000000000000aba4      0x10a ./Profile/rledecode.o
                0x000000000000aba4                checkIfPieceComplete
 .text.checkBit
                0x000000000000acae       0x68 ./Profile/rledecode.o
                0x000000000000acae                checkBit
 .text.feed     0x000000000000ad16       0x86 ./Profile/rledecode.o
                0x000000000000ad16                feed
 .text.wind_up  0x000000000000ad9c       0x46 ./Profile/rledecode.o
                0x000000000000ad9c                wind_up
 .text.reverse  0x000000000000ade2       0x24 ./Profile/rledecode.o
                0x000000000000ade2                reverse
 .text.rle_reverse_decrypt
                0x000000000000ae06      0x116 ./Profile/rledecode.o
                0x000000000000ae06                rle_reverse_decrypt
 .text.hexToChar
                0x000000000000af1c       0x1a ./Profile/util.o
                0x000000000000af1c                hexToChar
 .text.convert_number
                0x000000000000af36       0x4c ./Profile/util.o
                0x000000000000af36                convert_number
 .text.getAdcAndWorkMode
                0x000000000000af82       0x24 ./Profile/util.o
                0x000000000000af82                getAdcAndWorkMode
 .text.reverseMac
                0x000000000000afa6       0x22 ./Profile/util.o
                0x000000000000afa6                reverseMac
 .text.reverseData
                0x000000000000afc8       0x26 ./Profile/util.o
                0x000000000000afc8                reverseData
 .text.simpleProfile_WriteAttrCB
                0x000000000000afee       0x98 ./Profile/gattprofile.o
 .text.simpleProfile_ReadAttrCB
                0x000000000000b086       0x90 ./Profile/gattprofile.o
 .text.simpleProfile_HandleConnStatusCB
                0x000000000000b116       0x3e ./Profile/gattprofile.o
 .text.SimpleProfile_AddService
                0x000000000000b154       0x4c ./Profile/gattprofile.o
                0x000000000000b154                SimpleProfile_AddService
 .text.SimpleProfile_RegisterAppCBs
                0x000000000000b1a0        0xe ./Profile/gattprofile.o
                0x000000000000b1a0                SimpleProfile_RegisterAppCBs
 .text.SimpleProfile_SetParameter
                0x000000000000b1ae       0x8c ./Profile/gattprofile.o
                0x000000000000b1ae                SimpleProfile_SetParameter
 .text.SimpleProfile_GetParameter
                0x000000000000b23a       0x58 ./Profile/gattprofile.o
                0x000000000000b23a                SimpleProfile_GetParameter
 .text.Lib_Calibration_LSI
                0x000000000000b292        0x6 ./HAL/MCU.o
                0x000000000000b292                Lib_Calibration_LSI
 .text.Lib_Read_Flash
                0x000000000000b298       0x1c ./HAL/MCU.o
                0x000000000000b298                Lib_Read_Flash
 .text.HAL_GetInterTempValue
                0x000000000000b2b4       0x72 ./HAL/MCU.o
                0x000000000000b2b4                HAL_GetInterTempValue
 .text.HAL_ProcessEvent
                0x000000000000b326       0x74 ./HAL/MCU.o
                0x000000000000b326                HAL_ProcessEvent
 .text.Lib_Write_Flash_584X
                0x000000000000b39a       0x82 ./HAL/MCU.o
                0x000000000000b39a                Lib_Write_Flash_584X
 .text.Lib_Write_Flash
                0x000000000000b41c       0x64 ./HAL/MCU.o
                0x000000000000b41c                Lib_Write_Flash
 .text.CH58x_BLEInit
                0x000000000000b480      0x140 ./HAL/MCU.o
                0x000000000000b480                CH58x_BLEInit
 .text.HAL_Init
                0x000000000000b5c0       0x36 ./HAL/MCU.o
                0x000000000000b5c0                HAL_Init
 .text.HAL_TimeInit
                0x000000000000b5f6       0xd8 ./HAL/RTC.o
                0x000000000000b5f6                HAL_TimeInit
 .text.HAL_SleepInit
                0x000000000000b6ce       0xa0 ./HAL/SLEEP.o
                0x000000000000b6ce                HAL_SleepInit
 .text.Set_Spi1_output_init
                0x000000000000b76e       0x22 ./APP/driver/flash/extern_flash.o
                0x000000000000b76e                Set_Spi1_output_init
 .text.SPI_FLASH_WriteEnable
                0x000000000000b790       0x2a ./APP/driver/flash/extern_flash.o
                0x000000000000b790                SPI_FLASH_WriteEnable
 .text.SPI_Flash_ReadStatusRegister
                0x000000000000b7ba       0x2e ./APP/driver/flash/extern_flash.o
                0x000000000000b7ba                SPI_Flash_ReadStatusRegister
 .text.SPI_FLASH_ReadManuID_DeviceID
                0x000000000000b7e8       0x7a ./APP/driver/flash/extern_flash.o
                0x000000000000b7e8                SPI_FLASH_ReadManuID_DeviceID
 .text.SPI_FLASH_WaitForWriteEnd
                0x000000000000b862       0x42 ./APP/driver/flash/extern_flash.o
                0x000000000000b862                SPI_FLASH_WaitForWriteEnd
 .text.SPI_FLASH_SectorErase
                0x000000000000b8a4       0x6c ./APP/driver/flash/extern_flash.o
                0x000000000000b8a4                SPI_FLASH_SectorErase
 .text.TDX_SPI_FLASH_E_4096Bytes
                0x000000000000b910       0x10 ./APP/driver/flash/extern_flash.o
                0x000000000000b910                TDX_SPI_FLASH_E_4096Bytes
 .text.TDX_SPI_FLASH_W_256Bytes
                0x000000000000b920       0x8e ./APP/driver/flash/extern_flash.o
                0x000000000000b920                TDX_SPI_FLASH_W_256Bytes
 .text.TDX_SPI_FLASH_Read_256Bytes
                0x000000000000b9ae       0x72 ./APP/driver/flash/extern_flash.o
                0x000000000000b9ae                TDX_SPI_FLASH_Read_256Bytes
 .text.Start_Flash_power
                0x000000000000ba20       0x2c ./APP/driver/flash/extern_flash.o
                0x000000000000ba20                Start_Flash_power
 .text.initExternFlashDriver
                0x000000000000ba4c       0x28 ./APP/driver/flash/extern_flash.o
                0x000000000000ba4c                initExternFlashDriver
 .text.deInitExternFlashDriver
                0x000000000000ba74       0x16 ./APP/driver/flash/extern_flash.o
                0x000000000000ba74                deInitExternFlashDriver
 .text.read256DataFromExternFlash
                0x000000000000ba8a        0xc ./APP/driver/flash/extern_flash.o
                0x000000000000ba8a                read256DataFromExternFlash
 .text.eraseExternFLashData
                0x000000000000ba96        0x4 ./APP/driver/flash/extern_flash.o
                0x000000000000ba96                eraseExternFLashData
 .text.EPD_Driver_GetBusyConfig
                0x000000000000ba9a       0x30 ./APP/driver/epd/SPD1657_400_600_color6.o
                0x000000000000ba9a                EPD_Driver_GetBusyConfig
 .text.EPD_Check_Busy
                0x000000000000baca        0xe ./APP/driver/epd/SPD1657_400_600_color6.o
                0x000000000000baca                EPD_Check_Busy
 .text.SPD1657_InitRegisters
                0x000000000000bad8       0xfe ./APP/driver/epd/SPD1657_400_600_color6.o
                0x000000000000bad8                SPD1657_InitRegisters
 .text.Init_EPD_Driver
                0x000000000000bbd6       0x12 ./APP/driver/epd/SPD1657_400_600_color6.o
                0x000000000000bbd6                Init_EPD_Driver
 .text.Display_EPD_Driver
                0x000000000000bbe8       0x38 ./APP/driver/epd/SPD1657_400_600_color6.o
                0x000000000000bbe8                Display_EPD_Driver
 .text.Init_display_Red
                0x000000000000bc20       0x2a ./APP/driver/epd/SPD1657_400_600_color6.o
                0x000000000000bc20                Init_display_Red
 .text.EPD_Display_Time
                0x000000000000bc4a        0x6 ./APP/driver/epd/SPD1657_400_600_color6.o
                0x000000000000bc4a                EPD_Display_Time
 .text.EPD_GetDisplayMaxBuf
                0x000000000000bc50        0xa ./APP/driver/epd/SPD1657_400_600_color6.o
                0x000000000000bc50                EPD_GetDisplayMaxBuf
 .text.EPD_GetScreenType
                0x000000000000bc5a        0x6 ./APP/driver/epd/SPD1657_400_600_color6.o
                0x000000000000bc5a                EPD_GetScreenType
 .text.EPD_W21_WriteCMD
                0x000000000000bc60       0x20 ./APP/api/Display_EPD_W21_spi.o
                0x000000000000bc60                EPD_W21_WriteCMD
 .text.EPD_W21_WriteDATA
                0x000000000000bc80       0x20 ./APP/api/Display_EPD_W21_spi.o
                0x000000000000bc80                EPD_W21_WriteDATA
 .text.ImageColorByte
                0x000000000000bca0       0x30 ./APP/api/display_api.o
 .text.EPD_SetRefreshDeferred
                0x000000000000bcd0        0x6 ./APP/api/display_api.o
                0x000000000000bcd0                EPD_SetRefreshDeferred
 .text.EPD_W21_Reset_Spi2_AB
                0x000000000000bcd6       0x4e ./APP/api/display_api.o
                0x000000000000bcd6                EPD_W21_Reset_Spi2_AB
 .text.EPD_Control_A_Or_B
                0x000000000000bd24       0x5c ./APP/api/display_api.o
                0x000000000000bd24                EPD_Control_A_Or_B
 .text.EPD_W21_Reset
                0x000000000000bd80        0x4 ./APP/api/display_api.o
                0x000000000000bd80                EPD_W21_Reset
 .text.DeviceInit
                0x000000000000bd84       0x42 ./APP/api/display_api.o
                0x000000000000bd84                DeviceInit
 .text.ControlEPDPower
                0x000000000000bdc6       0x4a ./APP/api/display_api.o
                0x000000000000bdc6                ControlEPDPower
 .text.DevicePower
                0x000000000000be10       0x3a ./APP/api/display_api.o
                0x000000000000be10                DevicePower
 .text.Display_EPD_AB
                0x000000000000be4a       0x68 ./APP/api/display_api.o
                0x000000000000be4a                Display_EPD_AB
 .text.PIC_Display_Compress_Data
                0x000000000000beb2      0x16a ./APP/api/display_api.o
                0x000000000000beb2                PIC_Display_Compress_Data
 .text.Display_Picture_To_Color
                0x000000000000c01c      0x1b2 ./APP/api/display_api.o
                0x000000000000c01c                Display_Picture_To_Color
 .text.ImgDataCallBack
                0x000000000000c1ce       0xfe ./APP/api/display_api.o
                0x000000000000c1ce                ImgDataCallBack
 .text.data_decrypt
                0x000000000000c2cc       0x28 ./APP/api/display_api.o
                0x000000000000c2cc                data_decrypt
 .text.cleanDisplayColor
                0x000000000000c2f4       0x42 ./APP/api/display_api.o
                0x000000000000c2f4                cleanDisplayColor
 .text.getRefreshScreenTime
                0x000000000000c336        0x4 ./APP/api/display_api.o
                0x000000000000c336                getRefreshScreenTime
 .text.refreshScreenColor
                0x000000000000c33a        0xc ./APP/api/display_api.o
                0x000000000000c33a                refreshScreenColor
 .text.EPD_StreamRelease
                0x000000000000c346       0x22 ./APP/api/display_api.o
                0x000000000000c346                EPD_StreamRelease
 .text.EPD_StreamPrepare
                0x000000000000c368       0xc2 ./APP/api/display_api.o
                0x000000000000c368                EPD_StreamPrepare
 .text.EPD_StreamFrameBegin
                0x000000000000c42a       0x30 ./APP/api/display_api.o
                0x000000000000c42a                EPD_StreamFrameBegin
 .text.EPD_StreamWrite
                0x000000000000c45a       0x58 ./APP/api/display_api.o
                0x000000000000c45a                EPD_StreamWrite
 .text.EPD_Busy_ModeInputPullup.isra.0
                0x000000000000c4b2       0x20 ./APP/api/epd_busy.o
 .text.EPD_Busy_LoadConfig
                0x000000000000c4d2       0x4e ./APP/api/epd_busy.o
 .text.EPD_Busy_GetStatusByTarget
                0x000000000000c520      0x108 ./APP/api/epd_busy.o
 .text.EPD_Busy_PrepareObserve
                0x000000000000c628       0x34 ./APP/api/epd_busy.o
                0x000000000000c628                EPD_Busy_PrepareObserve
 .text.EPD_Busy_GetCurrentTargetSides
                0x000000000000c65c       0x42 ./APP/api/epd_busy.o
                0x000000000000c65c                EPD_Busy_GetCurrentTargetSides
 .text.EPD_Busy_GetLowPowerTargetSides
                0x000000000000c69e       0x46 ./APP/api/epd_busy.o
                0x000000000000c69e                EPD_Busy_GetLowPowerTargetSides
 .text.EPD_Busy_GetStatus
                0x000000000000c6e4       0x1a ./APP/api/epd_busy.o
                0x000000000000c6e4                EPD_Busy_GetStatus
 .text.EPD_Busy_WaitCurrent
                0x000000000000c6fe      0x14c ./APP/api/epd_busy.o
                0x000000000000c6fe                EPD_Busy_WaitCurrent
 .text.InitFlashDriver
                0x000000000000c84a       0x1c ./APP/api/flash_api.o
                0x000000000000c84a                InitFlashDriver
 .text.DeInitFlashDriver
                0x000000000000c866        0x4 ./APP/api/flash_api.o
                0x000000000000c866                DeInitFlashDriver
 .text.Read256DataFromFlash
                0x000000000000c86a        0x4 ./APP/api/flash_api.o
                0x000000000000c86a                Read256DataFromFlash
 .text.getFlashMaxGroup
                0x000000000000c86e        0x4 ./APP/api/flash_api.o
                0x000000000000c86e                getFlashMaxGroup
 .text.EraseSaveBlock
                0x000000000000c872       0x90 ./APP/api/flash_api.o
                0x000000000000c872                EraseSaveBlock
 .text.CommitZlibSaveBlock
                0x000000000000c902       0x4a ./APP/api/flash_api.o
                0x000000000000c902                CommitZlibSaveBlock
 .text.zlib_panel_sink
                0x000000000000c94c       0x16 ./APP/api/presave_api.o
 .text.checkRoomHaveData
                0x000000000000c962       0x58 ./APP/api/presave_api.o
                0x000000000000c962                checkRoomHaveData
 .text.getPicSaveIndex
                0x000000000000c9ba       0x78 ./APP/api/presave_api.o
                0x000000000000c9ba                getPicSaveIndex
 .text.getPicCurIndex
                0x000000000000ca32       0x62 ./APP/api/presave_api.o
                0x000000000000ca32                getPicCurIndex
 .text.getPicSaveNum
                0x000000000000ca94       0x5a ./APP/api/presave_api.o
                0x000000000000ca94                getPicSaveNum
 .text.clearBoardcastData
                0x000000000000caee       0x3c ./APP/api/presave_api.o
                0x000000000000caee                clearBoardcastData
 .text.initPicSave
                0x000000000000cb2a      0x134 ./APP/api/presave_api.o
                0x000000000000cb2a                initPicSave
 .text.cleanPresaveScreen
                0x000000000000cc5e       0xd6 ./APP/api/presave_api.o
                0x000000000000cc5e                cleanPresaveScreen
 .text.setWorkMode
                0x000000000000cd34       0x74 ./APP/api/presave_api.o
                0x000000000000cd34                setWorkMode
 .text.preSaveDisplayColor
                0x000000000000cda8      0x1f2 ./APP/api/presave_api.o
                0x000000000000cda8                preSaveDisplayColor
 .text.SetLedStatus.part.0
                0x000000000000cf9a       0x24 ./APP/api/adc_api.o
 .text.SetLedStatus
                0x000000000000cfbe       0x7c ./APP/api/adc_api.o
 .text.GetCurrentAdcValue
                0x000000000000d03a       0x2a ./APP/api/adc_api.o
                0x000000000000d03a                GetCurrentAdcValue
 .text.GetCurrentChargeStatus
                0x000000000000d064        0xe ./APP/api/adc_api.o
                0x000000000000d064                GetCurrentChargeStatus
 .text.GetNeedTimeToFull
                0x000000000000d072       0x50 ./APP/api/adc_api.o
                0x000000000000d072                GetNeedTimeToFull
 .text.AdcInit  0x000000000000d0c2       0x8a ./APP/api/adc_api.o
                0x000000000000d0c2                AdcInit
 .text.AdcTask  0x000000000000d14c      0x16e ./APP/api/adc_api.o
                0x000000000000d14c                AdcTask
 .text.key_decrypt
                0x000000000000d2ba       0x48 ./APP/api/ch583_secure.o
                0x000000000000d2ba                key_decrypt
 .text.get_aes_key
                0x000000000000d302       0x16 ./APP/api/ch583_secure.o
                0x000000000000d302                get_aes_key
 .text.write_key_to_epprom
                0x000000000000d318       0x38 ./APP/api/ch583_secure.o
                0x000000000000d318                write_key_to_epprom
 .text.is_illegal_device
                0x000000000000d350       0x90 ./APP/api/ch583_secure.o
                0x000000000000d350                is_illegal_device
 .text.centralRssiCB
                0x000000000000d3e0        0x2 ./APP/central.o
 .text.centralHciMTUChangeCB
                0x000000000000d3e2        0x8 ./APP/central.o
 .text.centralPairStateCB
                0x000000000000d3ea        0x2 ./APP/central.o
 .text.centralPasscodeCB
                0x000000000000d3ec       0x26 ./APP/central.o
 .text.Central_ProcessEvent
                0x000000000000d412      0x1ce ./APP/central.o
                0x000000000000d412                Central_ProcessEvent
 .text.centralEventCB
                0x000000000000d5e0       0x70 ./APP/central.o
 .text.Central_Init
                0x000000000000d650       0xd6 ./APP/central.o
                0x000000000000d650                Central_Init
 .text.Stop_Central_Scan
                0x000000000000d726        0x4 ./APP/central.o
                0x000000000000d726                Stop_Central_Scan
 .text.Start_Central_Scan
                0x000000000000d72a        0xa ./APP/central.o
                0x000000000000d72a                Start_Central_Scan
 .text.Factory_HexNibble
                0x000000000000d734       0x40 ./APP/factory_selftest.o
 .text.Factory_Trim
                0x000000000000d774       0x4e ./APP/factory_selftest.o
 .text.Factory_ParseKey
                0x000000000000d7c2       0x74 ./APP/factory_selftest.o
 .text.Factory_CheckKey
                0x000000000000d836       0x6c ./APP/factory_selftest.o
 .text.FactorySelftest_ProcessEvent
                0x000000000000d8a2       0x32 ./APP/factory_selftest.o
 .text.Factory_WriteText.part.0
                0x000000000000d8d4       0x1e ./APP/factory_selftest.o
 .text.Factory_SendError
                0x000000000000d8f2       0x2c ./APP/factory_selftest.o
 .text.FactorySelftest_OnAppLine
                0x000000000000d91e        0x2 ./APP/factory_selftest.o
                0x000000000000d91e                FactorySelftest_OnAppLine
 .text.FactorySelftest_Init
                0x000000000000d920       0x32 ./APP/factory_selftest.o
                0x000000000000d920                FactorySelftest_Init
 .text.FactorySelftest_ShouldBlockDeepSleep
                0x000000000000d952       0x14 ./APP/factory_selftest.o
                0x000000000000d952                FactorySelftest_ShouldBlockDeepSleep
 .text.FactorySelftest_FastPoll
                0x000000000000d966      0x27c ./APP/factory_selftest.o
                0x000000000000d966                FactorySelftest_FastPoll
 .text.peripheralRssiCB
                0x000000000000dbe2        0x2 ./APP/peripheral.o
 .text.OTA_IAPReadDataComplete
                0x000000000000dbe4        0x2 ./APP/peripheral.o
                0x000000000000dbe4                OTA_IAPReadDataComplete
 .text.OTA_IAPWriteData
                0x000000000000dbe6        0x2 ./APP/peripheral.o
                0x000000000000dbe6                OTA_IAPWriteData
 .text.peripheralStateNotificationCB
                0x000000000000dbe8      0x1a6 ./APP/peripheral.o
 .text.simpleProfileChangeCB
                0x000000000000dd8e       0x1c ./APP/peripheral.o
 .text.peripheralParamUpdateCB
                0x000000000000ddaa       0x5c ./APP/peripheral.o
 .text.Save_Key_EEPROM_Flag
                0x000000000000de06      0x11c ./APP/peripheral.o
                0x000000000000de06                Save_Key_EEPROM_Flag
 .text.Get_Key_EEPROM_Flag
                0x000000000000df22      0x132 ./APP/peripheral.o
                0x000000000000df22                Get_Key_EEPROM_Flag
 .text.Save_EEPROM_Flag
                0x000000000000e054       0x90 ./APP/peripheral.o
                0x000000000000e054                Save_EEPROM_Flag
 .text.Get_EEPROM_Flag
                0x000000000000e0e4       0x58 ./APP/peripheral.o
                0x000000000000e0e4                Get_EEPROM_Flag
 .text.saveCommonImageZip
                0x000000000000e13c       0x42 ./APP/peripheral.o
                0x000000000000e13c                saveCommonImageZip
 .text.getCommonImageZip
                0x000000000000e17e       0x3e ./APP/peripheral.o
                0x000000000000e17e                getCommonImageZip
 .text.setFirstBootFlag
                0x000000000000e1bc       0x1a ./APP/peripheral.o
                0x000000000000e1bc                setFirstBootFlag
 .text.getFirstBootFlag
                0x000000000000e1d6       0x1a ./APP/peripheral.o
                0x000000000000e1d6                getFirstBootFlag
 .text.setUserId
                0x000000000000e1f0       0x36 ./APP/peripheral.o
                0x000000000000e1f0                setUserId
 .text.getUserId
                0x000000000000e226       0x32 ./APP/peripheral.o
                0x000000000000e226                getUserId
 .text.clearUserId
                0x000000000000e258       0x18 ./APP/peripheral.o
                0x000000000000e258                clearUserId
 .text.saveLastRefreshInfo
                0x000000000000e270      0x108 ./APP/peripheral.o
                0x000000000000e270                saveLastRefreshInfo
 .text.getRefreshTimerStatus
                0x000000000000e378       0x50 ./APP/peripheral.o
                0x000000000000e378                getRefreshTimerStatus
 .text.getLastRefreshInfo
                0x000000000000e3c8       0xfe ./APP/peripheral.o
                0x000000000000e3c8                getLastRefreshInfo
 .text.Stop_advertising
                0x000000000000e4c6       0x1c ./APP/peripheral.o
                0x000000000000e4c6                Stop_advertising
 .text.Start_advertising
                0x000000000000e4e2       0x1e ./APP/peripheral.o
                0x000000000000e4e2                Start_advertising
 .text.Peripheral_Init
                0x000000000000e500      0x15c ./APP/peripheral.o
                0x000000000000e500                Peripheral_Init
 .text.OTA_IAP_SendData
                0x000000000000e65c        0xa ./APP/peripheral.o
                0x000000000000e65c                OTA_IAP_SendData
 .text.OTA_IAP_SendCMDDealSta
                0x000000000000e666       0x1a ./APP/peripheral.o
                0x000000000000e666                OTA_IAP_SendCMDDealSta
 .text.Peripheral_ProcessEvent
                0x000000000000e680      0x194 ./APP/peripheral.o
                0x000000000000e680                Peripheral_ProcessEvent
 .text.Rec_OTA_Data
                0x000000000000e814        0x2 ./APP/peripheral.o
                0x000000000000e814                Rec_OTA_Data
 .text.ScheduleNextRefreshTimerSegment
                0x000000000000e816       0x2c ./APP/peripheral_main.o
 .text.low_power_IIO_New
                0x000000000000e842       0xa6 ./APP/peripheral_main.o
                0x000000000000e842                low_power_IIO_New
 .text.Init_GPIO
                0x000000000000e8e8       0x66 ./APP/peripheral_main.o
                0x000000000000e8e8                Init_GPIO
 .text.Save_LastRefresh_Info_To_Flash
                0x000000000000e94e       0xaa ./APP/peripheral_main.o
                0x000000000000e94e                Save_LastRefresh_Info_To_Flash
 .text.Low_Power_RTC
                0x000000000000e9f8       0xa0 ./APP/peripheral_main.o
                0x000000000000e9f8                Low_Power_RTC
 .text.Low_power_IDLE
                0x000000000000ea98      0x152 ./APP/peripheral_main.o
                0x000000000000ea98                Low_power_IDLE
 .text.Low_power
                0x000000000000ebea       0x56 ./APP/peripheral_main.o
                0x000000000000ebea                Low_power
 .text.Main_Event
                0x000000000000ec40      0x53a ./APP/peripheral_main.o
                0x000000000000ec40                Main_Event
 .text.CharToHex
                0x000000000000f17a       0x2a ./APP/peripheral_main.o
                0x000000000000f17a                CharToHex
 .text.Mac_To_Ascii
                0x000000000000f1a4       0x56 ./APP/peripheral_main.o
                0x000000000000f1a4                Mac_To_Ascii
 .text.Init_FirstBootLastRefresh
                0x000000000000f1fa       0x34 ./APP/peripheral_main.o
                0x000000000000f1fa                Init_FirstBootLastRefresh
 .text.Start_LastRefresh
                0x000000000000f22e       0x40 ./APP/peripheral_main.o
                0x000000000000f22e                Start_LastRefresh
 .text.startup.main
                0x000000000000f26e      0x14e ./APP/peripheral_main.o
                0x000000000000f26e                main
 .text.release_uart0_restore_pins
                0x000000000000f3bc       0x2e ./APP/release_uart0.o
                0x000000000000f3bc                release_uart0_restore_pins
 .text.release_uart0_init
                0x000000000000f3ea       0x46 ./APP/release_uart0.o
                0x000000000000f3ea                release_uart0_init
 .text.release_uart0_write
                0x000000000000f430        0xa ./APP/release_uart0.o
                0x000000000000f430                release_uart0_write
 .text.release_uart0_wait_tx_idle
                0x000000000000f43a       0x1a ./APP/release_uart0.o
                0x000000000000f43a                release_uart0_wait_tx_idle
 .text.release_uart0_read
                0x000000000000f454       0x54 ./APP/release_uart0.o
                0x000000000000f454                release_uart0_read
 .text.release_uart0_rx_overflow_count
                0x000000000000f4a8        0x6 ./APP/release_uart0.o
                0x000000000000f4a8                release_uart0_rx_overflow_count
 .text.release_uart0_clear_rx
                0x000000000000f4ae       0x1e ./APP/release_uart0.o
                0x000000000000f4ae                release_uart0_clear_rx
 .text.ip_ms    0x000000000000f4cc       0x22 ./APP/release_trace.o
 .text.release_trace_nibble
                0x000000000000f4ee       0x28 ./APP/release_trace.o
 .text.release_trace_write
                0x000000000000f516        0x4 ./APP/release_trace.o
                0x000000000000f516                release_trace_write
 .text.release_trace_hex8
                0x000000000000f51a       0x1a ./APP/release_trace.o
                0x000000000000f51a                release_trace_hex8
 .text.release_trace_hex32
                0x000000000000f534       0x2c ./APP/release_trace.o
                0x000000000000f534                release_trace_hex32
 .text.IP_Now   0x000000000000f560       0x16 ./APP/release_trace.o
                0x000000000000f560                IP_Now
 .text.ip_begin
                0x000000000000f576       0x3a ./APP/release_trace.o
 .text.IP_Start
                0x000000000000f5b0       0x16 ./APP/release_trace.o
                0x000000000000f5b0                IP_Start
 .text.IP_Diff  0x000000000000f5c6       0x10 ./APP/release_trace.o
                0x000000000000f5c6                IP_Diff
 .text.IP_Value
                0x000000000000f5d6       0x1a ./APP/release_trace.o
                0x000000000000f5d6                IP_Value
 .text.IP_Add   0x000000000000f5f0       0x3c ./APP/release_trace.o
                0x000000000000f5f0                IP_Add
 .text.IP_Toc   0x000000000000f62c       0x22 ./APP/release_trace.o
                0x000000000000f62c                IP_Toc
 .text.IP_Stop  0x000000000000f64e      0x27c ./APP/release_trace.o
                0x000000000000f64e                IP_Stop
 .text.IP_RxEnter
                0x000000000000f8ca       0x62 ./APP/release_trace.o
                0x000000000000f8ca                IP_RxEnter
 .text.IP_RxExit
                0x000000000000f92c       0x50 ./APP/release_trace.o
                0x000000000000f92c                IP_RxExit
 .text.IP_RxDone
                0x000000000000f97c       0x3c ./APP/release_trace.o
                0x000000000000f97c                IP_RxDone
 .text.IP_ZipBytes
                0x000000000000f9b8       0x1a ./APP/release_trace.o
                0x000000000000f9b8                IP_ZipBytes
 .text.IP_Queue
                0x000000000000f9d2       0x2a ./APP/release_trace.o
                0x000000000000f9d2                IP_Queue
 .text.IP_Dequeue
                0x000000000000f9fc       0x32 ./APP/release_trace.o
                0x000000000000f9fc                IP_Dequeue
 .text.IP_ReplayBegin
                0x000000000000fa2e       0x54 ./APP/release_trace.o
                0x000000000000fa2e                IP_ReplayBegin
 .text.IP_ReplayEnd
                0x000000000000fa82       0x6a ./APP/release_trace.o
                0x000000000000fa82                IP_ReplayEnd
 .text.IP_Pixels
                0x000000000000faec        0xa ./APP/release_trace.o
                0x000000000000faec                IP_Pixels
 .text.IP_SpiCall
                0x000000000000faf6       0x2a ./APP/release_trace.o
                0x000000000000faf6                IP_SpiCall
 .text.IP_Refresh
                0x000000000000fb20       0x32 ./APP/release_trace.o
                0x000000000000fb20                IP_Refresh
 .text.IP_BusySeen
                0x000000000000fb52       0x38 ./APP/release_trace.o
                0x000000000000fb52                IP_BusySeen
 .text.IP_BusyDone
                0x000000000000fb8a       0x4c ./APP/release_trace.o
                0x000000000000fb8a                IP_BusyDone
 .text.IP_Tail  0x000000000000fbd6       0x36 ./APP/release_trace.o
                0x000000000000fbd6                IP_Tail
 .text.IP_FinishTail
                0x000000000000fc0c       0x32 ./APP/release_trace.o
                0x000000000000fc0c                IP_FinishTail
 .text.IP_Disconnect
                0x000000000000fc3e       0x22 ./APP/release_trace.o
                0x000000000000fc3e                IP_Disconnect
 .text.IP_FlowFreeze
                0x000000000000fc60       0x42 ./APP/release_trace.o
                0x000000000000fc60                IP_FlowFreeze
 .text.IP_FlowReport
                0x000000000000fca2      0x166 ./APP/release_trace.o
                0x000000000000fca2                IP_FlowReport
 .text.ADC      0x000000000000fe08      0x140 ./ADC/ADC.o
                0x000000000000fe08                ADC
 .text.tmos_msg_extract
                0x000000000000ff48       0x1e F:\project\CH585\project_3\BLE\LIB\libCH58xBLE.a(message.o)
                0x000000000000ff48                tmos_msg_extract
 .text.tmos_msg_deallocate
                0x000000000000ff66       0x52 F:\project\CH585\project_3\BLE\LIB\libCH58xBLE.a(message.o)
                0x000000000000ff66                tmos_msg_deallocate
 .text.tmos_msg_send
                0x000000000000ffb8       0x9e F:\project\CH585\project_3\BLE\LIB\libCH58xBLE.a(message.o)
                0x000000000000ffb8                tmos_msg_send
 .text.tmos_msg_init
                0x0000000000010056        0x6 F:\project\CH585\project_3\BLE\LIB\libCH58xBLE.a(message.o)
                0x0000000000010056                tmos_msg_init
 .text.tmos_rand
                0x000000000001005c       0x66 F:\project\CH585\project_3\BLE\LIB\libCH58xBLE.a(tmos.o)
                0x000000000001005c                tmos_rand
 .text.tmos_clear_event
                0x00000000000100c2       0x40 F:\project\CH585\project_3\BLE\LIB\libCH58xBLE.a(tmos.o)
                0x00000000000100c2                tmos_clear_event
 .text.tmos_update_callback_timer
                0x0000000000010102       0xd8 F:\project\CH585\project_3\BLE\LIB\libCH58xBLE.a(tmos.o)
                0x0000000000010102                tmos_update_callback_timer
 .text.tmos_start_task
                0x00000000000101da      0x14c F:\project\CH585\project_3\BLE\LIB\libCH58xBLE.a(tmos.o)
                0x00000000000101da                tmos_start_task
 .text.tmos_start_callback_task
                0x0000000000010326       0xc0 F:\project\CH585\project_3\BLE\LIB\libCH58xBLE.a(tmos.o)
                0x0000000000010326                tmos_start_callback_task
 .text.tmos_start_reload_task
                0x00000000000103e6       0x82 F:\project\CH585\project_3\BLE\LIB\libCH58xBLE.a(tmos.o)
                0x00000000000103e6                tmos_start_reload_task
 .text.tmos_stop_task
                0x0000000000010468       0x96 F:\project\CH585\project_3\BLE\LIB\libCH58xBLE.a(tmos.o)
                0x0000000000010468                tmos_stop_task
 .text.tmos_stop_callback_task
                0x00000000000104fe       0x7e F:\project\CH585\project_3\BLE\LIB\libCH58xBLE.a(tmos.o)
                0x00000000000104fe                tmos_stop_callback_task
 .text.tmos_get_task_timer
                0x000000000001057c       0x7e F:\project\CH585\project_3\BLE\LIB\libCH58xBLE.a(tmos.o)
                0x000000000001057c                tmos_get_task_timer
 .text.TMOS_TimerRegister
                0x00000000000105fa       0x1a F:\project\CH585\project_3\BLE\LIB\libCH58xBLE.a(tmos.o)
                0x00000000000105fa                TMOS_TimerRegister
 .text.TMOS_Init
                0x0000000000010614      0x10c F:\project\CH585\project_3\BLE\LIB\libCH58xBLE.a(tmos.o)
                0x0000000000010614                TMOS_Init
 .text.TMOS_ProcessEventRegister
                0x0000000000010720       0x2a F:\project\CH585\project_3\BLE\LIB\libCH58xBLE.a(tmos.o)
                0x0000000000010720                TMOS_ProcessEventRegister
 .text.BLE_LibInit
                0x000000000001074a       0xf6 F:\project\CH585\project_3\BLE\LIB\libCH58xBLE.a(tmos.o)
                0x000000000001074a                BLE_LibInit
 .text.clockGetTickValve
                0x0000000000010840       0x80 F:\project\CH585\project_3\BLE\LIB\libCH58xBLE.a(tmos_hw.o)
 .text.ll_get_sca_divisor
                0x00000000000108c0       0x40 F:\project\CH585\project_3\BLE\LIB\libCH58xBLE.a(tmos_hw.o)
                0x00000000000108c0                ll_get_sca_divisor
 .text.ll_get_sca_own
                0x0000000000010900       0x46 F:\project\CH585\project_3\BLE\LIB\libCH58xBLE.a(tmos_hw.o)
                0x0000000000010900                ll_get_sca_own
 .text.ble_ll_common_rand8
                0x0000000000010946       0x28 F:\project\CH585\project_3\BLE\LIB\libCH58xBLE.a(tmos_hw.o)
                0x0000000000010946                ble_ll_common_rand8
 .text.ble_ll_common_rand16
                0x000000000001096e       0x28 F:\project\CH585\project_3\BLE\LIB\libCH58xBLE.a(tmos_hw.o)
                0x000000000001096e                ble_ll_common_rand16
 .text.ble_ll_common_rand32
                0x0000000000010996       0x22 F:\project\CH585\project_3\BLE\LIB\libCH58xBLE.a(tmos_hw.o)
                0x0000000000010996                ble_ll_common_rand32
 .text.TMOS_TempSample
                0x00000000000109b8       0x5c F:\project\CH585\project_3\BLE\LIB\libCH58xBLE.a(tmos_hw.o)
                0x00000000000109b8                TMOS_TempSample
 .text.TMOS_TimerInit
                0x0000000000010a14       0xe2 F:\project\CH585\project_3\BLE\LIB\libCH58xBLE.a(tmos_hw.o)
                0x0000000000010a14                TMOS_TimerInit
 .text.tmos_snv_init
                0x0000000000010af6       0xa6 F:\project\CH585\project_3\BLE\LIB\libCH58xBLE.a(tmos_snv.o)
                0x0000000000010af6                tmos_snv_init
 .text.tmos_snv_read
                0x0000000000010b9c      0x20e F:\project\CH585\project_3\BLE\LIB\libCH58xBLE.a(tmos_snv.o)
                0x0000000000010b9c                tmos_snv_read
 .text.tmos_snv_notify
                0x0000000000010daa       0x54 F:\project\CH585\project_3\BLE\LIB\libCH58xBLE.a(tmos_snv.o)
                0x0000000000010daa                tmos_snv_notify
 .text.tmos_snv_write
                0x0000000000010dfe      0x25e F:\project\CH585\project_3\BLE\LIB\libCH58xBLE.a(tmos_snv.o)
                0x0000000000010dfe                tmos_snv_write
 .text.tmos_snv_compact
                0x000000000001105c        0x4 F:\project\CH585\project_3\BLE\LIB\libCH58xBLE.a(tmos_snv.o)
                0x000000000001105c                tmos_snv_compact
 .text.disconnectNext
                0x0000000000011060       0x20 F:\project\CH585\project_3\BLE\LIB\libCH58xBLE.a(gap.o)
 .text.GAP_ParamInit
                0x0000000000011080       0xec F:\project\CH585\project_3\BLE\LIB\libCH58xBLE.a(gap.o)
                0x0000000000011080                GAP_ParamInit
 .text.sendTerminateEvent
                0x000000000001116c       0x62 F:\project\CH585\project_3\BLE\LIB\libCH58xBLE.a(gap.o)
                0x000000000001116c                sendTerminateEvent
 .text.gapRegisterCentral
                0x00000000000111ce        0x6 F:\project\CH585\project_3\BLE\LIB\libCH58xBLE.a(gap.o)
                0x00000000000111ce                gapRegisterCentral
 .text.gapRegisterCentralConn
                0x00000000000111d4        0x6 F:\project\CH585\project_3\BLE\LIB\libCH58xBLE.a(gap.o)
                0x00000000000111d4                gapRegisterCentralConn
 .text.gapRegisterPeripheral
                0x00000000000111da        0x6 F:\project\CH585\project_3\BLE\LIB\libCH58xBLE.a(gap.o)
                0x00000000000111da                gapRegisterPeripheral
 .text.gapRegisterPeripheralConn
                0x00000000000111e0        0x6 F:\project\CH585\project_3\BLE\LIB\libCH58xBLE.a(gap.o)
                0x00000000000111e0                gapRegisterPeripheralConn
 .text.smGenerateRandBuf
                0x00000000000111e6       0x54 F:\project\CH585\project_3\BLE\LIB\libCH58xBLE.a(gap.o)
                0x00000000000111e6                smGenerateRandBuf
 .text.gapL2capConnParamUpdateReq
                0x000000000001123a       0x34 F:\project\CH585\project_3\BLE\LIB\libCH58xBLE.a(gap.o)
                0x000000000001123a                gapL2capConnParamUpdateReq
 .text.gapValidADType
                0x000000000001126e       0x16 F:\project\CH585\project_3\BLE\LIB\libCH58xBLE.a(gap.o)
                0x000000000001126e                gapValidADType
 .text.gapFindADType
                0x0000000000011284       0x8c F:\project\CH585\project_3\BLE\LIB\libCH58xBLE.a(gap.o)
                0x0000000000011284                gapFindADType
 .text.GAP_SecParamsInit
                0x0000000000011310       0x9a F:\project\CH585\project_3\BLE\LIB\libCH58xBLE.a(gap.o)
                0x0000000000011310                GAP_SecParamsInit
 .text.GAP_ParamsInit
                0x00000000000113aa       0x54 F:\project\CH585\project_3\BLE\LIB\libCH58xBLE.a(gap.o)
                0x00000000000113aa                GAP_ParamsInit
 .text.gapAddAddrAdj
                0x00000000000113fe       0x3a F:\project\CH585\project_3\BLE\LIB\libCH58xBLE.a(gap.o)
                0x00000000000113fe                gapAddAddrAdj
 .text.gapDetermineAddrType
                0x0000000000011438       0x26 F:\project\CH585\project_3\BLE\LIB\libCH58xBLE.a(gap.o)
                0x0000000000011438                gapDetermineAddrType
 .text.gapFreeAuthLink
                0x000000000001145e       0x4a F:\project\CH585\project_3\BLE\LIB\libCH58xBLE.a(gap.o)
                0x000000000001145e                gapFreeAuthLink
 .text.gapGetDevAddress
                0x00000000000114a8       0x24 F:\project\CH585\project_3\BLE\LIB\libCH58xBLE.a(gap.o)
                0x00000000000114a8                gapGetDevAddress
 .text.gapGetDevAddressMode
                0x00000000000114cc        0xa F:\project\CH585\project_3\BLE\LIB\libCH58xBLE.a(gap.o)
                0x00000000000114cc                gapGetDevAddressMode
 .text.gapGetIRK
                0x00000000000114d6        0xa F:\project\CH585\project_3\BLE\LIB\libCH58xBLE.a(gap.o)
                0x00000000000114d6                gapGetIRK
 .text.gapGetSRK
                0x00000000000114e0        0xa F:\project\CH585\project_3\BLE\LIB\libCH58xBLE.a(gap.o)
                0x00000000000114e0                gapGetSRK
 .text.gapGetSignCounter
                0x00000000000114ea        0xc F:\project\CH585\project_3\BLE\LIB\libCH58xBLE.a(gap.o)
                0x00000000000114ea                gapGetSignCounter
 .text.gapIncSignCounter
                0x00000000000114f6       0x26 F:\project\CH585\project_3\BLE\LIB\libCH58xBLE.a(gap.o)
                0x00000000000114f6                gapIncSignCounter
 .text.gapProcessConnEvt
                0x000000000001151c       0x3e F:\project\CH585\project_3\BLE\LIB\libCH58xBLE.a(gap.o)
                0x000000000001151c                gapProcessConnEvt
 .text.gapProcessDisconnectCompleteEvt
                0x000000000001155a       0xa2 F:\project\CH585\project_3\BLE\LIB\libCH58xBLE.a(gap.o)
                0x000000000001155a                gapProcessDisconnectCompleteEvt
 .text.sendAuthEvent
                0x00000000000115fc      0x12a F:\project\CH585\project_3\BLE\LIB\libCH58xBLE.a(gap.o)
                0x00000000000115fc                sendAuthEvent
 .text.gapSendBondCompleteEvent
                0x0000000000011726       0x78 F:\project\CH585\project_3\BLE\LIB\libCH58xBLE.a(gap.o)
                0x0000000000011726                gapSendBondCompleteEvent
 .text.gapSendPairingReqEvent
                0x000000000001179e       0xb2 F:\project\CH585\project_3\BLE\LIB\libCH58xBLE.a(gap.o)
                0x000000000001179e                gapSendPairingReqEvent
 .text.gapSendSlaveSecurityReqEvent
                0x0000000000011850       0x6c F:\project\CH585\project_3\BLE\LIB\libCH58xBLE.a(gap.o)
                0x0000000000011850                gapSendSlaveSecurityReqEvent
 .text.gapSendDeviceInitDoneEvent
                0x00000000000118bc       0x74 F:\project\CH585\project_3\BLE\LIB\libCH58xBLE.a(gap.o)
                0x00000000000118bc                gapSendDeviceInitDoneEvent
 .text.gapSendLinkUpdateEvent
                0x0000000000011930       0xb0 F:\project\CH585\project_3\BLE\LIB\libCH58xBLE.a(gap.o)
                0x0000000000011930                gapSendLinkUpdateEvent
 .text.gapSendPhyUpdateEvent
                0x00000000000119e0       0x4c F:\project\CH585\project_3\BLE\LIB\libCH58xBLE.a(gap.o)
                0x00000000000119e0                gapSendPhyUpdateEvent
 .text.gapSendPeriodicAdvSyncTransferReceivedEvent
                0x0000000000011a2c       0x92 F:\project\CH585\project_3\BLE\LIB\libCH58xBLE.a(gap.o)
                0x0000000000011a2c                gapSendPeriodicAdvSyncTransferReceivedEvent
 .text.gapSendEstLinkEvent
                0x0000000000011abe       0x8a F:\project\CH585\project_3\BLE\LIB\libCH58xBLE.a(gap.o)
                0x0000000000011abe                gapSendEstLinkEvent
 .text.gapProcessNewAddr
                0x0000000000011b48       0x44 F:\project\CH585\project_3\BLE\LIB\libCH58xBLE.a(gap.o)
                0x0000000000011b48                gapProcessNewAddr
 .text.gapProcessRandomAddrComplete
                0x0000000000011b8c       0x82 F:\project\CH585\project_3\BLE\LIB\libCH58xBLE.a(gap.o)
                0x0000000000011b8c                gapProcessRandomAddrComplete
 .text.GAP_Authenticate
                0x0000000000011c0e       0xe0 F:\project\CH585\project_3\BLE\LIB\libCH58xBLE.a(gap.o)
                0x0000000000011c0e                GAP_Authenticate
 .text.GAP_Bond
                0x0000000000011cee       0xa4 F:\project\CH585\project_3\BLE\LIB\libCH58xBLE.a(gap.o)
                0x0000000000011cee                GAP_Bond
 .text.GAP_GetParamValue
                0x0000000000011d92       0x1e F:\project\CH585\project_3\BLE\LIB\libCH58xBLE.a(gap.o)
                0x0000000000011d92                GAP_GetParamValue
 .text.GAP_PasscodeUpdate
                0x0000000000011db0       0x54 F:\project\CH585\project_3\BLE\LIB\libCH58xBLE.a(gap.o)
                0x0000000000011db0                GAP_PasscodeUpdate
 .text.GAP_RegisterForMsgs
                0x0000000000011e04        0xa F:\project\CH585\project_3\BLE\LIB\libCH58xBLE.a(gap.o)
                0x0000000000011e04                GAP_RegisterForMsgs
 .text.GAP_ResolvePrivateAddr
                0x0000000000011e0e        0x4 F:\project\CH585\project_3\BLE\LIB\libCH58xBLE.a(gap.o)
                0x0000000000011e0e                GAP_ResolvePrivateAddr
 .text.gapPairingCompleteCB
                0x0000000000011e12      0x1de F:\project\CH585\project_3\BLE\LIB\libCH58xBLE.a(gap.o)
                0x0000000000011e12                gapPairingCompleteCB
 .text.gapPasskeyNeededCB
                0x0000000000011ff0       0x8e F:\project\CH585\project_3\BLE\LIB\libCH58xBLE.a(gap.o)
                0x0000000000011ff0                gapPasskeyNeededCB
 .text.gapOobNeededCB
                0x000000000001207e       0xac F:\project\CH585\project_3\BLE\LIB\libCH58xBLE.a(gap.o)
                0x000000000001207e                gapOobNeededCB
 .text.gapFreeEstLink
                0x000000000001212a       0x1e F:\project\CH585\project_3\BLE\LIB\libCH58xBLE.a(gap.o)
                0x000000000001212a                gapFreeEstLink
 .text.gapUpdateConnSignCounter
                0x0000000000012148       0x7a F:\project\CH585\project_3\BLE\LIB\libCH58xBLE.a(gap.o)
                0x0000000000012148                gapUpdateConnSignCounter
 .text.GAP_SendSlaveSecurityRequest
                0x00000000000121c2       0x4a F:\project\CH585\project_3\BLE\LIB\libCH58xBLE.a(gap.o)
                0x00000000000121c2                GAP_SendSlaveSecurityRequest
 .text.GAP_Signable
                0x000000000001220c       0x6a F:\project\CH585\project_3\BLE\LIB\libCH58xBLE.a(gap.o)
                0x000000000001220c                GAP_Signable
 .text.GAP_TerminateAuth
                0x0000000000012276       0x2e F:\project\CH585\project_3\BLE\LIB\libCH58xBLE.a(gap.o)
                0x0000000000012276                GAP_TerminateAuth
 .text.GAP_NumActiveConnections
                0x00000000000122a4        0x4 F:\project\CH585\project_3\BLE\LIB\libCH58xBLE.a(gap.o)
                0x00000000000122a4                GAP_NumActiveConnections
 .text.GAP_TerminateLinkReq
                0x00000000000122a8       0x88 F:\project\CH585\project_3\BLE\LIB\libCH58xBLE.a(gap.o)
                0x00000000000122a8                GAP_TerminateLinkReq
 .text.GAP_SetParamValue
                0x0000000000012330       0x6a F:\project\CH585\project_3\BLE\LIB\libCH58xBLE.a(gap.o)
                0x0000000000012330                GAP_SetParamValue
 .text.GAP_Init
                0x000000000001239a       0x42 F:\project\CH585\project_3\BLE\LIB\libCH58xBLE.a(gap.o)
                0x000000000001239a                GAP_Init
 .text.GAP_ProcessEvent
                0x00000000000123dc      0x5e8 F:\project\CH585\project_3\BLE\LIB\libCH58xBLE.a(gap.o)
                0x00000000000123dc                GAP_ProcessEvent
 .text.gapSendScanEnable
                0x00000000000129c4       0x3a F:\project\CH585\project_3\BLE\LIB\libCH58xBLE.a(gap_central.o)
 .text.gapCentProcessConnEvt
                0x00000000000129fe      0x150 F:\project\CH585\project_3\BLE\LIB\libCH58xBLE.a(gap_central.o)
                0x00000000000129fe                gapCentProcessConnEvt
 .text.gapProcessScanningPeriodicAdvEvt
                0x0000000000012b4e       0x8a F:\project\CH585\project_3\BLE\LIB\libCH58xBLE.a(gap_central.o)
                0x0000000000012b4e                gapProcessScanningPeriodicAdvEvt
 .text.gapCancelLinkReq
                0x0000000000012bd8       0x32 F:\project\CH585\project_3\BLE\LIB\libCH58xBLE.a(gap_central.o)
                0x0000000000012bd8                gapCancelLinkReq
 .text.gapProcessAdvertDevInfo
                0x0000000000012c0a      0x20c F:\project\CH585\project_3\BLE\LIB\libCH58xBLE.a(gap_central.o)
                0x0000000000012c0a                gapProcessAdvertDevInfo
 .text.gapProcessExtAdvertDevInfo
                0x0000000000012e16      0x234 F:\project\CH585\project_3\BLE\LIB\libCH58xBLE.a(gap_central.o)
                0x0000000000012e16                gapProcessExtAdvertDevInfo
 .text.gapProcessPeriodicAdvertisingSyncEstablishedEvt
                0x000000000001304a       0xa0 F:\project\CH585\project_3\BLE\LIB\libCH58xBLE.a(gap_central.o)
                0x000000000001304a                gapProcessPeriodicAdvertisingSyncEstablishedEvt
 .text.gapProcessPeriodicAdvertisingSyncLostEvt
                0x00000000000130ea       0x52 F:\project\CH585\project_3\BLE\LIB\libCH58xBLE.a(gap_central.o)
                0x00000000000130ea                gapProcessPeriodicAdvertisingSyncLostEvt
 .text.gapFreeScanRecs
                0x000000000001313c       0xa2 F:\project\CH585\project_3\BLE\LIB\libCH58xBLE.a(gap_central.o)
                0x000000000001313c                gapFreeScanRecs
 .text.gapSendDevDiscEvent
                0x00000000000131de      0x128 F:\project\CH585\project_3\BLE\LIB\libCH58xBLE.a(gap_central.o)
                0x00000000000131de                gapSendDevDiscEvent
 .text.gapSetScanParamStatus
                0x0000000000013306       0x54 F:\project\CH585\project_3\BLE\LIB\libCH58xBLE.a(gap_central.o)
 .text.gapCentProcessHCICmdEvt
                0x000000000001335a       0x3a F:\project\CH585\project_3\BLE\LIB\libCH58xBLE.a(gap_central.o)
                0x000000000001335a                gapCentProcessHCICmdEvt
 .text.gapProcessScanningEvt
                0x0000000000013394       0xec F:\project\CH585\project_3\BLE\LIB\libCH58xBLE.a(gap_central.o)
                0x0000000000013394                gapProcessScanningEvt
 .text.gapProcessScanningDirectEvt
                0x0000000000013480       0xf0 F:\project\CH585\project_3\BLE\LIB\libCH58xBLE.a(gap_central.o)
                0x0000000000013480                gapProcessScanningDirectEvt
 .text.gapProcessScanningExtAdvEvt
                0x0000000000013570      0x276 F:\project\CH585\project_3\BLE\LIB\libCH58xBLE.a(gap_central.o)
                0x0000000000013570                gapProcessScanningExtAdvEvt
 .text.GAP_DeviceDiscoveryCancel
                0x00000000000137e6       0x38 F:\project\CH585\project_3\BLE\LIB\libCH58xBLE.a(gap_central.o)
                0x00000000000137e6                GAP_DeviceDiscoveryCancel
 .text.GAP_DeviceDiscoveryRequest
                0x000000000001381e       0xc8 F:\project\CH585\project_3\BLE\LIB\libCH58xBLE.a(gap_central.o)
                0x000000000001381e                GAP_DeviceDiscoveryRequest
 .text.GAP_CentConnRegister
                0x00000000000138e6       0x16 F:\project\CH585\project_3\BLE\LIB\libCH58xBLE.a(gap_central.o)